[  0%] Built target cpu_compiled_preamble
[  0%] Built target mlx_version
[  0%] Built target gguflib
[  0%] Generating shaders/elementwise_f32.spv
[  0%] Generating shaders/elementwise_bf16.spv
[  0%] Generating shaders/elementwise_f16.spv
[  0%] Generating shaders/cast_bool_f32.spv
/home/joshuawarren/.config/superpowers/worktrees/mlx-omarchy/PrefillQmm/.work/mlx/mlx/backend/omarchy/shaders/cast.comp
[  0%] Generating shaders/cast_bool_i32.spv
/home/joshuawarren/.config/superpowers/worktrees/mlx-omarchy/PrefillQmm/.work/mlx/mlx/backend/omarchy/shaders/elementwise.comp
/home/joshuawarren/.config/superpowers/worktrees/mlx-omarchy/PrefillQmm/.work/mlx/mlx/backend/omarchy/shaders/elementwise.comp
/home/joshuawarren/.config/superpowers/worktrees/mlx-omarchy/PrefillQmm/.work/mlx/mlx/backend/omarchy/shaders/elementwise.comp
[  0%] Generating shaders/cast_bool_f16.spv
[  0%] Generating shaders/cast_bool_bf16.spv
[  1%] Generating shaders/cast_f16_f32.spv
/home/joshuawarren/.config/superpowers/worktrees/mlx-omarchy/PrefillQmm/.work/mlx/mlx/backend/omarchy/shaders/cast.comp
[  1%] Generating shaders/cast_f32_f16.spv
/home/joshuawarren/.config/superpowers/worktrees/mlx-omarchy/PrefillQmm/.work/mlx/mlx/backend/omarchy/shaders/cast.comp
/home/joshuawarren/.config/superpowers/worktrees/mlx-omarchy/PrefillQmm/.work/mlx/mlx/backend/omarchy/shaders/cast.comp
/home/joshuawarren/.config/superpowers/worktrees/mlx-omarchy/PrefillQmm/.work/mlx/mlx/backend/omarchy/shaders/cast.comp
[  2%] Generating shaders/cast_bf16_f32.spv
[  2%] Generating shaders/cast_f32_bf16.spv
[  2%] Generating shaders/cast_bf16_f16.spv
/home/joshuawarren/.config/superpowers/worktrees/mlx-omarchy/PrefillQmm/.work/mlx/mlx/backend/omarchy/shaders/cast.comp
[  2%] Generating shaders/cast_f16_bf16.spv
/home/joshuawarren/.config/superpowers/worktrees/mlx-omarchy/PrefillQmm/.work/mlx/mlx/backend/omarchy/shaders/cast.comp
/home/joshuawarren/.config/superpowers/worktrees/mlx-omarchy/PrefillQmm/.work/mlx/mlx/backend/omarchy/shaders/cast.comp
[  2%] Generating shaders/cast_i32_f32.spv
/home/joshuawarren/.config/superpowers/worktrees/mlx-omarchy/PrefillQmm/.work/mlx/mlx/backend/omarchy/shaders/cast.comp
[  2%] Generating shaders/cast_f32_i32.spv
[  2%] Generating shaders/cast_i32_f16.spv
/home/joshuawarren/.config/superpowers/worktrees/mlx-omarchy/PrefillQmm/.work/mlx/mlx/backend/omarchy/shaders/cast.comp
[  2%] Generating shaders/cast_f16_i32.spv
/home/joshuawarren/.config/superpowers/worktrees/mlx-omarchy/PrefillQmm/.work/mlx/mlx/backend/omarchy/shaders/cast.comp
/home/joshuawarren/.config/superpowers/worktrees/mlx-omarchy/PrefillQmm/.work/mlx/mlx/backend/omarchy/shaders/cast.comp
/home/joshuawarren/.config/superpowers/worktrees/mlx-omarchy/PrefillQmm/.work/mlx/mlx/backend/omarchy/shaders/cast.comp
[  2%] Generating shaders/cast_i32_bf16.spv
[  2%] Generating shaders/cast_bf16_i32.spv
[  2%] Generating shaders/cast_u32_f32.spv
/home/joshuawarren/.config/superpowers/worktrees/mlx-omarchy/PrefillQmm/.work/mlx/mlx/backend/omarchy/shaders/cast.comp
[  2%] Generating shaders/reduce_f32.spv
/home/joshuawarren/.config/superpowers/worktrees/mlx-omarchy/PrefillQmm/.work/mlx/mlx/backend/omarchy/shaders/cast.comp
/home/joshuawarren/.config/superpowers/worktrees/mlx-omarchy/PrefillQmm/.work/mlx/mlx/backend/omarchy/shaders/cast.comp
/home/joshuawarren/.config/superpowers/worktrees/mlx-omarchy/PrefillQmm/.work/mlx/mlx/backend/omarchy/shaders/cast.comp
[  2%] Generating shaders/reduce_f16.spv
[  2%] Generating shaders/reduce_bf16.spv
[  2%] Generating shaders/matmul_f32.spv
/home/joshuawarren/.config/superpowers/worktrees/mlx-omarchy/PrefillQmm/.work/mlx/mlx/backend/omarchy/shaders/reduce_suffix.comp
[  2%] Generating shaders/matmul_f32_coopmat.spv
/home/joshuawarren/.config/superpowers/worktrees/mlx-omarchy/PrefillQmm/.work/mlx/mlx/backend/omarchy/shaders/matmul.comp
/home/joshuawarren/.config/superpowers/worktrees/mlx-omarchy/PrefillQmm/.work/mlx/mlx/backend/omarchy/shaders/reduce_suffix.comp
[  2%] Generating shaders/matmul_f32_coopmat_bf16.spv
[  2%] Generating shaders/matmul_f16.spv
/home/joshuawarren/.config/superpowers/worktrees/mlx-omarchy/PrefillQmm/.work/mlx/mlx/backend/omarchy/shaders/reduce_suffix.comp
[  2%] Generating shaders/matmul_bf16.spv
/home/joshuawarren/.config/superpowers/worktrees/mlx-omarchy/PrefillQmm/.work/mlx/mlx/backend/omarchy/shaders/matmul_coopmat.comp
[  2%] Generating shaders/matmul_complex64.spv
/home/joshuawarren/.config/superpowers/worktrees/mlx-omarchy/PrefillQmm/.work/mlx/mlx/backend/omarchy/shaders/matmul_coopmat_bf16.comp
/home/joshuawarren/.config/superpowers/worktrees/mlx-omarchy/PrefillQmm/.work/mlx/mlx/backend/omarchy/shaders/matmul.comp
/home/joshuawarren/.config/superpowers/worktrees/mlx-omarchy/PrefillQmm/.work/mlx/mlx/backend/omarchy/shaders/matmul.comp
[  2%] Generating shaders/matmul_vec_f32.spv
[  2%] Generating shaders/matmul_vec_bf16.spv
[  2%] Generating shaders/matmul_vec_f16.spv
/home/joshuawarren/.config/superpowers/worktrees/mlx-omarchy/PrefillQmm/.work/mlx/mlx/backend/omarchy/shaders/matmul.comp
[  2%] Generating shaders/fill_f32.spv
/home/joshuawarren/.config/superpowers/worktrees/mlx-omarchy/PrefillQmm/.work/mlx/mlx/backend/omarchy/shaders/matmul_vec.comp
[  2%] Generating shaders/fill_f16.spv
/home/joshuawarren/.config/superpowers/worktrees/mlx-omarchy/PrefillQmm/.work/mlx/mlx/backend/omarchy/shaders/matmul_vec.comp
/home/joshuawarren/.config/superpowers/worktrees/mlx-omarchy/PrefillQmm/.work/mlx/mlx/backend/omarchy/shaders/matmul_vec.comp
[  2%] Generating shaders/fill_bf16.spv
[  3%] Generating shaders/softmax_f32.spv
/home/joshuawarren/.config/superpowers/worktrees/mlx-omarchy/PrefillQmm/.work/mlx/mlx/backend/omarchy/shaders/fill.comp
[  3%] Generating shaders/softmax_f16.spv
/home/joshuawarren/.config/superpowers/worktrees/mlx-omarchy/PrefillQmm/.work/mlx/mlx/backend/omarchy/shaders/fill.comp
[  3%] Generating shaders/softmax_bf16.spv
/home/joshuawarren/.config/superpowers/worktrees/mlx-omarchy/PrefillQmm/.work/mlx/mlx/backend/omarchy/shaders/fill.comp
/home/joshuawarren/.config/superpowers/worktrees/mlx-omarchy/PrefillQmm/.work/mlx/mlx/backend/omarchy/shaders/softmax_suffix.comp
[  4%] Generating shaders/logsumexp_f32.spv
[  4%] Generating shaders/logsumexp_f16.spv
/home/joshuawarren/.config/superpowers/worktrees/mlx-omarchy/PrefillQmm/.work/mlx/mlx/backend/omarchy/shaders/softmax_suffix.comp
[  4%] Generating shaders/logsumexp_bf16.spv
/home/joshuawarren/.config/superpowers/worktrees/mlx-omarchy/PrefillQmm/.work/mlx/mlx/backend/omarchy/shaders/softmax_suffix.comp
/home/joshuawarren/.config/superpowers/worktrees/mlx-omarchy/PrefillQmm/.work/mlx/mlx/backend/omarchy/shaders/logsumexp_suffix.comp
[  4%] Generating shaders/select_f32.spv
/home/joshuawarren/.config/superpowers/worktrees/mlx-omarchy/PrefillQmm/.work/mlx/mlx/backend/omarchy/shaders/logsumexp_suffix.comp
[  4%] Generating shaders/select_f16.spv
[  4%] Generating shaders/select_bf16.spv
/home/joshuawarren/.config/superpowers/worktrees/mlx-omarchy/PrefillQmm/.work/mlx/mlx/backend/omarchy/shaders/logsumexp_suffix.comp
[  4%] Generating shaders/select_i32.spv
/home/joshuawarren/.config/superpowers/worktrees/mlx-omarchy/PrefillQmm/.work/mlx/mlx/backend/omarchy/shaders/select.comp
/home/joshuawarren/.config/superpowers/worktrees/mlx-omarchy/PrefillQmm/.work/mlx/mlx/backend/omarchy/shaders/select.comp
[  4%] Generating shaders/select_bool.spv
/home/joshuawarren/.config/superpowers/worktrees/mlx-omarchy/PrefillQmm/.work/mlx/mlx/backend/omarchy/shaders/select.comp
[  5%] Generating shaders/select_complex64.spv
[  5%] Generating shaders/compare_f32.spv
/home/joshuawarren/.config/superpowers/worktrees/mlx-omarchy/PrefillQmm/.work/mlx/mlx/backend/omarchy/shaders/select.comp
[  5%] Generating shaders/compare_f16.spv
/home/joshuawarren/.config/superpowers/worktrees/mlx-omarchy/PrefillQmm/.work/mlx/mlx/backend/omarchy/shaders/select.comp
[  5%] Generating shaders/compare_bf16.spv
/home/joshuawarren/.config/superpowers/worktrees/mlx-omarchy/PrefillQmm/.work/mlx/mlx/backend/omarchy/shaders/select.comp
[  5%] Generating shaders/compare_i32.spv
/home/joshuawarren/.config/superpowers/worktrees/mlx-omarchy/PrefillQmm/.work/mlx/mlx/backend/omarchy/shaders/compare.comp
/home/joshuawarren/.config/superpowers/worktrees/mlx-omarchy/PrefillQmm/.work/mlx/mlx/backend/omarchy/shaders/compare.comp
[  5%] Generating shaders/compare_u32.spv
[  5%] Generating shaders/compare_i64.spv
/home/joshuawarren/.config/superpowers/worktrees/mlx-omarchy/PrefillQmm/.work/mlx/mlx/backend/omarchy/shaders/compare.comp
/home/joshuawarren/.config/superpowers/worktrees/mlx-omarchy/PrefillQmm/.work/mlx/mlx/backend/omarchy/shaders/compare.comp
[  5%] Generating shaders/compare_i8.spv
/home/joshuawarren/.config/superpowers/worktrees/mlx-omarchy/PrefillQmm/.work/mlx/mlx/backend/omarchy/shaders/compare.comp
[  5%] Generating shaders/compare_u8.spv
[  5%] Generating shaders/compare_i16.spv
/home/joshuawarren/.config/superpowers/worktrees/mlx-omarchy/PrefillQmm/.work/mlx/mlx/backend/omarchy/shaders/compare.comp
[  5%] Generating shaders/compare_u16.spv
/home/joshuawarren/.config/superpowers/worktrees/mlx-omarchy/PrefillQmm/.work/mlx/mlx/backend/omarchy/shaders/compare.comp
[  6%] Generating shaders/compare_u64.spv
/home/joshuawarren/.config/superpowers/worktrees/mlx-omarchy/PrefillQmm/.work/mlx/mlx/backend/omarchy/shaders/compare.comp
[  6%] Generating shaders/compare_complex.spv
/home/joshuawarren/.config/superpowers/worktrees/mlx-omarchy/PrefillQmm/.work/mlx/mlx/backend/omarchy/shaders/compare.comp
[  6%] Generating shaders/logical_or_bool.spv
/home/joshuawarren/.config/superpowers/worktrees/mlx-omarchy/PrefillQmm/.work/mlx/mlx/backend/omarchy/shaders/compare.comp
[  7%] Generating shaders/compare_bool.spv
/home/joshuawarren/.config/superpowers/worktrees/mlx-omarchy/PrefillQmm/.work/mlx/mlx/backend/omarchy/shaders/compare.comp
[  7%] Generating shaders/take_f32.spv
/home/joshuawarren/.config/superpowers/worktrees/mlx-omarchy/PrefillQmm/.work/mlx/mlx/backend/omarchy/shaders/compare_complex.comp
[  8%] Generating shaders/take_f16.spv
/home/joshuawarren/.config/superpowers/worktrees/mlx-omarchy/PrefillQmm/.work/mlx/mlx/backend/omarchy/shaders/logical_or.comp
[  8%] Generating shaders/take_bf16.spv
/home/joshuawarren/.config/superpowers/worktrees/mlx-omarchy/PrefillQmm/.work/mlx/mlx/backend/omarchy/shaders/compare_bool.comp
[  8%] Generating shaders/take_u32.spv
/home/joshuawarren/.config/superpowers/worktrees/mlx-omarchy/PrefillQmm/.work/mlx/mlx/backend/omarchy/shaders/gather_take.comp
[  9%] Generating shaders/take_u16.spv
/home/joshuawarren/.config/superpowers/worktrees/mlx-omarchy/PrefillQmm/.work/mlx/mlx/backend/omarchy/shaders/gather_take.comp
/home/joshuawarren/.config/superpowers/worktrees/mlx-omarchy/PrefillQmm/.work/mlx/mlx/backend/omarchy/shaders/gather_take.comp
[  9%] Generating shaders/take_i64.spv
[  9%] Generating shaders/take_c64.spv
/home/joshuawarren/.config/superpowers/worktrees/mlx-omarchy/PrefillQmm/.work/mlx/mlx/backend/omarchy/shaders/gather_take.comp
[  9%] Generating shaders/take_multi_f32.spv
/home/joshuawarren/.config/superpowers/worktrees/mlx-omarchy/PrefillQmm/.work/mlx/mlx/backend/omarchy/shaders/gather_take.comp
[  9%] Generating shaders/take_multi_f16.spv
/home/joshuawarren/.config/superpowers/worktrees/mlx-omarchy/PrefillQmm/.work/mlx/mlx/backend/omarchy/shaders/gather_take.comp
/home/joshuawarren/.config/superpowers/worktrees/mlx-omarchy/PrefillQmm/.work/mlx/mlx/backend/omarchy/shaders/gather_take.comp
[  9%] Generating shaders/take_multi_bf16.spv
[  9%] Generating shaders/take_multi_u32.spv
/home/joshuawarren/.config/superpowers/worktrees/mlx-omarchy/PrefillQmm/.work/mlx/mlx/backend/omarchy/shaders/gather_take.comp
[  9%] Generating shaders/take_multi_u16.spv
/home/joshuawarren/.config/superpowers/worktrees/mlx-omarchy/PrefillQmm/.work/mlx/mlx/backend/omarchy/shaders/gather_take.comp
[  9%] Generating shaders/take_multi_i64.spv
/home/joshuawarren/.config/superpowers/worktrees/mlx-omarchy/PrefillQmm/.work/mlx/mlx/backend/omarchy/shaders/gather_take.comp
/home/joshuawarren/.config/superpowers/worktrees/mlx-omarchy/PrefillQmm/.work/mlx/mlx/backend/omarchy/shaders/gather_take.comp
[  9%] Generating shaders/take_multi_c64.spv
/home/joshuawarren/.config/superpowers/worktrees/mlx-omarchy/PrefillQmm/.work/mlx/mlx/backend/omarchy/shaders/gather_take.comp
[  9%] Generating shaders/slice_update_reduce_f32.spv
[  9%] Generating shaders/slice_update_reduce_f16.spv
/home/joshuawarren/.config/superpowers/worktrees/mlx-omarchy/PrefillQmm/.work/mlx/mlx/backend/omarchy/shaders/gather_take.comp
[  9%] Generating shaders/slice_update_reduce_bf16.spv
/home/joshuawarren/.config/superpowers/worktrees/mlx-omarchy/PrefillQmm/.work/mlx/mlx/backend/omarchy/shaders/gather_take.comp
/home/joshuawarren/.config/superpowers/worktrees/mlx-omarchy/PrefillQmm/.work/mlx/mlx/backend/omarchy/shaders/slice_update_reduce.comp
[  9%] Generating shaders/slice_update_reduce_u32.spv
[  9%] Generating shaders/scatter_triple_u32.spv
/home/joshuawarren/.config/superpowers/worktrees/mlx-omarchy/PrefillQmm/.work/mlx/mlx/backend/omarchy/shaders/slice_update_reduce.comp
[  9%] Generating shaders/scatter_triple_f16.spv
/home/joshuawarren/.config/superpowers/worktrees/mlx-omarchy/PrefillQmm/.work/mlx/mlx/backend/omarchy/shaders/slice_update_reduce.comp
[ 10%] Generating shaders/scatter_triple_bf16.spv
/home/joshuawarren/.config/superpowers/worktrees/mlx-omarchy/PrefillQmm/.work/mlx/mlx/backend/omarchy/shaders/slice_update_reduce.comp
[ 10%] Generating shaders/scatter_bool_triple.spv
/home/joshuawarren/.config/superpowers/worktrees/mlx-omarchy/PrefillQmm/.work/mlx/mlx/backend/omarchy/shaders/scatter.comp
/home/joshuawarren/.config/superpowers/worktrees/mlx-omarchy/PrefillQmm/.work/mlx/mlx/backend/omarchy/shaders/scatter.comp
[ 10%] Generating shaders/scatter_general_u32.spv
[ 10%] Generating shaders/scatter_general_f16.spv
/home/joshuawarren/.config/superpowers/worktrees/mlx-omarchy/PrefillQmm/.work/mlx/mlx/backend/omarchy/shaders/scatter.comp
[ 10%] Generating shaders/scatter_general_bf16.spv
/home/joshuawarren/.config/superpowers/worktrees/mlx-omarchy/PrefillQmm/.work/mlx/mlx/backend/omarchy/shaders/scatter.comp
/home/joshuawarren/.config/superpowers/worktrees/mlx-omarchy/PrefillQmm/.work/mlx/mlx/backend/omarchy/shaders/scatter.comp
[ 10%] Generating shaders/scatter_general_bool.spv
[ 11%] Generating shaders/scatter_general_u8.spv
/home/joshuawarren/.config/superpowers/worktrees/mlx-omarchy/PrefillQmm/.work/mlx/mlx/backend/omarchy/shaders/scatter.comp
[ 11%] Generating shaders/scatter_general_i8.spv
/home/joshuawarren/.config/superpowers/worktrees/mlx-omarchy/PrefillQmm/.work/mlx/mlx/backend/omarchy/shaders/scatter.comp
[ 11%] Generating shaders/scatter_general_u16.spv
/home/joshuawarren/.config/superpowers/worktrees/mlx-omarchy/PrefillQmm/.work/mlx/mlx/backend/omarchy/shaders/scatter.comp
/home/joshuawarren/.config/superpowers/worktrees/mlx-omarchy/PrefillQmm/.work/mlx/mlx/backend/omarchy/shaders/scatter.comp
[ 11%] Generating shaders/scatter_general_i16.spv
[ 11%] Generating shaders/scatter_triple_u8.spv
/home/joshuawarren/.config/superpowers/worktrees/mlx-omarchy/PrefillQmm/.work/mlx/mlx/backend/omarchy/shaders/scatter.comp
[ 11%] Generating shaders/scatter_triple_i8.spv
/home/joshuawarren/.config/superpowers/worktrees/mlx-omarchy/PrefillQmm/.work/mlx/mlx/backend/omarchy/shaders/scatter.comp
[ 11%] Generating shaders/scatter_triple_u16.spv
/home/joshuawarren/.config/superpowers/worktrees/mlx-omarchy/PrefillQmm/.work/mlx/mlx/backend/omarchy/shaders/scatter.comp
[ 11%] Generating shaders/scatter_triple_i16.spv
/home/joshuawarren/.config/superpowers/worktrees/mlx-omarchy/PrefillQmm/.work/mlx/mlx/backend/omarchy/shaders/scatter.comp
[ 11%] Generating shaders/copy_general_f32.spv
/home/joshuawarren/.config/superpowers/worktrees/mlx-omarchy/PrefillQmm/.work/mlx/mlx/backend/omarchy/shaders/scatter.comp
[ 11%] Generating shaders/copy_general_f16.spv
/home/joshuawarren/.config/superpowers/worktrees/mlx-omarchy/PrefillQmm/.work/mlx/mlx/backend/omarchy/shaders/scatter.comp
[ 13%] Generating shaders/copy_general_bf16.spv
/home/joshuawarren/.config/superpowers/worktrees/mlx-omarchy/PrefillQmm/.work/mlx/mlx/backend/omarchy/shaders/scatter.comp
[ 13%] Generating shaders/copy_general_bool.spv
/home/joshuawarren/.config/superpowers/worktrees/mlx-omarchy/PrefillQmm/.work/mlx/mlx/backend/omarchy/shaders/copy_general.comp
[ 13%] Generating shaders/copy_general_u32.spv
/home/joshuawarren/.config/superpowers/worktrees/mlx-omarchy/PrefillQmm/.work/mlx/mlx/backend/omarchy/shaders/copy_general.comp
[ 13%] Generating shaders/copy_general_u8.spv
/home/joshuawarren/.config/superpowers/worktrees/mlx-omarchy/PrefillQmm/.work/mlx/mlx/backend/omarchy/shaders/copy_general.comp
[ 13%] Generating shaders/copy_general_u16.spv
/home/joshuawarren/.config/superpowers/worktrees/mlx-omarchy/PrefillQmm/.work/mlx/mlx/backend/omarchy/shaders/copy_general.comp
[ 13%] Generating shaders/copy_general_u64.spv
/home/joshuawarren/.config/superpowers/worktrees/mlx-omarchy/PrefillQmm/.work/mlx/mlx/backend/omarchy/shaders/copy_general.comp
[ 14%] Generating shaders/argreduce_f32.spv
/home/joshuawarren/.config/superpowers/worktrees/mlx-omarchy/PrefillQmm/.work/mlx/mlx/backend/omarchy/shaders/copy_general.comp
[ 14%] Generating shaders/argreduce_f16.spv
/home/joshuawarren/.config/superpowers/worktrees/mlx-omarchy/PrefillQmm/.work/mlx/mlx/backend/omarchy/shaders/copy_general.comp
[ 14%] Generating shaders/argreduce_bf16.spv
/home/joshuawarren/.config/superpowers/worktrees/mlx-omarchy/PrefillQmm/.work/mlx/mlx/backend/omarchy/shaders/copy_general.comp
[ 14%] Generating shaders/argreduce_i8.spv
/home/joshuawarren/.config/superpowers/worktrees/mlx-omarchy/PrefillQmm/.work/mlx/mlx/backend/omarchy/shaders/argreduce_suffix.comp
[ 14%] Generating shaders/argreduce_u8.spv
/home/joshuawarren/.config/superpowers/worktrees/mlx-omarchy/PrefillQmm/.work/mlx/mlx/backend/omarchy/shaders/argreduce_suffix.comp
[ 14%] Generating shaders/argreduce_i16.spv
/home/joshuawarren/.config/superpowers/worktrees/mlx-omarchy/PrefillQmm/.work/mlx/mlx/backend/omarchy/shaders/argreduce_suffix.comp
[ 14%] Generating shaders/argreduce_u16.spv
/home/joshuawarren/.config/superpowers/worktrees/mlx-omarchy/PrefillQmm/.work/mlx/mlx/backend/omarchy/shaders/argreduce_suffix.comp
/home/joshuawarren/.config/superpowers/worktrees/mlx-omarchy/PrefillQmm/.work/mlx/mlx/backend/omarchy/shaders/argreduce_suffix.comp
[ 14%] Generating shaders/argreduce_i32.spv
[ 14%] Generating shaders/argreduce_u32.spv
/home/joshuawarren/.config/superpowers/worktrees/mlx-omarchy/PrefillQmm/.work/mlx/mlx/backend/omarchy/shaders/argreduce_suffix.comp
[ 14%] Generating shaders/argreduce_i64.spv
/home/joshuawarren/.config/superpowers/worktrees/mlx-omarchy/PrefillQmm/.work/mlx/mlx/backend/omarchy/shaders/argreduce_suffix.comp
[ 14%] Generating shaders/argreduce_u64.spv
/home/joshuawarren/.config/superpowers/worktrees/mlx-omarchy/PrefillQmm/.work/mlx/mlx/backend/omarchy/shaders/argreduce_suffix.comp
/home/joshuawarren/.config/superpowers/worktrees/mlx-omarchy/PrefillQmm/.work/mlx/mlx/backend/omarchy/shaders/argreduce_suffix.comp
[ 14%] Generating shaders/arange_f32.spv
[ 14%] Generating shaders/arange_f16.spv
/home/joshuawarren/.config/superpowers/worktrees/mlx-omarchy/PrefillQmm/.work/mlx/mlx/backend/omarchy/shaders/argreduce_suffix.comp
[ 14%] Generating shaders/arange_bf16.spv
/home/joshuawarren/.config/superpowers/worktrees/mlx-omarchy/PrefillQmm/.work/mlx/mlx/backend/omarchy/shaders/argreduce_suffix.comp
[ 14%] Generating shaders/arange_i32.spv
/home/joshuawarren/.config/superpowers/worktrees/mlx-omarchy/PrefillQmm/.work/mlx/mlx/backend/omarchy/shaders/arange.comp
/home/joshuawarren/.config/superpowers/worktrees/mlx-omarchy/PrefillQmm/.work/mlx/mlx/backend/omarchy/shaders/arange.comp
[ 14%] Generating shaders/arange_u32.spv
[ 14%] Generating shaders/arange_i64.spv
/home/joshuawarren/.config/superpowers/worktrees/mlx-omarchy/PrefillQmm/.work/mlx/mlx/backend/omarchy/shaders/arange.comp
[ 14%] Generating shaders/arange_u64.spv
/home/joshuawarren/.config/superpowers/worktrees/mlx-omarchy/PrefillQmm/.work/mlx/mlx/backend/omarchy/shaders/arange.comp
/home/joshuawarren/.config/superpowers/worktrees/mlx-omarchy/PrefillQmm/.work/mlx/mlx/backend/omarchy/shaders/arange.comp
[ 14%] Generating shaders/sort_f32.spv
/home/joshuawarren/.config/superpowers/worktrees/mlx-omarchy/PrefillQmm/.work/mlx/mlx/backend/omarchy/shaders/arange.comp
[ 14%] Generating shaders/sort_f16.spv
[ 14%] Generating shaders/sort_bf16.spv
/home/joshuawarren/.config/superpowers/worktrees/mlx-omarchy/PrefillQmm/.work/mlx/mlx/backend/omarchy/shaders/arange.comp
[ 14%] Generating shaders/sort_c64.spv
/home/joshuawarren/.config/superpowers/worktrees/mlx-omarchy/PrefillQmm/.work/mlx/mlx/backend/omarchy/shaders/sort_suffix.comp
[ 14%] Generating shaders/argsort_f32.spv
/home/joshuawarren/.config/superpowers/worktrees/mlx-omarchy/PrefillQmm/.work/mlx/mlx/backend/omarchy/shaders/sort_suffix.comp
/home/joshuawarren/.config/superpowers/worktrees/mlx-omarchy/PrefillQmm/.work/mlx/mlx/backend/omarchy/shaders/sort_suffix.comp
[ 14%] Generating shaders/argsort_f16.spv
[ 14%] Generating shaders/argsort_bf16.spv
/home/joshuawarren/.config/superpowers/worktrees/mlx-omarchy/PrefillQmm/.work/mlx/mlx/backend/omarchy/shaders/sort_suffix.comp
[ 15%] Generating shaders/argsort_c64.spv
/home/joshuawarren/.config/superpowers/worktrees/mlx-omarchy/PrefillQmm/.work/mlx/mlx/backend/omarchy/shaders/sort_suffix.comp
[ 15%] Generating shaders/sort_i32.spv
/home/joshuawarren/.config/superpowers/worktrees/mlx-omarchy/PrefillQmm/.work/mlx/mlx/backend/omarchy/shaders/sort_suffix.comp
/home/joshuawarren/.config/superpowers/worktrees/mlx-omarchy/PrefillQmm/.work/mlx/mlx/backend/omarchy/shaders/sort_suffix.comp
[ 15%] Generating shaders/sort_u32.spv
[ 15%] Generating shaders/argsort_i32.spv
/home/joshuawarren/.config/superpowers/worktrees/mlx-omarchy/PrefillQmm/.work/mlx/mlx/backend/omarchy/shaders/sort_suffix.comp
[ 15%] Generating shaders/argsort_u32.spv
/home/joshuawarren/.config/superpowers/worktrees/mlx-omarchy/PrefillQmm/.work/mlx/mlx/backend/omarchy/shaders/sort_suffix.comp
/home/joshuawarren/.config/superpowers/worktrees/mlx-omarchy/PrefillQmm/.work/mlx/mlx/backend/omarchy/shaders/sort_suffix.comp
[ 15%] Generating shaders/sort_i8.spv
/home/joshuawarren/.config/superpowers/worktrees/mlx-omarchy/PrefillQmm/.work/mlx/mlx/backend/omarchy/shaders/sort_suffix.comp
[ 15%] Generating shaders/sort_u8.spv
[ 15%] Generating shaders/sort_i16.spv
/home/joshuawarren/.config/superpowers/worktrees/mlx-omarchy/PrefillQmm/.work/mlx/mlx/backend/omarchy/shaders/sort_suffix.comp
[ 15%] Generating shaders/sort_u16.spv
/home/joshuawarren/.config/superpowers/worktrees/mlx-omarchy/PrefillQmm/.work/mlx/mlx/backend/omarchy/shaders/sort_suffix.comp
/home/joshuawarren/.config/superpowers/worktrees/mlx-omarchy/PrefillQmm/.work/mlx/mlx/backend/omarchy/shaders/sort_suffix.comp
[ 15%] Generating shaders/argsort_i8.spv
/home/joshuawarren/.config/superpowers/worktrees/mlx-omarchy/PrefillQmm/.work/mlx/mlx/backend/omarchy/shaders/sort_suffix.comp
[ 15%] Generating shaders/argsort_u8.spv
[ 15%] Generating shaders/argsort_i16.spv
/home/joshuawarren/.config/superpowers/worktrees/mlx-omarchy/PrefillQmm/.work/mlx/mlx/backend/omarchy/shaders/sort_suffix.comp
[ 15%] Generating shaders/argsort_u16.spv
/home/joshuawarren/.config/superpowers/worktrees/mlx-omarchy/PrefillQmm/.work/mlx/mlx/backend/omarchy/shaders/sort_suffix.comp
/home/joshuawarren/.config/superpowers/worktrees/mlx-omarchy/PrefillQmm/.work/mlx/mlx/backend/omarchy/shaders/sort_suffix.comp
[ 16%] Generating shaders/sort_merge_f32.spv
[ 16%] Generating shaders/sort_merge_f16.spv
/home/joshuawarren/.config/superpowers/worktrees/mlx-omarchy/PrefillQmm/.work/mlx/mlx/backend/omarchy/shaders/sort_suffix.comp
[ 16%] Generating shaders/sort_merge_bf16.spv
/home/joshuawarren/.config/superpowers/worktrees/mlx-omarchy/PrefillQmm/.work/mlx/mlx/backend/omarchy/shaders/sort_suffix.comp
[ 16%] Generating shaders/sort_merge_i32.spv
/home/joshuawarren/.config/superpowers/worktrees/mlx-omarchy/PrefillQmm/.work/mlx/mlx/backend/omarchy/shaders/sort_merge.comp
/home/joshuawarren/.config/superpowers/worktrees/mlx-omarchy/PrefillQmm/.work/mlx/mlx/backend/omarchy/shaders/sort_merge.comp
/home/joshuawarren/.config/superpowers/worktrees/mlx-omarchy/PrefillQmm/.work/mlx/mlx/backend/omarchy/shaders/sort_merge.comp
[ 16%] Generating shaders/sort_merge_u32.spv
[ 16%] Generating shaders/argsort_merge_f32.spv
[ 16%] Generating shaders/argsort_merge_f16.spv
/home/joshuawarren/.config/superpowers/worktrees/mlx-omarchy/PrefillQmm/.work/mlx/mlx/backend/omarchy/shaders/sort_merge.comp
[ 16%] Generating shaders/argsort_merge_bf16.spv
/home/joshuawarren/.config/superpowers/worktrees/mlx-omarchy/PrefillQmm/.work/mlx/mlx/backend/omarchy/shaders/sort_merge.comp
/home/joshuawarren/.config/superpowers/worktrees/mlx-omarchy/PrefillQmm/.work/mlx/mlx/backend/omarchy/shaders/sort_merge.comp
/home/joshuawarren/.config/superpowers/worktrees/mlx-omarchy/PrefillQmm/.work/mlx/mlx/backend/omarchy/shaders/sort_merge.comp
[ 16%] Generating shaders/argsort_merge_c64.spv
[ 17%] Generating shaders/argsort_merge_u32.spv
[ 17%] Generating shaders/argsort_merge_i32.spv
/home/joshuawarren/.config/superpowers/worktrees/mlx-omarchy/PrefillQmm/.work/mlx/mlx/backend/omarchy/shaders/sort_merge.comp
[ 17%] Generating shaders/elementwise_i32.spv
/home/joshuawarren/.config/superpowers/worktrees/mlx-omarchy/PrefillQmm/.work/mlx/mlx/backend/omarchy/shaders/sort_merge.comp
/home/joshuawarren/.config/superpowers/worktrees/mlx-omarchy/PrefillQmm/.work/mlx/mlx/backend/omarchy/shaders/sort_merge.comp
[ 17%] Generating shaders/elementwise_u32.spv
/home/joshuawarren/.config/superpowers/worktrees/mlx-omarchy/PrefillQmm/.work/mlx/mlx/backend/omarchy/shaders/sort_merge.comp
[ 18%] Generating shaders/elementwise_i8.spv
[ 18%] Generating shaders/elementwise_u8.spv
/home/joshuawarren/.config/superpowers/worktrees/mlx-omarchy/PrefillQmm/.work/mlx/mlx/backend/omarchy/shaders/int_elementwise.comp
[ 18%] Generating shaders/elementwise_i16.spv
/home/joshuawarren/.config/superpowers/worktrees/mlx-omarchy/PrefillQmm/.work/mlx/mlx/backend/omarchy/shaders/int_elementwise.comp
[ 18%] Generating shaders/elementwise_u16.spv
/home/joshuawarren/.config/superpowers/worktrees/mlx-omarchy/PrefillQmm/.work/mlx/mlx/backend/omarchy/shaders/int_elementwise.comp
[ 18%] Generating shaders/elementwise_i64.spv
/home/joshuawarren/.config/superpowers/worktrees/mlx-omarchy/PrefillQmm/.work/mlx/mlx/backend/omarchy/shaders/int_elementwise.comp
/home/joshuawarren/.config/superpowers/worktrees/mlx-omarchy/PrefillQmm/.work/mlx/mlx/backend/omarchy/shaders/int_elementwise.comp
[ 18%] Generating shaders/elementwise_u64.spv
[ 19%] Generating shaders/scan_f32.spv
/home/joshuawarren/.config/superpowers/worktrees/mlx-omarchy/PrefillQmm/.work/mlx/mlx/backend/omarchy/shaders/int_elementwise.comp
[ 19%] Generating shaders/scan_f16.spv
/home/joshuawarren/.config/superpowers/worktrees/mlx-omarchy/PrefillQmm/.work/mlx/mlx/backend/omarchy/shaders/int_elementwise.comp
/home/joshuawarren/.config/superpowers/worktrees/mlx-omarchy/PrefillQmm/.work/mlx/mlx/backend/omarchy/shaders/scan_suffix.comp
[ 19%] Generating shaders/scan_bf16.spv
[ 19%] Generating shaders/searchsorted_f32.spv
/home/joshuawarren/.config/superpowers/worktrees/mlx-omarchy/PrefillQmm/.work/mlx/mlx/backend/omarchy/shaders/int_elementwise.comp
[ 19%] Generating shaders/searchsorted_f16.spv
/home/joshuawarren/.config/superpowers/worktrees/mlx-omarchy/PrefillQmm/.work/mlx/mlx/backend/omarchy/shaders/scan_suffix.comp
[ 20%] Generating shaders/searchsorted_bf16.spv
/home/joshuawarren/.config/superpowers/worktrees/mlx-omarchy/PrefillQmm/.work/mlx/mlx/backend/omarchy/shaders/scan_suffix.comp
/home/joshuawarren/.config/superpowers/worktrees/mlx-omarchy/PrefillQmm/.work/mlx/mlx/backend/omarchy/shaders/searchsorted_suffix.comp
[ 20%] Generating shaders/searchsorted_i32.spv
[ 20%] Generating shaders/searchsorted_u32.spv
/home/joshuawarren/.config/superpowers/worktrees/mlx-omarchy/PrefillQmm/.work/mlx/mlx/backend/omarchy/shaders/searchsorted_suffix.comp
[ 20%] Generating shaders/random_bits_u32.spv
/home/joshuawarren/.config/superpowers/worktrees/mlx-omarchy/PrefillQmm/.work/mlx/mlx/backend/omarchy/shaders/searchsorted_suffix.comp
[ 20%] Generating shaders/qmm_f32.spv
/home/joshuawarren/.config/superpowers/worktrees/mlx-omarchy/PrefillQmm/.work/mlx/mlx/backend/omarchy/shaders/searchsorted_suffix.comp
[ 20%] Generating shaders/qmm_f16.spv
/home/joshuawarren/.config/superpowers/worktrees/mlx-omarchy/PrefillQmm/.work/mlx/mlx/backend/omarchy/shaders/searchsorted_suffix.comp
[ 20%] Generating shaders/qmm_bf16.spv
/home/joshuawarren/.config/superpowers/worktrees/mlx-omarchy/PrefillQmm/.work/mlx/mlx/backend/omarchy/shaders/random_bits.comp
[ 20%] Generating shaders/fused_chain_f32.spv
/home/joshuawarren/.config/superpowers/worktrees/mlx-omarchy/PrefillQmm/.work/mlx/mlx/backend/omarchy/shaders/qmm.comp
[ 20%] Generating shaders/fused_chain_f16.spv
/home/joshuawarren/.config/superpowers/worktrees/mlx-omarchy/PrefillQmm/.work/mlx/mlx/backend/omarchy/shaders/qmm.comp
[ 20%] Generating shaders/fused_chain_bf16.spv
/home/joshuawarren/.config/superpowers/worktrees/mlx-omarchy/PrefillQmm/.work/mlx/mlx/backend/omarchy/shaders/qmm.comp
[ 21%] Generating shaders/qmm_vec_f32.spv
/home/joshuawarren/.config/superpowers/worktrees/mlx-omarchy/PrefillQmm/.work/mlx/mlx/backend/omarchy/shaders/fused_chain.comp
[ 21%] Generating shaders/qmm_vec_f16.spv
/home/joshuawarren/.config/superpowers/worktrees/mlx-omarchy/PrefillQmm/.work/mlx/mlx/backend/omarchy/shaders/fused_chain.comp
[ 21%] Generating shaders/qmm_vec_bf16.spv
/home/joshuawarren/.config/superpowers/worktrees/mlx-omarchy/PrefillQmm/.work/mlx/mlx/backend/omarchy/shaders/fused_chain.comp
[ 21%] Generating shaders/qmm_vec_subgroup_f32.spv
/home/joshuawarren/.config/superpowers/worktrees/mlx-omarchy/PrefillQmm/.work/mlx/mlx/backend/omarchy/shaders/qmm_vec.comp
[ 21%] Generating shaders/qmm_vec_subgroup_f16.spv
/home/joshuawarren/.config/superpowers/worktrees/mlx-omarchy/PrefillQmm/.work/mlx/mlx/backend/omarchy/shaders/qmm_vec.comp
[ 22%] Generating shaders/qmm_vec_subgroup_bf16.spv
/home/joshuawarren/.config/superpowers/worktrees/mlx-omarchy/PrefillQmm/.work/mlx/mlx/backend/omarchy/shaders/qmm_vec.comp
[ 22%] Generating shaders/qmm_vec_q4_word_f32.spv
/home/joshuawarren/.config/superpowers/worktrees/mlx-omarchy/PrefillQmm/.work/mlx/mlx/backend/omarchy/shaders/qmm_vec.comp
[ 22%] Generating shaders/qmm_vec_q4_word_f16.spv
/home/joshuawarren/.config/superpowers/worktrees/mlx-omarchy/PrefillQmm/.work/mlx/mlx/backend/omarchy/shaders/qmm_vec.comp
[ 22%] Generating shaders/qmm_vec_q4_word_bf16.spv
/home/joshuawarren/.config/superpowers/worktrees/mlx-omarchy/PrefillQmm/.work/mlx/mlx/backend/omarchy/shaders/qmm_vec.comp
[ 22%] Generating shaders/qmm_vec_q4_word_subgroup_f32.spv
/home/joshuawarren/.config/superpowers/worktrees/mlx-omarchy/PrefillQmm/.work/mlx/mlx/backend/omarchy/shaders/qmm_vec.comp
[ 22%] Generating shaders/qmm_vec_q4_word_subgroup_f16.spv
/home/joshuawarren/.config/superpowers/worktrees/mlx-omarchy/PrefillQmm/.work/mlx/mlx/backend/omarchy/shaders/qmm_vec.comp
[ 22%] Generating shaders/qmm_vec_q4_word_subgroup_bf16.spv
/home/joshuawarren/.config/superpowers/worktrees/mlx-omarchy/PrefillQmm/.work/mlx/mlx/backend/omarchy/shaders/qmm_vec.comp
[ 22%] Generating shaders/qmm_tile_f32.spv
/home/joshuawarren/.config/superpowers/worktrees/mlx-omarchy/PrefillQmm/.work/mlx/mlx/backend/omarchy/shaders/qmm_vec.comp
[ 22%] Generating shaders/qmm_tile_f16.spv
/home/joshuawarren/.config/superpowers/worktrees/mlx-omarchy/PrefillQmm/.work/mlx/mlx/backend/omarchy/shaders/qmm_vec.comp
[ 22%] Generating shaders/qmm_tile_rb_f16.spv
/home/joshuawarren/.config/superpowers/worktrees/mlx-omarchy/PrefillQmm/.work/mlx/mlx/backend/omarchy/shaders/qmm_vec.comp
[ 22%] Generating shaders/qmm_coopmat_f16.spv
/home/joshuawarren/.config/superpowers/worktrees/mlx-omarchy/PrefillQmm/.work/mlx/mlx/backend/omarchy/shaders/qmm_tile.comp
[ 22%] Generating shaders/binary_vec_f16.spv
/home/joshuawarren/.config/superpowers/worktrees/mlx-omarchy/PrefillQmm/.work/mlx/mlx/backend/omarchy/shaders/qmm_tile.comp
/home/joshuawarren/.config/superpowers/worktrees/mlx-omarchy/PrefillQmm/.work/mlx/mlx/backend/omarchy/shaders/qmm_tile.comp
[ 22%] Generating shaders/binary_vec_bf16.spv
[ 23%] Generating shaders/matmul_rb_f16.spv
/home/joshuawarren/.config/superpowers/worktrees/mlx-omarchy/PrefillQmm/.work/mlx/mlx/backend/omarchy/shaders/qmm_coopmat.comp
[ 23%] Generating shaders/swiglu_f16.spv
/home/joshuawarren/.config/superpowers/worktrees/mlx-omarchy/PrefillQmm/.work/mlx/mlx/backend/omarchy/shaders/binary_vec.comp
[ 23%] Generating shaders/swiglu_bf16.spv
/home/joshuawarren/.config/superpowers/worktrees/mlx-omarchy/PrefillQmm/.work/mlx/mlx/backend/omarchy/shaders/binary_vec.comp
[ 23%] Generating shaders/qmm_tile_bf16.spv
/home/joshuawarren/.config/superpowers/worktrees/mlx-omarchy/PrefillQmm/.work/mlx/mlx/backend/omarchy/shaders/matmul_rb.comp
/home/joshuawarren/.config/superpowers/worktrees/mlx-omarchy/PrefillQmm/.work/mlx/mlx/backend/omarchy/shaders/swiglu.comp
[ 25%] Generating shaders/dequant_f32.spv
[ 25%] Generating shaders/dequant_f16.spv
/home/joshuawarren/.config/superpowers/worktrees/mlx-omarchy/PrefillQmm/.work/mlx/mlx/backend/omarchy/shaders/swiglu.comp
[ 25%] Generating shaders/quantize_f32.spv
/home/joshuawarren/.config/superpowers/worktrees/mlx-omarchy/PrefillQmm/.work/mlx/mlx/backend/omarchy/shaders/dequant.comp
/home/joshuawarren/.config/superpowers/worktrees/mlx-omarchy/PrefillQmm/.work/mlx/mlx/backend/omarchy/shaders/qmm_tile.comp
[ 25%] Generating shaders/quantize_f16.spv
/home/joshuawarren/.config/superpowers/worktrees/mlx-omarchy/PrefillQmm/.work/mlx/mlx/backend/omarchy/shaders/dequant.comp
[ 26%] Generating shaders/quantize_fp_f32.spv
[ 26%] Generating shaders/quantize_fp_f16.spv
/home/joshuawarren/.config/superpowers/worktrees/mlx-omarchy/PrefillQmm/.work/mlx/mlx/backend/omarchy/shaders/quantize.comp
[ 26%] Generating shaders/quantize_fp_bf16.spv
/home/joshuawarren/.config/superpowers/worktrees/mlx-omarchy/PrefillQmm/.work/mlx/mlx/backend/omarchy/shaders/quantize.comp
/home/joshuawarren/.config/superpowers/worktrees/mlx-omarchy/PrefillQmm/.work/mlx/mlx/backend/omarchy/shaders/quantize.comp
/home/joshuawarren/.config/superpowers/worktrees/mlx-omarchy/PrefillQmm/.work/mlx/mlx/backend/omarchy/shaders/quantize.comp
[ 26%] Generating shaders/dequant_fp_f32.spv
[ 26%] Generating shaders/dequant_fp_f16.spv
[ 26%] Generating shaders/dequant_fp_bf16.spv
/home/joshuawarren/.config/superpowers/worktrees/mlx-omarchy/PrefillQmm/.work/mlx/mlx/backend/omarchy/shaders/quantize.comp
[ 27%] Generating shaders/qmm_fp_f32.spv
/home/joshuawarren/.config/superpowers/worktrees/mlx-omarchy/PrefillQmm/.work/mlx/mlx/backend/omarchy/shaders/dequant.comp
[ 27%] Generating shaders/qmm_fp_f16.spv
/home/joshuawarren/.config/superpowers/worktrees/mlx-omarchy/PrefillQmm/.work/mlx/mlx/backend/omarchy/shaders/dequant.comp
/home/joshuawarren/.config/superpowers/worktrees/mlx-omarchy/PrefillQmm/.work/mlx/mlx/backend/omarchy/shaders/dequant.comp
[ 27%] Generating shaders/qmm_fp_bf16.spv
[ 27%] Generating shaders/qmm_vec_fp_f32.spv
/home/joshuawarren/.config/superpowers/worktrees/mlx-omarchy/PrefillQmm/.work/mlx/mlx/backend/omarchy/shaders/qmm.comp
[ 27%] Generating shaders/qmm_vec_fp_f16.spv
/home/joshuawarren/.config/superpowers/worktrees/mlx-omarchy/PrefillQmm/.work/mlx/mlx/backend/omarchy/shaders/qmm.comp
/home/joshuawarren/.config/superpowers/worktrees/mlx-omarchy/PrefillQmm/.work/mlx/mlx/backend/omarchy/shaders/qmm_vec.comp
/home/joshuawarren/.config/superpowers/worktrees/mlx-omarchy/PrefillQmm/.work/mlx/mlx/backend/omarchy/shaders/qmm.comp
[ 27%] Generating shaders/qmm_vec_fp_bf16.spv
[ 27%] Generating shaders/qmm_vec_subgroup_fp_f32.spv
[ 27%] Generating shaders/qmm_vec_subgroup_fp_f16.spv
/home/joshuawarren/.config/superpowers/worktrees/mlx-omarchy/PrefillQmm/.work/mlx/mlx/backend/omarchy/shaders/qmm_vec.comp
[ 27%] Generating shaders/qmm_vec_subgroup_fp_bf16.spv
/home/joshuawarren/.config/superpowers/worktrees/mlx-omarchy/PrefillQmm/.work/mlx/mlx/backend/omarchy/shaders/qmm_vec.comp
/home/joshuawarren/.config/superpowers/worktrees/mlx-omarchy/PrefillQmm/.work/mlx/mlx/backend/omarchy/shaders/qmm_vec.comp
/home/joshuawarren/.config/superpowers/worktrees/mlx-omarchy/PrefillQmm/.work/mlx/mlx/backend/omarchy/shaders/qmm_vec.comp
[ 27%] Generating shaders/qmm_tile_fp_f32.spv
[ 27%] Generating shaders/qmm_tile_fp_f16.spv
[ 27%] Generating shaders/qmm_tile_fp_bf16.spv
/home/joshuawarren/.config/superpowers/worktrees/mlx-omarchy/PrefillQmm/.work/mlx/mlx/backend/omarchy/shaders/qmm_vec.comp
[ 27%] Generating shaders/conv_f32.spv
/home/joshuawarren/.config/superpowers/worktrees/mlx-omarchy/PrefillQmm/.work/mlx/mlx/backend/omarchy/shaders/qmm_tile.comp
/home/joshuawarren/.config/superpowers/worktrees/mlx-omarchy/PrefillQmm/.work/mlx/mlx/backend/omarchy/shaders/qmm_tile.comp
/home/joshuawarren/.config/superpowers/worktrees/mlx-omarchy/PrefillQmm/.work/mlx/mlx/backend/omarchy/shaders/qmm_tile.comp
[ 27%] Generating shaders/conv_f16.spv
[ 27%] Generating shaders/conv_bf16.spv
[ 28%] Generating shaders/gather_axis_u32.spv
/home/joshuawarren/.config/superpowers/worktrees/mlx-omarchy/PrefillQmm/.work/mlx/mlx/backend/omarchy/shaders/conv.comp
[ 28%] Generating shaders/gather_axis_i64.spv
/home/joshuawarren/.config/superpowers/worktrees/mlx-omarchy/PrefillQmm/.work/mlx/mlx/backend/omarchy/shaders/gather_axis.comp
/home/joshuawarren/.config/superpowers/worktrees/mlx-omarchy/PrefillQmm/.work/mlx/mlx/backend/omarchy/shaders/conv.comp
[ 28%] Generating shaders/gather_axis_f16.spv
[ 28%] Generating shaders/gather_axis_bf16.spv
/home/joshuawarren/.config/superpowers/worktrees/mlx-omarchy/PrefillQmm/.work/mlx/mlx/backend/omarchy/shaders/conv.comp
[ 28%] Generating shaders/gather_axis_c64.spv
/home/joshuawarren/.config/superpowers/worktrees/mlx-omarchy/PrefillQmm/.work/mlx/mlx/backend/omarchy/shaders/gather_axis.comp
[ 28%] Generating shaders/scatter_u32.spv
/home/joshuawarren/.config/superpowers/worktrees/mlx-omarchy/PrefillQmm/.work/mlx/mlx/backend/omarchy/shaders/gather_axis.comp
/home/joshuawarren/.config/superpowers/worktrees/mlx-omarchy/PrefillQmm/.work/mlx/mlx/backend/omarchy/shaders/gather_axis.comp
[ 29%] Generating shaders/scatter_u8.spv
[ 29%] Generating shaders/scatter_f16.spv
/home/joshuawarren/.config/superpowers/worktrees/mlx-omarchy/PrefillQmm/.work/mlx/mlx/backend/omarchy/shaders/gather_axis.comp
[ 29%] Generating shaders/scatter_i8.spv
/home/joshuawarren/.config/superpowers/worktrees/mlx-omarchy/PrefillQmm/.work/mlx/mlx/backend/omarchy/shaders/scatter.comp
[ 29%] Generating shaders/scatter_u16.spv
/home/joshuawarren/.config/superpowers/worktrees/mlx-omarchy/PrefillQmm/.work/mlx/mlx/backend/omarchy/shaders/scatter.comp
/home/joshuawarren/.config/superpowers/worktrees/mlx-omarchy/PrefillQmm/.work/mlx/mlx/backend/omarchy/shaders/scatter.comp
[ 29%] Generating shaders/scatter_i16.spv
[ 29%] Generating shaders/scatter_bf16.spv
/home/joshuawarren/.config/superpowers/worktrees/mlx-omarchy/PrefillQmm/.work/mlx/mlx/backend/omarchy/shaders/scatter.comp
[ 29%] Generating shaders/scatter_c64.spv
/home/joshuawarren/.config/superpowers/worktrees/mlx-omarchy/PrefillQmm/.work/mlx/mlx/backend/omarchy/shaders/scatter.comp
[ 29%] Generating shaders/scatter_multi_u32.spv
/home/joshuawarren/.config/superpowers/worktrees/mlx-omarchy/PrefillQmm/.work/mlx/mlx/backend/omarchy/shaders/scatter.comp
/home/joshuawarren/.config/superpowers/worktrees/mlx-omarchy/PrefillQmm/.work/mlx/mlx/backend/omarchy/shaders/scatter.comp
[ 29%] Generating shaders/scatter_multi_f16.spv
[ 29%] Generating shaders/scatter_multi_bf16.spv
/home/joshuawarren/.config/superpowers/worktrees/mlx-omarchy/PrefillQmm/.work/mlx/mlx/backend/omarchy/shaders/scatter.comp
[ 29%] Generating shaders/scatter_axis_u32.spv
/home/joshuawarren/.config/superpowers/worktrees/mlx-omarchy/PrefillQmm/.work/mlx/mlx/backend/omarchy/shaders/scatter.comp
[ 29%] Generating shaders/scatter_axis_f16.spv
/home/joshuawarren/.config/superpowers/worktrees/mlx-omarchy/PrefillQmm/.work/mlx/mlx/backend/omarchy/shaders/scatter.comp
/home/joshuawarren/.config/superpowers/worktrees/mlx-omarchy/PrefillQmm/.work/mlx/mlx/backend/omarchy/shaders/scatter.comp
[ 29%] Generating shaders/scatter_axis_c64.spv
[ 29%] Generating shaders/scatter_axis_bf16.spv
/home/joshuawarren/.config/superpowers/worktrees/mlx-omarchy/PrefillQmm/.work/mlx/mlx/backend/omarchy/shaders/scatter_axis.comp
[ 29%] Generating shaders/masked_scatter_u32.spv
/home/joshuawarren/.config/superpowers/worktrees/mlx-omarchy/PrefillQmm/.work/mlx/mlx/backend/omarchy/shaders/scatter_axis.comp
[ 29%] Generating shaders/masked_scatter_f16.spv
/home/joshuawarren/.config/superpowers/worktrees/mlx-omarchy/PrefillQmm/.work/mlx/mlx/backend/omarchy/shaders/scatter_axis.comp
/home/joshuawarren/.config/superpowers/worktrees/mlx-omarchy/PrefillQmm/.work/mlx/mlx/backend/omarchy/shaders/scatter_axis.comp
[ 29%] Generating shaders/masked_scatter_bf16.spv
[ 29%] Generating shaders/scatter_fadd_f32.spv
/home/joshuawarren/.config/superpowers/worktrees/mlx-omarchy/PrefillQmm/.work/mlx/mlx/backend/omarchy/shaders/masked_scatter.comp
[ 29%] Generating shaders/scatter_fadd_f16.spv
/home/joshuawarren/.config/superpowers/worktrees/mlx-omarchy/PrefillQmm/.work/mlx/mlx/backend/omarchy/shaders/masked_scatter.comp
[ 29%] Generating shaders/scatter_fadd_bf16.spv
/home/joshuawarren/.config/superpowers/worktrees/mlx-omarchy/PrefillQmm/.work/mlx/mlx/backend/omarchy/shaders/masked_scatter.comp
/home/joshuawarren/.config/superpowers/worktrees/mlx-omarchy/PrefillQmm/.work/mlx/mlx/backend/omarchy/shaders/scatter.comp
[ 29%] Generating shaders/scatter_fadd_multi_f32.spv
[ 29%] Generating shaders/scatter_fadd_triple_f32.spv
/home/joshuawarren/.config/superpowers/worktrees/mlx-omarchy/PrefillQmm/.work/mlx/mlx/backend/omarchy/shaders/scatter.comp
[ 29%] Generating shaders/scatter_fadd_general_f32.spv
/home/joshuawarren/.config/superpowers/worktrees/mlx-omarchy/PrefillQmm/.work/mlx/mlx/backend/omarchy/shaders/scatter.comp
[ 29%] Generating shaders/scatter_fcas_f32.spv
/home/joshuawarren/.config/superpowers/worktrees/mlx-omarchy/PrefillQmm/.work/mlx/mlx/backend/omarchy/shaders/scatter.comp
/home/joshuawarren/.config/superpowers/worktrees/mlx-omarchy/PrefillQmm/.work/mlx/mlx/backend/omarchy/shaders/scatter.comp
[ 29%] Generating shaders/scatter_fcas_f16.spv
[ 29%] Generating shaders/scatter_fcas_bf16.spv
/home/joshuawarren/.config/superpowers/worktrees/mlx-omarchy/PrefillQmm/.work/mlx/mlx/backend/omarchy/shaders/scatter.comp
[ 29%] Generating shaders/scatter_fcas_multi_f32.spv
/home/joshuawarren/.config/superpowers/worktrees/mlx-omarchy/PrefillQmm/.work/mlx/mlx/backend/omarchy/shaders/scatter.comp
[ 29%] Generating shaders/scatter_fcas_triple_f32.spv
/home/joshuawarren/.config/superpowers/worktrees/mlx-omarchy/PrefillQmm/.work/mlx/mlx/backend/omarchy/shaders/scatter.comp
/home/joshuawarren/.config/superpowers/worktrees/mlx-omarchy/PrefillQmm/.work/mlx/mlx/backend/omarchy/shaders/scatter.comp
[ 30%] Generating shaders/scatter_fcas_general_f32.spv
[ 30%] Generating shaders/scatter_bool.spv
/home/joshuawarren/.config/superpowers/worktrees/mlx-omarchy/PrefillQmm/.work/mlx/mlx/backend/omarchy/shaders/scatter.comp
[ 30%] Generating shaders/scatter_bool_multi.spv
/home/joshuawarren/.config/superpowers/worktrees/mlx-omarchy/PrefillQmm/.work/mlx/mlx/backend/omarchy/shaders/scatter.comp
[ 31%] Generating shaders/scatter_axis_fadd_f32.spv
/home/joshuawarren/.config/superpowers/worktrees/mlx-omarchy/PrefillQmm/.work/mlx/mlx/backend/omarchy/shaders/scatter.comp
[ 31%] Generating shaders/scatter_multi_u8.spv
/home/joshuawarren/.config/superpowers/worktrees/mlx-omarchy/PrefillQmm/.work/mlx/mlx/backend/omarchy/shaders/scatter.comp
[ 31%] Generating shaders/scatter_multi_i8.spv
/home/joshuawarren/.config/superpowers/worktrees/mlx-omarchy/PrefillQmm/.work/mlx/mlx/backend/omarchy/shaders/scatter.comp
[ 31%] Generating shaders/scatter_multi_u16.spv
/home/joshuawarren/.config/superpowers/worktrees/mlx-omarchy/PrefillQmm/.work/mlx/mlx/backend/omarchy/shaders/scatter_axis.comp
[ 31%] Generating shaders/scatter_multi_i16.spv
/home/joshuawarren/.config/superpowers/worktrees/mlx-omarchy/PrefillQmm/.work/mlx/mlx/backend/omarchy/shaders/scatter.comp
[ 31%] Generating shaders/scatter_axis_fadd_f16.spv
/home/joshuawarren/.config/superpowers/worktrees/mlx-omarchy/PrefillQmm/.work/mlx/mlx/backend/omarchy/shaders/scatter.comp
[ 31%] Generating shaders/scatter_axis_fadd_bf16.spv
/home/joshuawarren/.config/superpowers/worktrees/mlx-omarchy/PrefillQmm/.work/mlx/mlx/backend/omarchy/shaders/scatter.comp
[ 31%] Generating shaders/scatter_axis_fcas_f32.spv
/home/joshuawarren/.config/superpowers/worktrees/mlx-omarchy/PrefillQmm/.work/mlx/mlx/backend/omarchy/shaders/scatter.comp
[ 31%] Generating shaders/scatter_axis_fcas_f16.spv
/home/joshuawarren/.config/superpowers/worktrees/mlx-omarchy/PrefillQmm/.work/mlx/mlx/backend/omarchy/shaders/scatter_axis.comp
/home/joshuawarren/.config/superpowers/worktrees/mlx-omarchy/PrefillQmm/.work/mlx/mlx/backend/omarchy/shaders/scatter_axis.comp
[ 31%] Generating shaders/scatter_axis_fcas_bf16.spv
[ 31%] Generating shaders/scatter_axis_bool.spv
/home/joshuawarren/.config/superpowers/worktrees/mlx-omarchy/PrefillQmm/.work/mlx/mlx/backend/omarchy/shaders/scatter_axis.comp
[ 31%] Generating shaders/clear_u32.spv
/home/joshuawarren/.config/superpowers/worktrees/mlx-omarchy/PrefillQmm/.work/mlx/mlx/backend/omarchy/shaders/scatter_axis.comp
[ 31%] Generating shaders/reduce_general_f32.spv
/home/joshuawarren/.config/superpowers/worktrees/mlx-omarchy/PrefillQmm/.work/mlx/mlx/backend/omarchy/shaders/scatter_axis.comp
/home/joshuawarren/.config/superpowers/worktrees/mlx-omarchy/PrefillQmm/.work/mlx/mlx/backend/omarchy/shaders/scatter_axis.comp
[ 31%] Generating shaders/reduce_general_f16.spv
[ 31%] Generating shaders/reduce_general_bf16.spv
/home/joshuawarren/.config/superpowers/worktrees/mlx-omarchy/PrefillQmm/.work/mlx/mlx/backend/omarchy/shaders/clear_uint.comp
[ 31%] Generating shaders/reduce_general_i32.spv
/home/joshuawarren/.config/superpowers/worktrees/mlx-omarchy/PrefillQmm/.work/mlx/mlx/backend/omarchy/shaders/reduce_general.comp
[ 31%] Generating shaders/reduce_general_u32.spv
/home/joshuawarren/.config/superpowers/worktrees/mlx-omarchy/PrefillQmm/.work/mlx/mlx/backend/omarchy/shaders/reduce_general.comp
/home/joshuawarren/.config/superpowers/worktrees/mlx-omarchy/PrefillQmm/.work/mlx/mlx/backend/omarchy/shaders/reduce_general.comp
[ 31%] Generating shaders/reduce_general_bool.spv
[ 31%] Generating shaders/reduce_general_i8.spv
/home/joshuawarren/.config/superpowers/worktrees/mlx-omarchy/PrefillQmm/.work/mlx/mlx/backend/omarchy/shaders/reduce_general.comp
[ 31%] Generating shaders/reduce_general_u8.spv
/home/joshuawarren/.config/superpowers/worktrees/mlx-omarchy/PrefillQmm/.work/mlx/mlx/backend/omarchy/shaders/reduce_general.comp
[ 32%] Generating shaders/reduce_general_i16.spv
/home/joshuawarren/.config/superpowers/worktrees/mlx-omarchy/PrefillQmm/.work/mlx/mlx/backend/omarchy/shaders/reduce_general.comp
[ 32%] Generating shaders/reduce_general_u16.spv
/home/joshuawarren/.config/superpowers/worktrees/mlx-omarchy/PrefillQmm/.work/mlx/mlx/backend/omarchy/shaders/reduce_general.comp
[ 32%] Generating shaders/reduce_general_i64.spv
/home/joshuawarren/.config/superpowers/worktrees/mlx-omarchy/PrefillQmm/.work/mlx/mlx/backend/omarchy/shaders/reduce_general.comp
[ 32%] Generating shaders/reduce_general_u64.spv
/home/joshuawarren/.config/superpowers/worktrees/mlx-omarchy/PrefillQmm/.work/mlx/mlx/backend/omarchy/shaders/reduce_general.comp
[ 32%] Generating shaders/reduce_general_complex.spv
/home/joshuawarren/.config/superpowers/worktrees/mlx-omarchy/PrefillQmm/.work/mlx/mlx/backend/omarchy/shaders/reduce_general.comp
[ 32%] Generating shaders/anyall_f32.spv
/home/joshuawarren/.config/superpowers/worktrees/mlx-omarchy/PrefillQmm/.work/mlx/mlx/backend/omarchy/shaders/reduce_general.comp
[ 32%] Generating shaders/anyall_f16.spv
/home/joshuawarren/.config/superpowers/worktrees/mlx-omarchy/PrefillQmm/.work/mlx/mlx/backend/omarchy/shaders/reduce_general.comp
[ 32%] Generating shaders/anyall_bf16.spv
/home/joshuawarren/.config/superpowers/worktrees/mlx-omarchy/PrefillQmm/.work/mlx/mlx/backend/omarchy/shaders/reduce_general.comp
[ 32%] Generating shaders/anyall_i32.spv
/home/joshuawarren/.config/superpowers/worktrees/mlx-omarchy/PrefillQmm/.work/mlx/mlx/backend/omarchy/shaders/reduce_general.comp
[ 33%] Generating shaders/anyall_u32.spv
/home/joshuawarren/.config/superpowers/worktrees/mlx-omarchy/PrefillQmm/.work/mlx/mlx/backend/omarchy/shaders/reduce_general.comp
[ 33%] Generating shaders/anyall_bool.spv
/home/joshuawarren/.config/superpowers/worktrees/mlx-omarchy/PrefillQmm/.work/mlx/mlx/backend/omarchy/shaders/reduce_general.comp
[ 33%] Generating shaders/scan_general_f32.spv
/home/joshuawarren/.config/superpowers/worktrees/mlx-omarchy/PrefillQmm/.work/mlx/mlx/backend/omarchy/shaders/reduce_general.comp
[ 33%] Generating shaders/scan_general_f16.spv
/home/joshuawarren/.config/superpowers/worktrees/mlx-omarchy/PrefillQmm/.work/mlx/mlx/backend/omarchy/shaders/reduce_general.comp
[ 33%] Generating shaders/scan_general_bf16.spv
/home/joshuawarren/.config/superpowers/worktrees/mlx-omarchy/PrefillQmm/.work/mlx/mlx/backend/omarchy/shaders/scan_general.comp
[ 33%] Generating shaders/scan_general_i32.spv
/home/joshuawarren/.config/superpowers/worktrees/mlx-omarchy/PrefillQmm/.work/mlx/mlx/backend/omarchy/shaders/scan_general.comp
/home/joshuawarren/.config/superpowers/worktrees/mlx-omarchy/PrefillQmm/.work/mlx/mlx/backend/omarchy/shaders/reduce_general.comp
[ 33%] Generating shaders/scan_general_u32.spv
[ 33%] Generating shaders/scan_general_bool.spv
/home/joshuawarren/.config/superpowers/worktrees/mlx-omarchy/PrefillQmm/.work/mlx/mlx/backend/omarchy/shaders/scan_general.comp
/home/joshuawarren/.config/superpowers/worktrees/mlx-omarchy/PrefillQmm/.work/mlx/mlx/backend/omarchy/shaders/scan_general.comp
[ 33%] Generating shaders/scan_general_i8.spv
[ 33%] Generating shaders/scan_general_u8.spv
/home/joshuawarren/.config/superpowers/worktrees/mlx-omarchy/PrefillQmm/.work/mlx/mlx/backend/omarchy/shaders/scan_general.comp
/home/joshuawarren/.config/superpowers/worktrees/mlx-omarchy/PrefillQmm/.work/mlx/mlx/backend/omarchy/shaders/scan_general.comp
[ 33%] Generating shaders/scan_general_i16.spv
[ 34%] Generating shaders/scan_general_u16.spv
/home/joshuawarren/.config/superpowers/worktrees/mlx-omarchy/PrefillQmm/.work/mlx/mlx/backend/omarchy/shaders/scan_general.comp
/home/joshuawarren/.config/superpowers/worktrees/mlx-omarchy/PrefillQmm/.work/mlx/mlx/backend/omarchy/shaders/scan_general.comp
[ 34%] Generating shaders/scan_general_i64.spv
[ 34%] Generating shaders/scan_general_u64.spv
/home/joshuawarren/.config/superpowers/worktrees/mlx-omarchy/PrefillQmm/.work/mlx/mlx/backend/omarchy/shaders/scan_general.comp
[ 34%] Generating shaders/scan_general_complex.spv
/home/joshuawarren/.config/superpowers/worktrees/mlx-omarchy/PrefillQmm/.work/mlx/mlx/backend/omarchy/shaders/scan_general.comp
[ 34%] Generating shaders/hadamard_f32.spv
/home/joshuawarren/.config/superpowers/worktrees/mlx-omarchy/PrefillQmm/.work/mlx/mlx/backend/omarchy/shaders/scan_general.comp
/home/joshuawarren/.config/superpowers/worktrees/mlx-omarchy/PrefillQmm/.work/mlx/mlx/backend/omarchy/shaders/scan_general.comp
[ 34%] Generating shaders/hadamard_f16.spv
[ 34%] Generating shaders/hadamard_bf16.spv
/home/joshuawarren/.config/superpowers/worktrees/mlx-omarchy/PrefillQmm/.work/mlx/mlx/backend/omarchy/shaders/scan_general.comp
/home/joshuawarren/.config/superpowers/worktrees/mlx-omarchy/PrefillQmm/.work/mlx/mlx/backend/omarchy/shaders/hadamard.comp
[ 34%] Generating shaders/block_mask_f32.spv
[ 34%] Generating shaders/gather_mm_f32.spv
/home/joshuawarren/.config/superpowers/worktrees/mlx-omarchy/PrefillQmm/.work/mlx/mlx/backend/omarchy/shaders/hadamard.comp
[ 34%] Generating shaders/gather_mm_f16.spv
/home/joshuawarren/.config/superpowers/worktrees/mlx-omarchy/PrefillQmm/.work/mlx/mlx/backend/omarchy/shaders/hadamard.comp
[ 34%] Generating shaders/gather_mm_bf16.spv
/home/joshuawarren/.config/superpowers/worktrees/mlx-omarchy/PrefillQmm/.work/mlx/mlx/backend/omarchy/shaders/block_mask.comp
[ 34%] Generating shaders/segmented_mm_f32.spv
/home/joshuawarren/.config/superpowers/worktrees/mlx-omarchy/PrefillQmm/.work/mlx/mlx/backend/omarchy/shaders/gather_mm.comp
[ 34%] Generating shaders/segmented_mm_f16.spv
/home/joshuawarren/.config/superpowers/worktrees/mlx-omarchy/PrefillQmm/.work/mlx/mlx/backend/omarchy/shaders/gather_mm.comp
[ 34%] Generating shaders/segmented_mm_bf16.spv
/home/joshuawarren/.config/superpowers/worktrees/mlx-omarchy/PrefillQmm/.work/mlx/mlx/backend/omarchy/shaders/gather_mm.comp
[ 34%] Generating shaders/gather_qmm_f32.spv
/home/joshuawarren/.config/superpowers/worktrees/mlx-omarchy/PrefillQmm/.work/mlx/mlx/backend/omarchy/shaders/segmented_mm.comp
[ 34%] Generating shaders/gather_qmm_f16.spv
/home/joshuawarren/.config/superpowers/worktrees/mlx-omarchy/PrefillQmm/.work/mlx/mlx/backend/omarchy/shaders/segmented_mm.comp
[ 34%] Generating shaders/gather_qmm_bf16.spv
/home/joshuawarren/.config/superpowers/worktrees/mlx-omarchy/PrefillQmm/.work/mlx/mlx/backend/omarchy/shaders/segmented_mm.comp
[ 34%] Generating shaders/gather_qmm_nb_f32.spv
/home/joshuawarren/.config/superpowers/worktrees/mlx-omarchy/PrefillQmm/.work/mlx/mlx/backend/omarchy/shaders/gather_qmm.comp
[ 34%] Generating shaders/gather_qmm_nb_f16.spv
/home/joshuawarren/.config/superpowers/worktrees/mlx-omarchy/PrefillQmm/.work/mlx/mlx/backend/omarchy/shaders/gather_qmm.comp
[ 34%] Generating shaders/gather_qmm_nb_bf16.spv
/home/joshuawarren/.config/superpowers/worktrees/mlx-omarchy/PrefillQmm/.work/mlx/mlx/backend/omarchy/shaders/gather_qmm.comp
[ 34%] Generating shaders/gather_qmm_nb_fp_f32.spv
/home/joshuawarren/.config/superpowers/worktrees/mlx-omarchy/PrefillQmm/.work/mlx/mlx/backend/omarchy/shaders/gather_qmm.comp
[ 34%] Generating shaders/gather_qmm_nb_fp_f16.spv
/home/joshuawarren/.config/superpowers/worktrees/mlx-omarchy/PrefillQmm/.work/mlx/mlx/backend/omarchy/shaders/gather_qmm.comp
[ 35%] Generating shaders/gather_qmm_nb_fp_bf16.spv
/home/joshuawarren/.config/superpowers/worktrees/mlx-omarchy/PrefillQmm/.work/mlx/mlx/backend/omarchy/shaders/gather_qmm.comp
[ 35%] Generating shaders/gather_qmm_nb_fp_hgs_f32.spv
/home/joshuawarren/.config/superpowers/worktrees/mlx-omarchy/PrefillQmm/.work/mlx/mlx/backend/omarchy/shaders/gather_qmm.comp
[ 35%] Generating shaders/gather_qmm_nb_fp_hgs_f16.spv
/home/joshuawarren/.config/superpowers/worktrees/mlx-omarchy/PrefillQmm/.work/mlx/mlx/backend/omarchy/shaders/gather_qmm.comp
[ 35%] Generating shaders/gather_qmm_nb_fp_hgs_bf16.spv
/home/joshuawarren/.config/superpowers/worktrees/mlx-omarchy/PrefillQmm/.work/mlx/mlx/backend/omarchy/shaders/gather_qmm.comp
[ 35%] Generating shaders/fft_f32.spv
/home/joshuawarren/.config/superpowers/worktrees/mlx-omarchy/PrefillQmm/.work/mlx/mlx/backend/omarchy/shaders/gather_qmm.comp
[ 35%] Generating shaders/fft_real_f32.spv
/home/joshuawarren/.config/superpowers/worktrees/mlx-omarchy/PrefillQmm/.work/mlx/mlx/backend/omarchy/shaders/gather_qmm.comp
[ 36%] Generating shaders/fft_stage_f32.spv
/home/joshuawarren/.config/superpowers/worktrees/mlx-omarchy/PrefillQmm/.work/mlx/mlx/backend/omarchy/shaders/gather_qmm.comp
[ 36%] Generating shaders/linalg_cholesky_f32.spv
/home/joshuawarren/.config/superpowers/worktrees/mlx-omarchy/PrefillQmm/.work/mlx/mlx/backend/omarchy/shaders/fft_c2c.comp
[ 36%] Generating shaders/linalg_inverse_f32.spv
/home/joshuawarren/.config/superpowers/worktrees/mlx-omarchy/PrefillQmm/.work/mlx/mlx/backend/omarchy/shaders/fft_real_extract.comp
[ 36%] Generating shaders/linalg_lu_f32.spv
/home/joshuawarren/.config/superpowers/worktrees/mlx-omarchy/PrefillQmm/.work/mlx/mlx/backend/omarchy/shaders/fft_stage.comp
[ 36%] Generating shaders/linalg_qr_f32.spv
/home/joshuawarren/.config/superpowers/worktrees/mlx-omarchy/PrefillQmm/.work/mlx/mlx/backend/omarchy/shaders/linalg_cholesky.comp
[ 36%] Generating shaders/linalg_eigh_f32.spv
/home/joshuawarren/.config/superpowers/worktrees/mlx-omarchy/PrefillQmm/.work/mlx/mlx/backend/omarchy/shaders/linalg_inverse.comp
[ 38%] Generating shaders/linalg_eig_f32.spv
/home/joshuawarren/.config/superpowers/worktrees/mlx-omarchy/PrefillQmm/.work/mlx/mlx/backend/omarchy/shaders/linalg_lu.comp
[ 38%] Generating shaders/linalg_svd_f32.spv
/home/joshuawarren/.config/superpowers/worktrees/mlx-omarchy/PrefillQmm/.work/mlx/mlx/backend/omarchy/shaders/linalg_qr.comp
[ 38%] Generating shaders/linalg_svd_finalize_f32.spv
/home/joshuawarren/.config/superpowers/worktrees/mlx-omarchy/PrefillQmm/.work/mlx/mlx/backend/omarchy/shaders/linalg_eigh.comp
[ 38%] Generating shaders/fast_rms_norm_f32.spv
/home/joshuawarren/.config/superpowers/worktrees/mlx-omarchy/PrefillQmm/.work/mlx/mlx/backend/omarchy/shaders/linalg_eig.comp
/home/joshuawarren/.config/superpowers/worktrees/mlx-omarchy/PrefillQmm/.work/mlx/mlx/backend/omarchy/shaders/linalg_svd.comp
[ 38%] Generating shaders/fast_rms_norm_f16.spv
[ 39%] Generating shaders/fast_rms_norm_bf16.spv
/home/joshuawarren/.config/superpowers/worktrees/mlx-omarchy/PrefillQmm/.work/mlx/mlx/backend/omarchy/shaders/linalg_svd_finalize.comp
[ 39%] Generating shaders/fast_layer_norm_f32.spv
/home/joshuawarren/.config/superpowers/worktrees/mlx-omarchy/PrefillQmm/.work/mlx/mlx/backend/omarchy/shaders/fast_norm.comp
[ 39%] Generating shaders/fast_layer_norm_f16.spv
/home/joshuawarren/.config/superpowers/worktrees/mlx-omarchy/PrefillQmm/.work/mlx/mlx/backend/omarchy/shaders/fast_norm.comp
/home/joshuawarren/.config/superpowers/worktrees/mlx-omarchy/PrefillQmm/.work/mlx/mlx/backend/omarchy/shaders/fast_norm.comp
[ 39%] Generating shaders/fast_layer_norm_bf16.spv
[ 39%] Generating shaders/fast_rms_norm_vjp_dx_f32.spv
/home/joshuawarren/.config/superpowers/worktrees/mlx-omarchy/PrefillQmm/.work/mlx/mlx/backend/omarchy/shaders/fast_norm.comp
[ 40%] Generating shaders/fast_rms_norm_vjp_dx_f16.spv
/home/joshuawarren/.config/superpowers/worktrees/mlx-omarchy/PrefillQmm/.work/mlx/mlx/backend/omarchy/shaders/fast_norm.comp
[ 40%] Generating shaders/fast_rms_norm_vjp_dx_bf16.spv
/home/joshuawarren/.config/superpowers/worktrees/mlx-omarchy/PrefillQmm/.work/mlx/mlx/backend/omarchy/shaders/fast_norm_vjp_dx.comp
/home/joshuawarren/.config/superpowers/worktrees/mlx-omarchy/PrefillQmm/.work/mlx/mlx/backend/omarchy/shaders/fast_norm.comp
[ 40%] Generating shaders/fast_layer_norm_vjp_dx_f32.spv
[ 40%] Generating shaders/fast_layer_norm_vjp_dx_f16.spv
/home/joshuawarren/.config/superpowers/worktrees/mlx-omarchy/PrefillQmm/.work/mlx/mlx/backend/omarchy/shaders/fast_norm_vjp_dx.comp
[ 40%] Generating shaders/fast_layer_norm_vjp_dx_bf16.spv
/home/joshuawarren/.config/superpowers/worktrees/mlx-omarchy/PrefillQmm/.work/mlx/mlx/backend/omarchy/shaders/fast_norm_vjp_dx.comp
/home/joshuawarren/.config/superpowers/worktrees/mlx-omarchy/PrefillQmm/.work/mlx/mlx/backend/omarchy/shaders/fast_norm_vjp_dx.comp
/home/joshuawarren/.config/superpowers/worktrees/mlx-omarchy/PrefillQmm/.work/mlx/mlx/backend/omarchy/shaders/fast_norm_vjp_dx.comp
[ 40%] Generating shaders/fast_rms_norm_vjp_dw_f32.spv
[ 40%] Generating shaders/fast_rms_norm_vjp_dw_f16.spv
[ 40%] Generating shaders/fast_rms_norm_vjp_dw_bf16.spv
/home/joshuawarren/.config/superpowers/worktrees/mlx-omarchy/PrefillQmm/.work/mlx/mlx/backend/omarchy/shaders/fast_norm_vjp_dx.comp
[ 40%] Generating shaders/fast_layer_norm_vjp_dw_f32.spv
/home/joshuawarren/.config/superpowers/worktrees/mlx-omarchy/PrefillQmm/.work/mlx/mlx/backend/omarchy/shaders/fast_norm_vjp_dw.comp
[ 40%] Generating shaders/fast_layer_norm_vjp_dw_f16.spv
/home/joshuawarren/.config/superpowers/worktrees/mlx-omarchy/PrefillQmm/.work/mlx/mlx/backend/omarchy/shaders/fast_norm_vjp_dw.comp
/home/joshuawarren/.config/superpowers/worktrees/mlx-omarchy/PrefillQmm/.work/mlx/mlx/backend/omarchy/shaders/fast_norm_vjp_dw.comp
[ 40%] Generating shaders/fast_rms_norm_vjp_dw_reduce_f32.spv
[ 40%] Generating shaders/fast_layer_norm_vjp_dw_bf16.spv
/home/joshuawarren/.config/superpowers/worktrees/mlx-omarchy/PrefillQmm/.work/mlx/mlx/backend/omarchy/shaders/fast_norm_vjp_dw.comp
[ 40%] Generating shaders/fast_rms_norm_vjp_dw_reduce_f16.spv
/home/joshuawarren/.config/superpowers/worktrees/mlx-omarchy/PrefillQmm/.work/mlx/mlx/backend/omarchy/shaders/fast_norm_vjp_dw_reduce.comp
/home/joshuawarren/.config/superpowers/worktrees/mlx-omarchy/PrefillQmm/.work/mlx/mlx/backend/omarchy/shaders/fast_norm_vjp_dw.comp
/home/joshuawarren/.config/superpowers/worktrees/mlx-omarchy/PrefillQmm/.work/mlx/mlx/backend/omarchy/shaders/fast_norm_vjp_dw.comp
[ 41%] Generating shaders/fast_rms_norm_vjp_dw_reduce_bf16.spv
[ 41%] Generating shaders/fast_cross_entropy_vjp_f32.spv
[ 41%] Generating shaders/fast_cross_entropy_vjp_f16.spv
/home/joshuawarren/.config/superpowers/worktrees/mlx-omarchy/PrefillQmm/.work/mlx/mlx/backend/omarchy/shaders/fast_norm_vjp_dw_reduce.comp
[ 41%] Generating shaders/fast_cross_entropy_vjp_bf16.spv
/home/joshuawarren/.config/superpowers/worktrees/mlx-omarchy/PrefillQmm/.work/mlx/mlx/backend/omarchy/shaders/fast_norm_vjp_dw_reduce.comp
/home/joshuawarren/.config/superpowers/worktrees/mlx-omarchy/PrefillQmm/.work/mlx/mlx/backend/omarchy/shaders/fast_cross_entropy_vjp.comp
[ 41%] Generating shaders/fast_cross_entropy_f32.spv
/home/joshuawarren/.config/superpowers/worktrees/mlx-omarchy/PrefillQmm/.work/mlx/mlx/backend/omarchy/shaders/fast_cross_entropy_vjp.comp
[ 41%] Generating shaders/fast_cross_entropy_f16.spv
[ 41%] Generating shaders/fast_cross_entropy_bf16.spv
/home/joshuawarren/.config/superpowers/worktrees/mlx-omarchy/PrefillQmm/.work/mlx/mlx/backend/omarchy/shaders/fast_cross_entropy_vjp.comp
[ 41%] Generating shaders/fast_rope_f32.spv
/home/joshuawarren/.config/superpowers/worktrees/mlx-omarchy/PrefillQmm/.work/mlx/mlx/backend/omarchy/shaders/fast_cross_entropy.comp
/home/joshuawarren/.config/superpowers/worktrees/mlx-omarchy/PrefillQmm/.work/mlx/mlx/backend/omarchy/shaders/fast_cross_entropy.comp
[ 41%] Generating shaders/fast_rope_f16.spv
/home/joshuawarren/.config/superpowers/worktrees/mlx-omarchy/PrefillQmm/.work/mlx/mlx/backend/omarchy/shaders/fast_cross_entropy.comp
[ 41%] Generating shaders/fast_rope_bf16.spv
[ 41%] Generating shaders/fast_rope_freqs_f32.spv
/home/joshuawarren/.config/superpowers/worktrees/mlx-omarchy/PrefillQmm/.work/mlx/mlx/backend/omarchy/shaders/fast_rope.comp
[ 41%] Generating shaders/fast_rope_freqs_f16.spv
/home/joshuawarren/.config/superpowers/worktrees/mlx-omarchy/PrefillQmm/.work/mlx/mlx/backend/omarchy/shaders/fast_rope.comp
[ 41%] Generating shaders/fast_rope_freqs_bf16.spv
/home/joshuawarren/.config/superpowers/worktrees/mlx-omarchy/PrefillQmm/.work/mlx/mlx/backend/omarchy/shaders/fast_rope.comp
[ 41%] Generating shaders/fp8_to_f32.spv
/home/joshuawarren/.config/superpowers/worktrees/mlx-omarchy/PrefillQmm/.work/mlx/mlx/backend/omarchy/shaders/fast_rope.comp
[ 41%] Generating shaders/fp8_to_f16.spv
/home/joshuawarren/.config/superpowers/worktrees/mlx-omarchy/PrefillQmm/.work/mlx/mlx/backend/omarchy/shaders/fast_rope.comp
[ 42%] Generating shaders/fp8_to_bf16.spv
/home/joshuawarren/.config/superpowers/worktrees/mlx-omarchy/PrefillQmm/.work/mlx/mlx/backend/omarchy/shaders/fp8.comp
/home/joshuawarren/.config/superpowers/worktrees/mlx-omarchy/PrefillQmm/.work/mlx/mlx/backend/omarchy/shaders/fast_rope.comp
/home/joshuawarren/.config/superpowers/worktrees/mlx-omarchy/PrefillQmm/.work/mlx/mlx/backend/omarchy/shaders/fp8.comp
[ 42%] Generating shaders/fp8_from_f32.spv
[ 42%] Generating shaders/fp8_from_f16.spv
[ 42%] Generating shaders/fp8_from_bf16.spv
/home/joshuawarren/.config/superpowers/worktrees/mlx-omarchy/PrefillQmm/.work/mlx/mlx/backend/omarchy/shaders/fp8.comp
[ 42%] Generating shaders/complex_elementwise.spv
/home/joshuawarren/.config/superpowers/worktrees/mlx-omarchy/PrefillQmm/.work/mlx/mlx/backend/omarchy/shaders/fp8.comp
/home/joshuawarren/.config/superpowers/worktrees/mlx-omarchy/PrefillQmm/.work/mlx/mlx/backend/omarchy/shaders/fp8.comp
[ 42%] Generating shaders/complex_real.spv
/home/joshuawarren/.config/superpowers/worktrees/mlx-omarchy/PrefillQmm/.work/mlx/mlx/backend/omarchy/shaders/fp8.comp
[ 42%] Generating shaders/complex_imag.spv
[ 42%] Generating shaders/complex_abs.spv
/home/joshuawarren/.config/superpowers/worktrees/mlx-omarchy/PrefillQmm/.work/mlx/mlx/backend/omarchy/shaders/complex_extract.comp
/home/joshuawarren/.config/superpowers/worktrees/mlx-omarchy/PrefillQmm/.work/mlx/mlx/backend/omarchy/shaders/complex_extract.comp
[ 42%] Generating shaders/complex_abs_as_complex.spv
/home/joshuawarren/.config/superpowers/worktrees/mlx-omarchy/PrefillQmm/.work/mlx/mlx/backend/omarchy/shaders/complex_extract.comp
[ 42%] Generating shaders/cast_f32_c64.spv
/home/joshuawarren/.config/superpowers/worktrees/mlx-omarchy/PrefillQmm/.work/mlx/mlx/backend/omarchy/shaders/complex_elementwise.comp
[ 42%] Generating shaders/cast_i32_c64.spv
[ 42%] Generating shaders/cast_u32_c64.spv
/home/joshuawarren/.config/superpowers/worktrees/mlx-omarchy/PrefillQmm/.work/mlx/mlx/backend/omarchy/shaders/cast.comp
/home/joshuawarren/.config/superpowers/worktrees/mlx-omarchy/PrefillQmm/.work/mlx/mlx/backend/omarchy/shaders/complex_extract.comp
/home/joshuawarren/.config/superpowers/worktrees/mlx-omarchy/PrefillQmm/.work/mlx/mlx/backend/omarchy/shaders/cast.comp
/home/joshuawarren/.config/superpowers/worktrees/mlx-omarchy/PrefillQmm/.work/mlx/mlx/backend/omarchy/shaders/cast.comp
[ 42%] Generating shaders/cast_bool_c64.spv
[ 42%] Generating shaders/cast_f16_c64.spv
[ 42%] Generating shaders/cast_bf16_c64.spv
[ 42%] Generating shaders/cast_c64_f32.spv
/home/joshuawarren/.config/superpowers/worktrees/mlx-omarchy/PrefillQmm/.work/mlx/mlx/backend/omarchy/shaders/cast.comp
/home/joshuawarren/.config/superpowers/worktrees/mlx-omarchy/PrefillQmm/.work/mlx/mlx/backend/omarchy/shaders/cast.comp
/home/joshuawarren/.config/superpowers/worktrees/mlx-omarchy/PrefillQmm/.work/mlx/mlx/backend/omarchy/shaders/cast.comp
[ 43%] Generating shaders/cast_int_w1_w1.spv
[ 43%] Generating shaders/cast_int_w1_w2.spv
[ 43%] Generating shaders/cast_int_w1_w4.spv
/home/joshuawarren/.config/superpowers/worktrees/mlx-omarchy/PrefillQmm/.work/mlx/mlx/backend/omarchy/shaders/cast.comp
[ 43%] Generating shaders/cast_int_w1_w8.spv
/home/joshuawarren/.config/superpowers/worktrees/mlx-omarchy/PrefillQmm/.work/mlx/mlx/backend/omarchy/shaders/cast_int.comp
/home/joshuawarren/.config/superpowers/worktrees/mlx-omarchy/PrefillQmm/.work/mlx/mlx/backend/omarchy/shaders/cast_int.comp
/home/joshuawarren/.config/superpowers/worktrees/mlx-omarchy/PrefillQmm/.work/mlx/mlx/backend/omarchy/shaders/cast_int.comp
[ 43%] Generating shaders/cast_int_w2_w1.spv
[ 43%] Generating shaders/cast_int_w2_w2.spv
[ 43%] Generating shaders/cast_int_w2_w4.spv
/home/joshuawarren/.config/superpowers/worktrees/mlx-omarchy/PrefillQmm/.work/mlx/mlx/backend/omarchy/shaders/cast_int.comp
[ 43%] Generating shaders/cast_int_w2_w8.spv
/home/joshuawarren/.config/superpowers/worktrees/mlx-omarchy/PrefillQmm/.work/mlx/mlx/backend/omarchy/shaders/cast_int.comp
/home/joshuawarren/.config/superpowers/worktrees/mlx-omarchy/PrefillQmm/.work/mlx/mlx/backend/omarchy/shaders/cast_int.comp
[ 43%] Generating shaders/cast_int_w4_w1.spv
[ 43%] Generating shaders/cast_int_w4_w2.spv
/home/joshuawarren/.config/superpowers/worktrees/mlx-omarchy/PrefillQmm/.work/mlx/mlx/backend/omarchy/shaders/cast_int.comp
[ 44%] Generating shaders/cast_int_w4_w4.spv
/home/joshuawarren/.config/superpowers/worktrees/mlx-omarchy/PrefillQmm/.work/mlx/mlx/backend/omarchy/shaders/cast_int.comp
[ 44%] Generating shaders/cast_int_w4_w8.spv
/home/joshuawarren/.config/superpowers/worktrees/mlx-omarchy/PrefillQmm/.work/mlx/mlx/backend/omarchy/shaders/cast_int.comp
/home/joshuawarren/.config/superpowers/worktrees/mlx-omarchy/PrefillQmm/.work/mlx/mlx/backend/omarchy/shaders/cast_int.comp
[ 44%] Generating shaders/cast_int_w8_w1.spv
[ 44%] Generating shaders/cast_int_w8_w2.spv
/home/joshuawarren/.config/superpowers/worktrees/mlx-omarchy/PrefillQmm/.work/mlx/mlx/backend/omarchy/shaders/cast_int.comp
[ 44%] Generating shaders/cast_int_w8_w4.spv
/home/joshuawarren/.config/superpowers/worktrees/mlx-omarchy/PrefillQmm/.work/mlx/mlx/backend/omarchy/shaders/cast_int.comp
[ 44%] Generating shaders/cast_int_w8_w8.spv
/home/joshuawarren/.config/superpowers/worktrees/mlx-omarchy/PrefillQmm/.work/mlx/mlx/backend/omarchy/shaders/cast_int.comp
/home/joshuawarren/.config/superpowers/worktrees/mlx-omarchy/PrefillQmm/.work/mlx/mlx/backend/omarchy/shaders/cast_int.comp
[ 44%] Generating shaders/fill_c64.spv
[ 44%] Generating shaders/copy_general_c64.spv
/home/joshuawarren/.config/superpowers/worktrees/mlx-omarchy/PrefillQmm/.work/mlx/mlx/backend/omarchy/shaders/cast_int.comp
[ 44%] Generating shaders/fill_u64.spv
/home/joshuawarren/.config/superpowers/worktrees/mlx-omarchy/PrefillQmm/.work/mlx/mlx/backend/omarchy/shaders/cast_int.comp
[ 44%] Generating shaders/fill_u16.spv
/home/joshuawarren/.config/superpowers/worktrees/mlx-omarchy/PrefillQmm/.work/mlx/mlx/backend/omarchy/shaders/copy_general.comp
[ 44%] Generating shaders/elementwise_f32.h
/home/joshuawarren/.config/superpowers/worktrees/mlx-omarchy/PrefillQmm/.work/mlx/mlx/backend/omarchy/shaders/fill.comp
/home/joshuawarren/.config/superpowers/worktrees/mlx-omarchy/PrefillQmm/.work/mlx/mlx/backend/omarchy/shaders/fill.comp
[ 44%] Generating shaders/elementwise_f16.h
[ 44%] Generating shaders/elementwise_bf16.h
/home/joshuawarren/.config/superpowers/worktrees/mlx-omarchy/PrefillQmm/.work/mlx/mlx/backend/omarchy/shaders/fill.comp
[ 44%] Generating shaders/cast_bool_i32.h
[ 44%] Generating shaders/cast_bool_f32.h
[ 44%] Generating shaders/cast_bool_f16.h
[ 44%] Generating shaders/cast_bool_bf16.h
[ 44%] Generating shaders/cast_f16_f32.h
[ 44%] Generating shaders/cast_f32_f16.h
[ 44%] Generating shaders/cast_bf16_f32.h
[ 44%] Generating shaders/cast_f32_bf16.h
[ 44%] Generating shaders/cast_bf16_f16.h
[ 44%] Generating shaders/cast_f16_bf16.h
[ 44%] Generating shaders/cast_i32_f32.h
[ 44%] Generating shaders/cast_f32_i32.h
[ 44%] Generating shaders/cast_i32_f16.h
[ 44%] Generating shaders/cast_f16_i32.h
[ 44%] Generating shaders/cast_bf16_i32.h
[ 44%] Generating shaders/cast_i32_bf16.h
[ 44%] Generating shaders/reduce_f32.h
[ 45%] Generating shaders/cast_u32_f32.h
[ 45%] Generating shaders/reduce_f16.h
[ 45%] Generating shaders/reduce_bf16.h
[ 46%] Generating shaders/matmul_f32.h
[ 46%] Generating shaders/matmul_f32_coopmat.h
[ 46%] Generating shaders/matmul_f32_coopmat_bf16.h
[ 46%] Generating shaders/matmul_f16.h
[ 46%] Generating shaders/matmul_bf16.h
[ 46%] Generating shaders/matmul_complex64.h
[ 46%] Generating shaders/matmul_vec_f32.h
[ 46%] Generating shaders/matmul_vec_f16.h
[ 46%] Generating shaders/matmul_vec_bf16.h
[ 46%] Generating shaders/fill_f32.h
[ 46%] Generating shaders/fill_f16.h
[ 46%] Generating shaders/fill_bf16.h
[ 46%] Generating shaders/softmax_f32.h
[ 46%] Generating shaders/softmax_f16.h
[ 46%] Generating shaders/logsumexp_f32.h
[ 46%] Generating shaders/softmax_bf16.h
[ 46%] Generating shaders/logsumexp_f16.h
[ 46%] Generating shaders/logsumexp_bf16.h
[ 46%] Generating shaders/select_f32.h
[ 46%] Generating shaders/select_f16.h
[ 46%] Generating shaders/select_bf16.h
[ 46%] Generating shaders/select_i32.h
[ 46%] Generating shaders/select_bool.h
[ 46%] Generating shaders/select_complex64.h
[ 46%] Generating shaders/compare_f32.h
[ 46%] Generating shaders/compare_f16.h
[ 46%] Generating shaders/compare_bf16.h
[ 46%] Generating shaders/compare_i32.h
[ 46%] Generating shaders/compare_u32.h
[ 46%] Generating shaders/compare_i64.h
[ 47%] Generating shaders/compare_i8.h
[ 47%] Generating shaders/compare_u8.h
[ 47%] Generating shaders/compare_i16.h
[ 47%] Generating shaders/compare_u16.h
[ 47%] Generating shaders/compare_u64.h
[ 47%] Generating shaders/compare_complex.h
[ 48%] Generating shaders/logical_or_bool.h
[ 48%] Generating shaders/compare_bool.h
[ 48%] Generating shaders/take_f32.h
[ 48%] Generating shaders/take_f16.h
[ 48%] Generating shaders/take_bf16.h
[ 48%] Generating shaders/take_u32.h
[ 48%] Generating shaders/take_i64.h
[ 48%] Generating shaders/take_u16.h
[ 48%] Generating shaders/take_c64.h
[ 48%] Generating shaders/take_multi_f32.h
[ 48%] Generating shaders/take_multi_bf16.h
[ 48%] Generating shaders/take_multi_f16.h
[ 48%] Generating shaders/take_multi_u32.h
[ 48%] Generating shaders/take_multi_u16.h
[ 50%] Generating shaders/take_multi_i64.h
[ 50%] Generating shaders/take_multi_c64.h
[ 50%] Generating shaders/slice_update_reduce_f32.h
[ 50%] Generating shaders/slice_update_reduce_f16.h
[ 50%] Generating shaders/slice_update_reduce_bf16.h
[ 51%] Generating shaders/slice_update_reduce_u32.h
[ 51%] Generating shaders/scatter_triple_u32.h
[ 51%] Generating shaders/scatter_triple_f16.h
[ 51%] Generating shaders/scatter_triple_bf16.h
[ 51%] Generating shaders/scatter_bool_triple.h
[ 51%] Generating shaders/scatter_general_u32.h
[ 51%] Generating shaders/scatter_general_f16.h
[ 51%] Generating shaders/scatter_general_bf16.h
[ 51%] Generating shaders/scatter_general_bool.h
[ 51%] Generating shaders/scatter_general_u8.h
[ 52%] Generating shaders/scatter_general_i8.h
[ 52%] Generating shaders/scatter_general_u16.h
[ 52%] Generating shaders/scatter_general_i16.h
[ 52%] Generating shaders/scatter_triple_u8.h
[ 52%] Generating shaders/scatter_triple_i8.h
[ 52%] Generating shaders/scatter_triple_u16.h
[ 52%] Generating shaders/scatter_triple_i16.h
[ 52%] Generating shaders/copy_general_f32.h
[ 52%] Generating shaders/copy_general_f16.h
[ 52%] Generating shaders/copy_general_bool.h
[ 52%] Generating shaders/copy_general_bf16.h
[ 52%] Generating shaders/copy_general_u32.h
[ 52%] Generating shaders/copy_general_u8.h
[ 53%] Generating shaders/copy_general_u16.h
[ 53%] Generating shaders/copy_general_u64.h
[ 53%] Generating shaders/argreduce_f32.h
[ 53%] Generating shaders/argreduce_f16.h
[ 53%] Generating shaders/argreduce_i8.h
[ 53%] Generating shaders/argreduce_u8.h
[ 53%] Generating shaders/argreduce_bf16.h
[ 53%] Generating shaders/argreduce_i16.h
[ 53%] Generating shaders/argreduce_u16.h
[ 53%] Generating shaders/argreduce_i32.h
[ 53%] Generating shaders/argreduce_u32.h
[ 53%] Generating shaders/argreduce_i64.h
[ 54%] Generating shaders/argreduce_u64.h
[ 54%] Generating shaders/arange_f32.h
[ 54%] Generating shaders/arange_f16.h
[ 54%] Generating shaders/arange_bf16.h
[ 54%] Generating shaders/arange_i32.h
[ 54%] Generating shaders/arange_u32.h
[ 55%] Generating shaders/arange_u64.h
[ 55%] Generating shaders/arange_i64.h
[ 55%] Generating shaders/sort_f16.h
[ 55%] Generating shaders/sort_f32.h
[ 55%] Generating shaders/sort_c64.h
[ 55%] Generating shaders/sort_bf16.h
[ 55%] Generating shaders/argsort_f32.h
[ 55%] Generating shaders/argsort_f16.h
[ 55%] Generating shaders/argsort_bf16.h
[ 55%] Generating shaders/argsort_c64.h
[ 55%] Generating shaders/sort_i32.h
[ 55%] Generating shaders/sort_u32.h
[ 55%] Generating shaders/argsort_i32.h
[ 55%] Generating shaders/argsort_u32.h
[ 56%] Generating shaders/sort_i8.h
[ 56%] Generating shaders/sort_u8.h
[ 56%] Generating shaders/sort_i16.h
[ 56%] Generating shaders/sort_u16.h
[ 56%] Generating shaders/argsort_u8.h
[ 56%] Generating shaders/argsort_i8.h
[ 56%] Generating shaders/argsort_i16.h
[ 56%] Generating shaders/argsort_u16.h
[ 56%] Generating shaders/sort_merge_f32.h
[ 56%] Generating shaders/sort_merge_f16.h
[ 56%] Generating shaders/sort_merge_bf16.h
[ 56%] Generating shaders/sort_merge_i32.h
[ 56%] Generating shaders/sort_merge_u32.h
[ 56%] Generating shaders/argsort_merge_f16.h
[ 56%] Generating shaders/argsort_merge_f32.h
[ 56%] Generating shaders/argsort_merge_bf16.h
[ 57%] Generating shaders/argsort_merge_c64.h
[ 57%] Generating shaders/argsort_merge_i32.h
[ 57%] Generating shaders/argsort_merge_u32.h
[ 57%] Generating shaders/elementwise_u32.h
[ 57%] Generating shaders/elementwise_i32.h
[ 57%] Generating shaders/elementwise_i8.h
[ 57%] Generating shaders/elementwise_u8.h
[ 58%] Generating shaders/elementwise_i16.h
[ 58%] Generating shaders/elementwise_u16.h
[ 58%] Generating shaders/elementwise_i64.h
[ 58%] Generating shaders/elementwise_u64.h
[ 58%] Generating shaders/scan_f32.h
[ 58%] Generating shaders/scan_f16.h
[ 58%] Generating shaders/searchsorted_f32.h
[ 58%] Generating shaders/scan_bf16.h
[ 58%] Generating shaders/searchsorted_f16.h
[ 58%] Generating shaders/searchsorted_bf16.h
[ 58%] Generating shaders/searchsorted_i32.h
[ 58%] Generating shaders/searchsorted_u32.h
[ 58%] Generating shaders/random_bits_u32.h
[ 59%] Generating shaders/qmm_f32.h
[ 59%] Generating shaders/qmm_f16.h
[ 59%] Generating shaders/qmm_bf16.h
[ 59%] Generating shaders/fused_chain_f32.h
[ 59%] Generating shaders/fused_chain_bf16.h
[ 59%] Generating shaders/fused_chain_f16.h
[ 59%] Generating shaders/qmm_vec_f32.h
[ 59%] Generating shaders/qmm_vec_f16.h
[ 59%] Generating shaders/qmm_vec_bf16.h
[ 59%] Generating shaders/qmm_vec_subgroup_f32.h
[ 59%] Generating shaders/qmm_vec_subgroup_f16.h
[ 59%] Generating shaders/qmm_vec_subgroup_bf16.h
[ 59%] Generating shaders/qmm_vec_q4_word_f32.h
[ 59%] Generating shaders/qmm_vec_q4_word_f16.h
[ 59%] Generating shaders/qmm_vec_q4_word_bf16.h
[ 59%] Generating shaders/qmm_vec_q4_word_subgroup_f32.h
[ 59%] Generating shaders/qmm_vec_q4_word_subgroup_f16.h
[ 60%] Generating shaders/qmm_vec_q4_word_subgroup_bf16.h
[ 60%] Generating shaders/qmm_tile_f16.h
[ 60%] Generating shaders/qmm_tile_f32.h
[ 61%] Generating shaders/qmm_tile_rb_f16.h
[ 61%] Generating shaders/qmm_coopmat_f16.h
[ 61%] Generating shaders/binary_vec_f16.h
[ 61%] Generating shaders/binary_vec_bf16.h
[ 61%] Generating shaders/matmul_rb_f16.h
[ 61%] Generating shaders/swiglu_bf16.h
[ 63%] Generating shaders/swiglu_f16.h
[ 63%] Generating shaders/qmm_tile_bf16.h
[ 63%] Generating shaders/dequant_f32.h
[ 64%] Generating shaders/quantize_f32.h
[ 64%] Generating shaders/dequant_f16.h
[ 64%] Generating shaders/quantize_f16.h
[ 64%] Generating shaders/quantize_fp_f32.h
[ 64%] Generating shaders/quantize_fp_f16.h
[ 64%] Generating shaders/quantize_fp_bf16.h
[ 64%] Generating shaders/dequant_fp_f32.h
[ 64%] Generating shaders/dequant_fp_f16.h
[ 64%] Generating shaders/qmm_fp_f32.h
[ 64%] Generating shaders/dequant_fp_bf16.h
[ 64%] Generating shaders/qmm_fp_f16.h
[ 64%] Generating shaders/qmm_fp_bf16.h
[ 64%] Generating shaders/qmm_vec_fp_f32.h
[ 64%] Generating shaders/qmm_vec_fp_f16.h
[ 64%] Generating shaders/qmm_vec_fp_bf16.h
[ 64%] Generating shaders/qmm_vec_subgroup_fp_f32.h
[ 64%] Generating shaders/qmm_vec_subgroup_fp_f16.h
[ 64%] Generating shaders/qmm_vec_subgroup_fp_bf16.h
[ 64%] Generating shaders/qmm_tile_fp_f32.h
[ 64%] Generating shaders/qmm_tile_fp_f16.h
[ 64%] Generating shaders/qmm_tile_fp_bf16.h
[ 64%] Generating shaders/conv_f32.h
[ 64%] Generating shaders/conv_f16.h
[ 65%] Generating shaders/conv_bf16.h
[ 65%] Generating shaders/gather_axis_u32.h
[ 65%] Generating shaders/gather_axis_i64.h
[ 65%] Generating shaders/gather_axis_f16.h
[ 65%] Generating shaders/gather_axis_bf16.h
[ 66%] Generating shaders/gather_axis_c64.h
[ 66%] Generating shaders/scatter_u32.h
[ 66%] Generating shaders/scatter_f16.h
[ 66%] Generating shaders/scatter_u8.h
[ 66%] Generating shaders/scatter_i8.h
[ 67%] Generating shaders/scatter_u16.h
[ 67%] Generating shaders/scatter_i16.h
[ 67%] Generating shaders/scatter_bf16.h
[ 67%] Generating shaders/scatter_c64.h
[ 67%] Generating shaders/scatter_multi_u32.h
[ 67%] Generating shaders/scatter_multi_f16.h
[ 67%] Generating shaders/scatter_multi_bf16.h
[ 67%] Generating shaders/scatter_axis_u32.h
[ 68%] Generating shaders/scatter_axis_f16.h
[ 68%] Generating shaders/scatter_axis_c64.h
[ 68%] Generating shaders/scatter_axis_bf16.h
[ 68%] Generating shaders/masked_scatter_f16.h
[ 68%] Generating shaders/masked_scatter_u32.h
[ 68%] Generating shaders/scatter_fadd_f32.h
[ 68%] Generating shaders/masked_scatter_bf16.h
[ 68%] Generating shaders/scatter_fadd_f16.h
[ 68%] Generating shaders/scatter_fadd_bf16.h
[ 68%] Generating shaders/scatter_fadd_multi_f32.h
[ 68%] Generating shaders/scatter_fadd_triple_f32.h
[ 68%] Generating shaders/scatter_fadd_general_f32.h
[ 68%] Generating shaders/scatter_fcas_f32.h
[ 68%] Generating shaders/scatter_fcas_f16.h
[ 68%] Generating shaders/scatter_fcas_multi_f32.h
[ 69%] Generating shaders/scatter_fcas_bf16.h
[ 69%] Generating shaders/scatter_fcas_triple_f32.h
[ 69%] Generating shaders/scatter_fcas_general_f32.h
[ 69%] Generating shaders/scatter_bool.h
[ 69%] Generating shaders/scatter_axis_fadd_f32.h
[ 70%] Generating shaders/scatter_bool_multi.h
[ 70%] Generating shaders/scatter_multi_u8.h
[ 70%] Generating shaders/scatter_multi_i8.h
[ 71%] Generating shaders/scatter_multi_u16.h
[ 71%] Generating shaders/scatter_axis_fadd_f16.h
[ 71%] Generating shaders/scatter_multi_i16.h
[ 71%] Generating shaders/scatter_axis_fadd_bf16.h
[ 71%] Generating shaders/scatter_axis_fcas_f32.h
[ 71%] Generating shaders/scatter_axis_fcas_f16.h
[ 71%] Generating shaders/scatter_axis_fcas_bf16.h
[ 71%] Generating shaders/scatter_axis_bool.h
[ 71%] Generating shaders/clear_u32.h
[ 71%] Generating shaders/reduce_general_f32.h
[ 71%] Generating shaders/reduce_general_f16.h
[ 71%] Generating shaders/reduce_general_bf16.h
[ 71%] Generating shaders/reduce_general_i32.h
[ 71%] Generating shaders/reduce_general_u32.h
[ 71%] Generating shaders/reduce_general_bool.h
[ 71%] Generating shaders/reduce_general_i8.h
[ 72%] Generating shaders/reduce_general_u8.h
[ 72%] Generating shaders/reduce_general_i16.h
[ 72%] Generating shaders/reduce_general_u16.h
[ 72%] Generating shaders/reduce_general_i64.h
[ 72%] Generating shaders/reduce_general_u64.h
[ 72%] Generating shaders/anyall_bf16.h
[ 72%] Generating shaders/anyall_f32.h
[ 73%] Generating shaders/reduce_general_complex.h
[ 75%] Generating shaders/anyall_f16.h
[ 75%] Generating shaders/anyall_u32.h
[ 75%] Generating shaders/anyall_i32.h
[ 75%] Generating shaders/anyall_bool.h
[ 75%] Generating shaders/scan_general_f32.h
[ 75%] Generating shaders/scan_general_f16.h
[ 75%] Generating shaders/scan_general_bf16.h
[ 76%] Generating shaders/scan_general_i32.h
[ 76%] Generating shaders/scan_general_u32.h
[ 76%] Generating shaders/scan_general_i8.h
[ 76%] Generating shaders/scan_general_bool.h
[ 76%] Generating shaders/scan_general_u8.h
[ 76%] Generating shaders/scan_general_i16.h
[ 76%] Generating shaders/scan_general_u16.h
[ 76%] Generating shaders/scan_general_i64.h
[ 76%] Generating shaders/scan_general_u64.h
[ 76%] Generating shaders/scan_general_complex.h
[ 76%] Generating shaders/hadamard_f32.h
[ 77%] Generating shaders/hadamard_f16.h
[ 77%] Generating shaders/hadamard_bf16.h
[ 78%] Generating shaders/block_mask_f32.h
[ 78%] Generating shaders/gather_mm_f32.h
[ 78%] Generating shaders/gather_mm_bf16.h
[ 78%] Generating shaders/gather_mm_f16.h
[ 79%] Generating shaders/segmented_mm_f32.h
[ 79%] Generating shaders/segmented_mm_bf16.h
[ 79%] Generating shaders/segmented_mm_f16.h
[ 79%] Generating shaders/gather_qmm_f32.h
[ 79%] Generating shaders/gather_qmm_f16.h
[ 79%] Generating shaders/gather_qmm_bf16.h
[ 79%] Generating shaders/gather_qmm_nb_f32.h
[ 79%] Generating shaders/gather_qmm_nb_f16.h
[ 80%] Generating shaders/gather_qmm_nb_bf16.h
[ 80%] Generating shaders/gather_qmm_nb_fp_f32.h
[ 80%] Generating shaders/gather_qmm_nb_fp_f16.h
[ 80%] Generating shaders/gather_qmm_nb_fp_bf16.h
[ 80%] Generating shaders/gather_qmm_nb_fp_hgs_f32.h
[ 80%] Generating shaders/gather_qmm_nb_fp_hgs_bf16.h
[ 80%] Generating shaders/gather_qmm_nb_fp_hgs_f16.h
[ 80%] Generating shaders/fft_f32.h
[ 80%] Generating shaders/fft_real_f32.h
[ 80%] Generating shaders/fft_stage_f32.h
[ 80%] Generating shaders/linalg_cholesky_f32.h
[ 80%] Generating shaders/linalg_inverse_f32.h
[ 80%] Generating shaders/linalg_lu_f32.h
[ 80%] Generating shaders/linalg_qr_f32.h
[ 80%] Generating shaders/linalg_eigh_f32.h
[ 80%] Generating shaders/linalg_eig_f32.h
[ 80%] Generating shaders/linalg_svd_finalize_f32.h
[ 80%] Generating shaders/linalg_svd_f32.h
[ 80%] Generating shaders/fast_rms_norm_f32.h
[ 80%] Generating shaders/fast_rms_norm_f16.h
[ 80%] Generating shaders/fast_rms_norm_bf16.h
[ 80%] Generating shaders/fast_layer_norm_f32.h
[ 80%] Generating shaders/fast_layer_norm_f16.h
[ 80%] Generating shaders/fast_layer_norm_bf16.h
[ 80%] Generating shaders/fast_rms_norm_vjp_dx_f32.h
[ 80%] Generating shaders/fast_rms_norm_vjp_dx_f16.h
[ 80%] Generating shaders/fast_rms_norm_vjp_dx_bf16.h
[ 80%] Generating shaders/fast_layer_norm_vjp_dx_f32.h
[ 80%] Generating shaders/fast_layer_norm_vjp_dx_f16.h
[ 81%] Generating shaders/fast_layer_norm_vjp_dx_bf16.h
[ 81%] Generating shaders/fast_rms_norm_vjp_dw_f32.h
[ 81%] Generating shaders/fast_rms_norm_vjp_dw_f16.h
[ 81%] Generating shaders/fast_rms_norm_vjp_dw_bf16.h
[ 81%] Generating shaders/fast_layer_norm_vjp_dw_f32.h
[ 81%] Generating shaders/fast_layer_norm_vjp_dw_f16.h
[ 81%] Generating shaders/fast_layer_norm_vjp_dw_bf16.h
[ 81%] Generating shaders/fast_rms_norm_vjp_dw_reduce_f32.h
[ 82%] Generating shaders/fast_rms_norm_vjp_dw_reduce_f16.h
[ 82%] Generating shaders/fast_rms_norm_vjp_dw_reduce_bf16.h
[ 82%] Generating shaders/fast_cross_entropy_vjp_f32.h
[ 82%] Generating shaders/fast_cross_entropy_vjp_f16.h
[ 82%] Generating shaders/fast_cross_entropy_vjp_bf16.h
[ 83%] Generating shaders/fast_cross_entropy_f32.h
[ 83%] Generating shaders/fast_cross_entropy_f16.h
[ 83%] Generating shaders/fast_cross_entropy_bf16.h
[ 83%] Generating shaders/fast_rope_f32.h
[ 83%] Generating shaders/fast_rope_f16.h
[ 83%] Generating shaders/fast_rope_bf16.h
[ 84%] Generating shaders/fast_rope_freqs_f32.h
[ 84%] Generating shaders/fast_rope_freqs_f16.h
[ 84%] Generating shaders/fast_rope_freqs_bf16.h
[ 84%] Generating shaders/fp8_to_f32.h
[ 84%] Generating shaders/fp8_to_f16.h
[ 84%] Generating shaders/fp8_to_bf16.h
[ 84%] Generating shaders/fp8_from_f32.h
[ 84%] Generating shaders/fp8_from_f16.h
[ 85%] Generating shaders/fp8_from_bf16.h
[ 85%] Generating shaders/complex_elementwise.h
[ 85%] Generating shaders/complex_real.h
[ 85%] Generating shaders/complex_imag.h
[ 85%] Generating shaders/complex_abs.h
[ 85%] Generating shaders/cast_f32_c64.h
[ 86%] Generating shaders/cast_i32_c64.h
[ 86%] Generating shaders/complex_abs_as_complex.h
[ 86%] Generating shaders/cast_u32_c64.h
[ 86%] Generating shaders/cast_f16_c64.h
[ 86%] Generating shaders/cast_bool_c64.h
[ 86%] Generating shaders/cast_bf16_c64.h
[ 88%] Generating shaders/cast_c64_f32.h
[ 88%] Generating shaders/cast_int_w1_w2.h
[ 88%] Generating shaders/cast_int_w1_w1.h
[ 88%] Generating shaders/cast_int_w1_w4.h
[ 88%] Generating shaders/cast_int_w1_w8.h
[ 88%] Generating shaders/cast_int_w2_w1.h
[ 88%] Generating shaders/cast_int_w2_w2.h
[ 89%] Generating shaders/cast_int_w2_w8.h
[ 89%] Generating shaders/cast_int_w2_w4.h
[ 89%] Generating shaders/cast_int_w4_w1.h
[ 89%] Generating shaders/cast_int_w4_w2.h
[ 89%] Generating shaders/cast_int_w4_w8.h
[ 89%] Generating shaders/cast_int_w4_w4.h
[ 89%] Generating shaders/cast_int_w8_w1.h
[ 89%] Generating shaders/cast_int_w8_w2.h
[ 89%] Generating shaders/cast_int_w8_w4.h
[ 89%] Generating shaders/cast_int_w8_w8.h
[ 89%] Generating shaders/fill_c64.h
[ 89%] Generating shaders/copy_general_c64.h
[ 89%] Generating shaders/fill_u64.h
[ 89%] Generating shaders/fill_u16.h
[ 89%] Built target omarchy_shaders
[ 90%] Building CXX object CMakeFiles/mlx.dir/mlx/array.cpp.o
[ 90%] Building CXX object CMakeFiles/mlx.dir/mlx/device.cpp.o
[ 90%] Building CXX object CMakeFiles/mlx.dir/mlx/dtype.cpp.o
[ 90%] Building CXX object CMakeFiles/mlx.dir/mlx/compile.cpp.o
[ 90%] Building CXX object CMakeFiles/mlx.dir/mlx/dtype_utils.cpp.o
[ 90%] Building CXX object CMakeFiles/mlx.dir/mlx/export.cpp.o
[ 90%] Building CXX object CMakeFiles/mlx.dir/mlx/einsum.cpp.o
[ 90%] Building CXX object CMakeFiles/mlx.dir/mlx/fast.cpp.o
[ 90%] Building CXX object CMakeFiles/mlx.dir/mlx/fft.cpp.o
[ 90%] Building CXX object CMakeFiles/mlx.dir/mlx/ops.cpp.o
[ 91%] Building CXX object CMakeFiles/mlx.dir/mlx/graph_utils.cpp.o
[ 91%] Building CXX object CMakeFiles/mlx.dir/mlx/primitives.cpp.o
[ 91%] Building CXX object CMakeFiles/mlx.dir/mlx/random.cpp.o
[ 91%] Building CXX object CMakeFiles/mlx.dir/mlx/scheduler.cpp.o
[ 91%] Building CXX object CMakeFiles/mlx.dir/mlx/stream.cpp.o
[ 91%] Building CXX object CMakeFiles/mlx.dir/mlx/transforms.cpp.o
[ 91%] Building CXX object CMakeFiles/mlx.dir/mlx/utils.cpp.o
[ 91%] Building CXX object CMakeFiles/mlx.dir/mlx/linalg.cpp.o
[ 91%] Building CXX object CMakeFiles/mlx.dir/mlx/backend/common/broadcasting.cpp.o
[ 91%] Building CXX object CMakeFiles/mlx.dir/mlx/backend/common/compiled.cpp.o
[ 92%] Building CXX object CMakeFiles/mlx.dir/mlx/backend/common/common.cpp.o
[ 92%] Building CXX object CMakeFiles/mlx.dir/mlx/backend/common/load.cpp.o
[ 92%] Building CXX object CMakeFiles/mlx.dir/mlx/backend/common/metal_kernel.cpp.o
[ 92%] Building CXX object CMakeFiles/mlx.dir/mlx/backend/common/reduce.cpp.o
[ 92%] Building CXX object CMakeFiles/mlx.dir/mlx/backend/common/slicing.cpp.o
[ 92%] Building CXX object CMakeFiles/mlx.dir/mlx/backend/common/utils.cpp.o
[ 92%] Building CXX object CMakeFiles/mlx.dir/mlx/backend/cpu/device_info.cpp.o
[ 92%] Building CXX object CMakeFiles/mlx.dir/mlx/backend/cpu/arg_reduce.cpp.o
[ 92%] Building CXX object CMakeFiles/mlx.dir/mlx/backend/cpu/binary.cpp.o
[ 92%] Building CXX object CMakeFiles/mlx.dir/mlx/backend/cpu/conv.cpp.o
[ 93%] Building CXX object CMakeFiles/mlx.dir/mlx/backend/cpu/copy.cpp.o
[ 93%] Building CXX object CMakeFiles/mlx.dir/mlx/backend/cpu/distributed.cpp.o
[ 93%] Building CXX object CMakeFiles/mlx.dir/mlx/backend/cpu/eig.cpp.o
[ 93%] Building CXX object CMakeFiles/mlx.dir/mlx/backend/cpu/eigh.cpp.o
[ 93%] Building CXX object CMakeFiles/mlx.dir/mlx/backend/cpu/encoder.cpp.o
[ 93%] Building CXX object CMakeFiles/mlx.dir/mlx/backend/cpu/fft.cpp.o
[ 93%] Building CXX object CMakeFiles/mlx.dir/mlx/backend/cpu/hadamard.cpp.o
[ 93%] Building CXX object CMakeFiles/mlx.dir/mlx/backend/cpu/matmul.cpp.o
[ 93%] Building CXX object CMakeFiles/mlx.dir/mlx/backend/cpu/gemms/cblas.cpp.o
[ 93%] Building CXX object CMakeFiles/mlx.dir/mlx/backend/cpu/masked_mm.cpp.o
[ 94%] Building CXX object CMakeFiles/mlx.dir/mlx/backend/cpu/primitives.cpp.o
[ 94%] Building CXX object CMakeFiles/mlx.dir/mlx/backend/cpu/quantized.cpp.o
[ 94%] Building CXX object CMakeFiles/mlx.dir/mlx/backend/cpu/reduce.cpp.o
[ 94%] Building CXX object CMakeFiles/mlx.dir/mlx/backend/cpu/scan.cpp.o
[ 94%] Building CXX object CMakeFiles/mlx.dir/mlx/backend/cpu/select.cpp.o
[ 94%] Building CXX object CMakeFiles/mlx.dir/mlx/backend/cpu/softmax.cpp.o
[ 94%] Building CXX object CMakeFiles/mlx.dir/mlx/backend/cpu/logsumexp.cpp.o
[ 94%] Building CXX object CMakeFiles/mlx.dir/mlx/backend/cpu/sort.cpp.o
[ 94%] Building CXX object CMakeFiles/mlx.dir/mlx/backend/cpu/threefry.cpp.o
[ 94%] Building CXX object CMakeFiles/mlx.dir/mlx/backend/cpu/indexing.cpp.o
[ 95%] Building CXX object CMakeFiles/mlx.dir/mlx/backend/cpu/luf.cpp.o
[ 95%] Building CXX object CMakeFiles/mlx.dir/mlx/backend/cpu/qrf.cpp.o
[ 95%] Building CXX object CMakeFiles/mlx.dir/mlx/backend/cpu/svd.cpp.o
[ 95%] Building CXX object CMakeFiles/mlx.dir/mlx/backend/cpu/inverse.cpp.o
[ 95%] Building CXX object CMakeFiles/mlx.dir/mlx/backend/cpu/cholesky.cpp.o
[ 95%] Building CXX object CMakeFiles/mlx.dir/mlx/backend/cpu/unary.cpp.o
[ 95%] Building CXX object CMakeFiles/mlx.dir/mlx/backend/cpu/eval.cpp.o
[ 95%] Building CXX object CMakeFiles/mlx.dir/mlx/backend/cpu/compiled_preamble.cpp.o
[ 95%] Building CXX object CMakeFiles/mlx.dir/mlx/backend/cpu/gemms/simd_fp16.cpp.o
[ 95%] Building CXX object CMakeFiles/mlx.dir/mlx/backend/cpu/gemms/simd_bf16.cpp.o
[ 96%] Building CXX object CMakeFiles/mlx.dir/mlx/backend/cpu/compiled.cpp.o
[ 96%] Building CXX object CMakeFiles/mlx.dir/mlx/backend/cpu/jit_compiler.cpp.o
[ 96%] Building CXX object CMakeFiles/mlx.dir/mlx/distributed/primitives.cpp.o
[ 96%] Building CXX object CMakeFiles/mlx.dir/mlx/distributed/ops.cpp.o
[ 96%] Building CXX object CMakeFiles/mlx.dir/mlx/distributed/distributed.cpp.o
[ 96%] Building CXX object CMakeFiles/mlx.dir/mlx/distributed/utils.cpp.o
[ 96%] Building CXX object CMakeFiles/mlx.dir/mlx/distributed/mpi/mpi.cpp.o
[ 96%] Building CXX object CMakeFiles/mlx.dir/mlx/distributed/ring/ring.cpp.o
[ 96%] Building CXX object CMakeFiles/mlx.dir/mlx/distributed/nccl/no_nccl.cpp.o
[ 96%] Building CXX object CMakeFiles/mlx.dir/mlx/distributed/jaccl/no_jaccl.cpp.o
[ 97%] Building CXX object CMakeFiles/mlx.dir/mlx/io/load.cpp.o
[ 97%] Building CXX object CMakeFiles/mlx.dir/mlx/io/safetensors.cpp.o
[ 97%] Building CXX object CMakeFiles/mlx.dir/mlx/io/gguf.cpp.o
[ 97%] Building CXX object CMakeFiles/mlx.dir/mlx/io/gguf_quants.cpp.o
[ 97%] Building CXX object CMakeFiles/mlx.dir/mlx/backend/metal/no_metal.cpp.o
[ 97%] Building CXX object CMakeFiles/mlx.dir/mlx/backend/cuda/no_cuda.cpp.o
[ 97%] Building CXX object CMakeFiles/mlx.dir/mlx/backend/omarchy/allocator.cpp.o
[ 97%] Building CXX object CMakeFiles/mlx.dir/mlx/backend/omarchy/compiled.cpp.o
[ 97%] Building CXX object CMakeFiles/mlx.dir/mlx/backend/omarchy/compute.cpp.o
[ 97%] Building CXX object CMakeFiles/mlx.dir/mlx/backend/omarchy/device.cpp.o
[ 98%] Building CXX object CMakeFiles/mlx.dir/mlx/backend/omarchy/device_info.cpp.o
[ 98%] Building CXX object CMakeFiles/mlx.dir/mlx/backend/omarchy/encoder.cpp.o
[ 98%] Building CXX object CMakeFiles/mlx.dir/mlx/backend/omarchy/eval.cpp.o
[ 98%] Building CXX object CMakeFiles/mlx.dir/mlx/backend/omarchy/event.cpp.o
[ 98%] Building CXX object CMakeFiles/mlx.dir/mlx/backend/omarchy/fence.cpp.o
[ 98%] Building CXX object CMakeFiles/mlx.dir/mlx/backend/omarchy/copy.cpp.o
[ 98%] Building CXX object CMakeFiles/mlx.dir/mlx/backend/omarchy/primitives.cpp.o
[ 98%] Building CXX object CMakeFiles/mlx.dir/mlx/backend/omarchy/slicing.cpp.o
[ 98%] Building CXX object CMakeFiles/mlx.dir/mlx/backend/omarchy/fused_chain.cpp.o
[ 98%] Building CXX object CMakeFiles/mlx.dir/mlx/backend/omarchy/stream.cpp.o
[100%] Building CXX object CMakeFiles/mlx.dir/mlx/backend/omarchy/ane/manifest.cpp.o
[100%] Building CXX object CMakeFiles/mlx.dir/mlx/backend/omarchy/ane/bundle.cpp.o
[100%] Building CXX object CMakeFiles/mlx.dir/mlx/backend/omarchy/vulkan.cpp.o
[100%] Building CXX object CMakeFiles/mlx.dir/mlx/backend/gpu/copy.cpp.o
[100%] Building CXX object CMakeFiles/mlx.dir/mlx/backend/gpu/primitives.cpp.o
[100%] Building CXX object CMakeFiles/mlx.dir/mlx/backend/gpu/slicing.cpp.o
[100%] Linking CXX static library libmlx.a
[100%] Built target mlx
[100%] Building CXX object tests/omarchy/CMakeFiles/omarchy_matmul_family_tests.dir/test_matmul_family.cpp.o
[100%] Linking CXX executable omarchy_matmul_family_tests
[100%] Built target omarchy_matmul_family_tests
