[2026-09-24T20:17:49-05:00] bisect window begin
[2026-09-24T20:17:50-05:00] 8002 down
[2026-09-24T20:17:50-05:00] run base-on failed
[2026-09-24T20:17:50-05:00] run base-off failed
[2026-09-24T20:17:50-05:00] run nochain-on failed
[2026-09-24T20:17:50-05:00] run nochain-off failed
[2026-09-24T20:17:51-05:00] run onetok-on failed
[2026-09-24T20:17:51-05:00] run onetok-off failed
[2026-09-24T20:17:51-05:00] run noslice-on failed
[2026-09-24T20:17:51-05:00] run noslice-off failed
[2026-09-24T20:17:51-05:00] bisect matrix done
[2026-09-24T20:18:01-05:00] poll #2: 8002 ok
[2026-09-24T20:18:01-05:00] bisect window closed rc=0
[2026-09-24T20:19:29-05:00] bisect window begin
[2026-09-24T20:19:29-05:00] 8002 down
[2026-09-24T20:19:31-05:00] bisect matrix done
[2026-09-24T20:19:41-05:00] poll #2: 8002 ok
[2026-09-24T20:19:41-05:00] bisect window closed rc=0
[2026-09-24T20:20:09-05:00] bisect window begin
[2026-09-24T20:20:12-05:00] 8002 down
[2026-09-24T20:20:14-05:00] bisect matrix done
[2026-09-24T20:20:24-05:00] poll #2: 8002 ok
[2026-09-24T20:20:24-05:00] bisect window closed rc=0
[2026-09-24T20:22:23-05:00] bisect window begin
[2026-09-24T20:22:23-05:00] 8002 down
[2026-09-24T20:22:25-05:00] bisect matrix done
[2026-09-24T20:22:35-05:00] poll #2: 8002 ok
[2026-09-24T20:22:35-05:00] bisect window closed rc=0
[2026-09-24T20:24:37-05:00] bisect window begin
[2026-09-24T20:24:38-05:00] 8002 down
[2026-09-24T20:24:40-05:00] bisect matrix done
[2026-09-24T20:24:50-05:00] poll #2: 8002 ok
[2026-09-24T20:24:50-05:00] bisect window closed rc=0
[2026-09-24T20:25:35-05:00] bisect window begin
[2026-09-24T20:25:36-05:00] 8002 down
[2026-09-24T20:25:38-05:00] bisect matrix done
[2026-09-24T20:25:48-05:00] poll #2: 8002 ok
[2026-09-24T20:25:48-05:00] bisect window closed rc=0
[2026-09-25T04:10:49-05:00] bisect window begin
[2026-09-25T04:10:50-05:00] 8002 down
[2026-09-25T04:10:52-05:00] bisect matrix done
[2026-09-25T04:11:02-05:00] poll #2: 8002 ok
[2026-09-25T04:11:02-05:00] bisect window closed rc=0
[2026-09-25T04:12:12-05:00] bisect window begin
[2026-09-25T04:12:15-05:00] 8002 down
[2026-09-25T04:12:16-05:00] bisect matrix done
[2026-09-25T04:12:26-05:00] poll #2: 8002 ok
[2026-09-25T04:12:26-05:00] bisect window closed rc=0
