ok   rope f16 1x14x1x64 trad=0 (1792 bytes)
ok   rope f16 1x14x1x64 trad=0 scale (1792 bytes)
ok   rope-freqs f16 1x14x1x64 trad=0 (1792 bytes)
ok   rope-partial f16 1x14x1x64 trad=0 (1792 bytes)
ok   rope f16 1x14x1x64 trad=1 (1792 bytes)
ok   rope f16 1x14x1x64 trad=1 scale (1792 bytes)
ok   rope-freqs f16 1x14x1x64 trad=1 (1792 bytes)
ok   rope-partial f16 1x14x1x64 trad=1 (1792 bytes)
ok   rope-transposed f16 1x14x1x64 (1792 bytes)
ok   rope f16 1x2x1x64 trad=0 (256 bytes)
ok   rope f16 1x2x1x64 trad=0 scale (256 bytes)
ok   rope-freqs f16 1x2x1x64 trad=0 (256 bytes)
ok   rope-partial f16 1x2x1x64 trad=0 (256 bytes)
ok   rope f16 1x2x1x64 trad=1 (256 bytes)
ok   rope f16 1x2x1x64 trad=1 scale (256 bytes)
ok   rope-freqs f16 1x2x1x64 trad=1 (256 bytes)
ok   rope-partial f16 1x2x1x64 trad=1 (256 bytes)
ok   rope-transposed f16 1x2x1x64 (256 bytes)
ok   rope f16 1x14x41x64 trad=0 (73472 bytes)
ok   rope f16 1x14x41x64 trad=0 scale (73472 bytes)
ok   rope-freqs f16 1x14x41x64 trad=0 (73472 bytes)
ok   rope-partial f16 1x14x41x64 trad=0 (73472 bytes)
ok   rope f16 1x14x41x64 trad=1 (73472 bytes)
ok   rope f16 1x14x41x64 trad=1 scale (73472 bytes)
ok   rope-freqs f16 1x14x41x64 trad=1 (73472 bytes)
ok   rope-partial f16 1x14x41x64 trad=1 (73472 bytes)
ok   rope-transposed f16 1x14x41x64 (73472 bytes)
ok   rope f16 2x14x5x64 trad=0 (17920 bytes)
ok   rope f16 2x14x5x64 trad=0 scale (17920 bytes)
ok   rope-freqs f16 2x14x5x64 trad=0 (17920 bytes)
ok   rope-partial f16 2x14x5x64 trad=0 (17920 bytes)
ok   rope f16 2x14x5x64 trad=1 (17920 bytes)
ok   rope f16 2x14x5x64 trad=1 scale (17920 bytes)
ok   rope-freqs f16 2x14x5x64 trad=1 (17920 bytes)
ok   rope-partial f16 2x14x5x64 trad=1 (17920 bytes)
ok   rope-transposed f16 2x14x5x64 (17920 bytes)
ok   rope f16 3x4x300x128 trad=0 (921600 bytes)
ok   rope f16 3x4x300x128 trad=0 scale (921600 bytes)
ok   rope-freqs f16 3x4x300x128 trad=0 (921600 bytes)
ok   rope-partial f16 3x4x300x128 trad=0 (921600 bytes)
ok   rope f16 3x4x300x128 trad=1 (921600 bytes)
ok   rope f16 3x4x300x128 trad=1 scale (921600 bytes)
ok   rope-freqs f16 3x4x300x128 trad=1 (921600 bytes)
ok   rope-partial f16 3x4x300x128 trad=1 (921600 bytes)
ok   rope-transposed f16 3x4x300x128 (921600 bytes)
ok   rope f16 1x1x1x64 trad=0 (128 bytes)
ok   rope f16 1x1x1x64 trad=0 scale (128 bytes)
ok   rope-freqs f16 1x1x1x64 trad=0 (128 bytes)
ok   rope-partial f16 1x1x1x64 trad=0 (128 bytes)
ok   rope f16 1x1x1x64 trad=1 (128 bytes)
ok   rope f16 1x1x1x64 trad=1 scale (128 bytes)
ok   rope-freqs f16 1x1x1x64 trad=1 (128 bytes)
ok   rope-partial f16 1x1x1x64 trad=1 (128 bytes)
ok   rope-3d f16 (1792 bytes)
ok   rope f32 1x14x1x64 trad=0 (3584 bytes)
ok   rope f32 1x14x1x64 trad=0 scale (3584 bytes)
ok   rope-freqs f32 1x14x1x64 trad=0 (3584 bytes)
ok   rope-partial f32 1x14x1x64 trad=0 (3584 bytes)
ok   rope f32 1x14x1x64 trad=1 (3584 bytes)
ok   rope f32 1x14x1x64 trad=1 scale (3584 bytes)
ok   rope-freqs f32 1x14x1x64 trad=1 (3584 bytes)
ok   rope-partial f32 1x14x1x64 trad=1 (3584 bytes)
ok   rope-transposed f32 1x14x1x64 (3584 bytes)
ok   rope f32 1x2x1x64 trad=0 (512 bytes)
ok   rope f32 1x2x1x64 trad=0 scale (512 bytes)
ok   rope-freqs f32 1x2x1x64 trad=0 (512 bytes)
ok   rope-partial f32 1x2x1x64 trad=0 (512 bytes)
ok   rope f32 1x2x1x64 trad=1 (512 bytes)
ok   rope f32 1x2x1x64 trad=1 scale (512 bytes)
ok   rope-freqs f32 1x2x1x64 trad=1 (512 bytes)
ok   rope-partial f32 1x2x1x64 trad=1 (512 bytes)
ok   rope-transposed f32 1x2x1x64 (512 bytes)
ok   rope f32 1x14x41x64 trad=0 (146944 bytes)
ok   rope f32 1x14x41x64 trad=0 scale (146944 bytes)
ok   rope-freqs f32 1x14x41x64 trad=0 (146944 bytes)
ok   rope-partial f32 1x14x41x64 trad=0 (146944 bytes)
ok   rope f32 1x14x41x64 trad=1 (146944 bytes)
ok   rope f32 1x14x41x64 trad=1 scale (146944 bytes)
ok   rope-freqs f32 1x14x41x64 trad=1 (146944 bytes)
ok   rope-partial f32 1x14x41x64 trad=1 (146944 bytes)
ok   rope-transposed f32 1x14x41x64 (146944 bytes)
ok   rope f32 2x14x5x64 trad=0 (35840 bytes)
ok   rope f32 2x14x5x64 trad=0 scale (35840 bytes)
ok   rope-freqs f32 2x14x5x64 trad=0 (35840 bytes)
ok   rope-partial f32 2x14x5x64 trad=0 (35840 bytes)
ok   rope f32 2x14x5x64 trad=1 (35840 bytes)
ok   rope f32 2x14x5x64 trad=1 scale (35840 bytes)
ok   rope-freqs f32 2x14x5x64 trad=1 (35840 bytes)
ok   rope-partial f32 2x14x5x64 trad=1 (35840 bytes)
ok   rope-transposed f32 2x14x5x64 (35840 bytes)
ok   rope f32 3x4x300x128 trad=0 (1843200 bytes)
ok   rope f32 3x4x300x128 trad=0 scale (1843200 bytes)
ok   rope-freqs f32 3x4x300x128 trad=0 (1843200 bytes)
ok   rope-partial f32 3x4x300x128 trad=0 (1843200 bytes)
ok   rope f32 3x4x300x128 trad=1 (1843200 bytes)
ok   rope f32 3x4x300x128 trad=1 scale (1843200 bytes)
ok   rope-freqs f32 3x4x300x128 trad=1 (1843200 bytes)
ok   rope-partial f32 3x4x300x128 trad=1 (1843200 bytes)
ok   rope-transposed f32 3x4x300x128 (1843200 bytes)
ok   rope f32 1x1x1x64 trad=0 (256 bytes)
ok   rope f32 1x1x1x64 trad=0 scale (256 bytes)
ok   rope-freqs f32 1x1x1x64 trad=0 (256 bytes)
ok   rope-partial f32 1x1x1x64 trad=0 (256 bytes)
ok   rope f32 1x1x1x64 trad=1 (256 bytes)
ok   rope f32 1x1x1x64 trad=1 scale (256 bytes)
ok   rope-freqs f32 1x1x1x64 trad=1 (256 bytes)
ok   rope-partial f32 1x1x1x64 trad=1 (256 bytes)
ok   rope-3d f32 (3584 bytes)
ok   rope bf16 1x14x1x64 trad=0 (1792 bytes)
ok   rope bf16 1x14x1x64 trad=0 scale (1792 bytes)
ok   rope-freqs bf16 1x14x1x64 trad=0 (1792 bytes)
ok   rope-partial bf16 1x14x1x64 trad=0 (1792 bytes)
ok   rope bf16 1x14x1x64 trad=1 (1792 bytes)
ok   rope bf16 1x14x1x64 trad=1 scale (1792 bytes)
ok   rope-freqs bf16 1x14x1x64 trad=1 (1792 bytes)
ok   rope-partial bf16 1x14x1x64 trad=1 (1792 bytes)
ok   rope-transposed bf16 1x14x1x64 (1792 bytes)
ok   rope bf16 1x2x1x64 trad=0 (256 bytes)
ok   rope bf16 1x2x1x64 trad=0 scale (256 bytes)
ok   rope-freqs bf16 1x2x1x64 trad=0 (256 bytes)
ok   rope-partial bf16 1x2x1x64 trad=0 (256 bytes)
ok   rope bf16 1x2x1x64 trad=1 (256 bytes)
ok   rope bf16 1x2x1x64 trad=1 scale (256 bytes)
ok   rope-freqs bf16 1x2x1x64 trad=1 (256 bytes)
ok   rope-partial bf16 1x2x1x64 trad=1 (256 bytes)
ok   rope-transposed bf16 1x2x1x64 (256 bytes)
ok   rope bf16 1x14x41x64 trad=0 (73472 bytes)
ok   rope bf16 1x14x41x64 trad=0 scale (73472 bytes)
ok   rope-freqs bf16 1x14x41x64 trad=0 (73472 bytes)
ok   rope-partial bf16 1x14x41x64 trad=0 (73472 bytes)
ok   rope bf16 1x14x41x64 trad=1 (73472 bytes)
ok   rope bf16 1x14x41x64 trad=1 scale (73472 bytes)
ok   rope-freqs bf16 1x14x41x64 trad=1 (73472 bytes)
ok   rope-partial bf16 1x14x41x64 trad=1 (73472 bytes)
ok   rope-transposed bf16 1x14x41x64 (73472 bytes)
ok   rope bf16 2x14x5x64 trad=0 (17920 bytes)
ok   rope bf16 2x14x5x64 trad=0 scale (17920 bytes)
ok   rope-freqs bf16 2x14x5x64 trad=0 (17920 bytes)
ok   rope-partial bf16 2x14x5x64 trad=0 (17920 bytes)
ok   rope bf16 2x14x5x64 trad=1 (17920 bytes)
ok   rope bf16 2x14x5x64 trad=1 scale (17920 bytes)
ok   rope-freqs bf16 2x14x5x64 trad=1 (17920 bytes)
ok   rope-partial bf16 2x14x5x64 trad=1 (17920 bytes)
ok   rope-transposed bf16 2x14x5x64 (17920 bytes)
ok   rope bf16 3x4x300x128 trad=0 (921600 bytes)
ok   rope bf16 3x4x300x128 trad=0 scale (921600 bytes)
ok   rope-freqs bf16 3x4x300x128 trad=0 (921600 bytes)
ok   rope-partial bf16 3x4x300x128 trad=0 (921600 bytes)
ok   rope bf16 3x4x300x128 trad=1 (921600 bytes)
ok   rope bf16 3x4x300x128 trad=1 scale (921600 bytes)
ok   rope-freqs bf16 3x4x300x128 trad=1 (921600 bytes)
ok   rope-partial bf16 3x4x300x128 trad=1 (921600 bytes)
ok   rope-transposed bf16 3x4x300x128 (921600 bytes)
ok   rope bf16 1x1x1x64 trad=0 (128 bytes)
ok   rope bf16 1x1x1x64 trad=0 scale (128 bytes)
ok   rope-freqs bf16 1x1x1x64 trad=0 (128 bytes)
ok   rope-partial bf16 1x1x1x64 trad=0 (128 bytes)
ok   rope bf16 1x1x1x64 trad=1 (128 bytes)
ok   rope bf16 1x1x1x64 trad=1 scale (128 bytes)
ok   rope-freqs bf16 1x1x1x64 trad=1 (128 bytes)
ok   rope-partial bf16 1x1x1x64 trad=1 (128 bytes)
ok   rope-3d bf16 (1792 bytes)
ok   kv-row-update dtype=9 B=1 (65536 bytes)
ok   kv-41-update dtype=9 B=1 (65536 bytes)
ok   kv-41-update-strided dtype=9 B=1 (65536 bytes)
ok   1d-update dtype=9 (8192 bytes)
ok   transpose-copy dtype=9 (4736 bytes)
ok   col-update dtype=9 (4736 bytes)
ok   kv-row-update dtype=9 B=2 (131072 bytes)
ok   kv-41-update dtype=9 B=2 (131072 bytes)
ok   kv-41-update-strided dtype=9 B=2 (131072 bytes)
ok   1d-update dtype=9 (8192 bytes)
ok   transpose-copy dtype=9 (4736 bytes)
ok   col-update dtype=9 (4736 bytes)
ok   kv-row-update dtype=10 B=1 (131072 bytes)
ok   kv-41-update dtype=10 B=1 (131072 bytes)
ok   kv-41-update-strided dtype=10 B=1 (131072 bytes)
ok   1d-update dtype=10 (16384 bytes)
ok   transpose-copy dtype=10 (9472 bytes)
ok   col-update dtype=10 (9472 bytes)
ok   kv-row-update dtype=10 B=2 (262144 bytes)
ok   kv-41-update dtype=10 B=2 (262144 bytes)
ok   kv-41-update-strided dtype=10 B=2 (262144 bytes)
ok   1d-update dtype=10 (16384 bytes)
ok   transpose-copy dtype=10 (9472 bytes)
ok   col-update dtype=10 (9472 bytes)
ok   kv-row-update dtype=12 B=1 (65536 bytes)
ok   kv-41-update dtype=12 B=1 (65536 bytes)
ok   kv-41-update-strided dtype=12 B=1 (65536 bytes)
ok   1d-update dtype=12 (8192 bytes)
ok   transpose-copy dtype=12 (4736 bytes)
ok   col-update dtype=12 (4736 bytes)
ok   kv-row-update dtype=12 B=2 (131072 bytes)
ok   kv-41-update dtype=12 B=2 (131072 bytes)
ok   kv-41-update-strided dtype=12 B=2 (131072 bytes)
ok   1d-update dtype=12 (8192 bytes)
ok   transpose-copy dtype=12 (4736 bytes)
ok   col-update dtype=12 (4736 bytes)
ok   kv-row-update dtype=7 B=1 (131072 bytes)
ok   kv-41-update dtype=7 B=1 (131072 bytes)
ok   kv-41-update-strided dtype=7 B=1 (131072 bytes)
ok   1d-update dtype=7 (16384 bytes)
ok   transpose-copy dtype=7 (9472 bytes)
ok   col-update dtype=7 (9472 bytes)
ok   kv-row-update dtype=7 B=2 (262144 bytes)
ok   kv-41-update dtype=7 B=2 (262144 bytes)
ok   kv-41-update-strided dtype=7 B=2 (262144 bytes)
ok   1d-update dtype=7 (16384 bytes)
ok   transpose-copy dtype=7 (9472 bytes)
ok   col-update dtype=7 (9472 bytes)
ok   kv-row-update dtype=2 B=1 (65536 bytes)
ok   kv-41-update dtype=2 B=1 (65536 bytes)
ok   kv-41-update-strided dtype=2 B=1 (65536 bytes)
ok   1d-update dtype=2 (8192 bytes)
ok   transpose-copy dtype=2 (4736 bytes)
ok   col-update dtype=2 (4736 bytes)
ok   kv-row-update dtype=2 B=2 (131072 bytes)
ok   kv-41-update dtype=2 B=2 (131072 bytes)
ok   kv-41-update-strided dtype=2 B=2 (131072 bytes)
ok   1d-update dtype=2 (8192 bytes)
ok   transpose-copy dtype=2 (4736 bytes)
ok   col-update dtype=2 (4736 bytes)
ok   rms_norm dtype=9 rows=1 len=896 (1792 bytes)
ok   rms_norm-scalar-w dtype=9 rows=1 len=896 (1792 bytes)
ok   rms_norm dtype=9 rows=1 len=64 (128 bytes)
ok   rms_norm-scalar-w dtype=9 rows=1 len=64 (128 bytes)
ok   rms_norm dtype=9 rows=1 len=1 (2 bytes)
ok   rms_norm-scalar-w dtype=9 rows=1 len=1 (2 bytes)
ok   rms_norm dtype=9 rows=3 len=4096 (24576 bytes)
ok   rms_norm-scalar-w dtype=9 rows=3 len=4096 (24576 bytes)
ok   rms_norm dtype=9 rows=2 len=5000 (20000 bytes)
ok   rms_norm-scalar-w dtype=9 rows=2 len=5000 (20000 bytes)
ok   rms_norm dtype=9 rows=21 len=896 (37632 bytes)
ok   rms_norm-scalar-w dtype=9 rows=21 len=896 (37632 bytes)
ok   rms_norm dtype=9 rows=1 len=151936 (303872 bytes)
ok   rms_norm-scalar-w dtype=9 rows=1 len=151936 (303872 bytes)
ok   rms_norm dtype=10 rows=1 len=896 (3584 bytes)
ok   rms_norm-scalar-w dtype=10 rows=1 len=896 (3584 bytes)
ok   rms_norm dtype=10 rows=1 len=64 (256 bytes)
ok   rms_norm-scalar-w dtype=10 rows=1 len=64 (256 bytes)
ok   rms_norm dtype=10 rows=1 len=1 (4 bytes)
ok   rms_norm-scalar-w dtype=10 rows=1 len=1 (4 bytes)
ok   rms_norm dtype=10 rows=3 len=4096 (49152 bytes)
ok   rms_norm-scalar-w dtype=10 rows=3 len=4096 (49152 bytes)
ok   rms_norm dtype=10 rows=2 len=5000 (40000 bytes)
ok   rms_norm-scalar-w dtype=10 rows=2 len=5000 (40000 bytes)
ok   rms_norm dtype=10 rows=21 len=896 (75264 bytes)
ok   rms_norm-scalar-w dtype=10 rows=21 len=896 (75264 bytes)
ok   rms_norm dtype=10 rows=1 len=151936 (607744 bytes)
ok   rms_norm-scalar-w dtype=10 rows=1 len=151936 (607744 bytes)
ok   rms_norm dtype=12 rows=1 len=896 (1792 bytes)
ok   rms_norm-scalar-w dtype=12 rows=1 len=896 (1792 bytes)
ok   rms_norm dtype=12 rows=1 len=64 (128 bytes)
ok   rms_norm-scalar-w dtype=12 rows=1 len=64 (128 bytes)
ok   rms_norm dtype=12 rows=1 len=1 (2 bytes)
ok   rms_norm-scalar-w dtype=12 rows=1 len=1 (2 bytes)
ok   rms_norm dtype=12 rows=3 len=4096 (24576 bytes)
ok   rms_norm-scalar-w dtype=12 rows=3 len=4096 (24576 bytes)
ok   rms_norm dtype=12 rows=2 len=5000 (20000 bytes)
ok   rms_norm-scalar-w dtype=12 rows=2 len=5000 (20000 bytes)
ok   rms_norm dtype=12 rows=21 len=896 (37632 bytes)
ok   rms_norm-scalar-w dtype=12 rows=21 len=896 (37632 bytes)
ok   rms_norm dtype=12 rows=1 len=151936 (303872 bytes)
ok   rms_norm-scalar-w dtype=12 rows=1 len=151936 (303872 bytes)
ok   donation-chain dtype=9 vk_buffer_copies=0 (40 slice_updates)
ok   donation-refcount dtype=9 intact=1 pasted=1
ok   donation-chain dtype=10 vk_buffer_copies=0 (40 slice_updates)
ok   donation-refcount dtype=10 intact=1 pasted=1
ok   donation-chain dtype=7 vk_buffer_copies=0 (40 slice_updates)
ok   donation-refcount dtype=7 intact=1 pasted=1
failures=0
