BENCH_BUILD_EXIT=0
== grid check
GRID_CHECK_EXIT=0
222
failures=0
== shaderdb (specialized pipelines)
SHADERDB_EXIT=0

CS shader: 14 instrs, 8 alu, 8 fscib, 0 ic, 98 code size, 5 gprs, 24 uniforms, 0 scratch, 1024 threads, 1 loops, 0:0 spills:fills, 22 preamble inst
PIPELINE ElementwiseF16
CS shader: 20 instrs, 10 alu, 10 fscib, 0 ic, 134 code size, 5 gprs, 32 uniforms, 0 scratch, 1024 threads, 1 loops, 0:0 spills:fills, 26 preamble inst
PIPELINE FastRopeF16
CS shader: 244 instrs, 236 alu, 202 fscib, 236 ic, 1844 code size, 19 gprs, 182 uniforms, 0 scratch, 1024 threads, 1 loops, 0:0 spills:fills, 203 preamble inst
PIPELINE FastRopeF16/grid
CS shader: 66 instrs, 64 alu, 52 fscib, 64 ic, 412 code size, 13 gprs, 62 uniforms, 0 scratch, 1024 threads, 0 loops, 0:0 spills:fills, 57 preamble inst
PIPELINE CopyGeneralF16
CS shader: 97 instrs, 53 alu, 53 fscib, 52 ic, 774 code size, 23 gprs, 54 uniforms, 0 scratch, 1024 threads, 2 loops, 0:0 spills:fills, 41 preamble inst
PIPELINE CopyGeneralF16/grid
CS shader: 20 instrs, 16 alu, 13 fscib, 16 ic, 138 code size, 9 gprs, 44 uniforms, 0 scratch, 1024 threads, 1 loops, 0:0 spills:fills, 42 preamble inst
PIPELINE FastRmsNormF16
CS shader: 116 instrs, 42 alu, 42 fscib, 12 ic, 870 code size, 17 gprs, 64 uniforms, 0 scratch, 1024 threads, 3 loops, 0:0 spills:fills, 46 preamble inst
PIPELINE ElementwiseF16
CS shader: 17 instrs, 9 alu, 9 fscib, 0 ic, 116 code size, 7 gprs, 28 uniforms, 0 scratch, 1024 threads, 1 loops, 0:0 spills:fills, 24 preamble inst
== raw bench x3
run 1 rc=0
run 2 rc=0
run 3 rc=0
