== prepare upstream tree ==
patching file CMakeLists.txt
patching file mlx/CMakeLists.txt
patching file tests/CMakeLists.txt
patching file mlx/transforms.cpp
patching file setup.py
patching file mlx/io/safetensors.cpp
patching file mlx/io/load.cpp
patching file mlx/export.cpp
patching file mlx/linalg.cpp
patching file python/src/buffer.h
patching file mlx/ops.cpp
Hunk #2 succeeded at 5051 (offset 1 line).
patching file mlx/backend/cpu/distributed.cpp
patching file mlx/fast.cpp
patching file setup.py
/home/joshuawarren/src/mlx-release-v040/.work/mlx
== build venv (/home/joshuawarren/src/mlx-release-v040/.work/venv-build) ==
== wheel build ==
Processing ./.work/mlx
  Preparing metadata (pyproject.toml): started
  Preparing metadata (pyproject.toml): finished with status 'done'
Building wheels for collected packages: mlx-omarchy
  Building wheel for mlx-omarchy (pyproject.toml): started
  Building wheel for mlx-omarchy (pyproject.toml): still running...
  Building wheel for mlx-omarchy (pyproject.toml): still running...
  Building wheel for mlx-omarchy (pyproject.toml): finished with status 'done'
  Created wheel for mlx-omarchy: filename=mlx_omarchy-0.32.2.dev202609100158+fef0de0-cp314-cp314-linux_aarch64.whl size=7444099 sha256=e2e01d910bd002b1dbbc7a419e5da4b9957fb02c3cd71957f1adb8762744269f
  Stored in directory: /tmp/pip-ephem-wheel-cache-jh4oh5vk/wheels/dc/e0/42/5e1fa34872cc9c955a6f1c96421f28857f2d50c5f7531089ab
Successfully built mlx-omarchy
== receipt ==
[receipt] wheel: /home/joshuawarren/src/mlx-release-v040/dist/mlx_omarchy-0.32.2.dev202609100158+fef0de0-cp314-cp314-linux_aarch64.whl
[receipt] size: 7444099 bytes
[receipt] sha256: e2e01d910bd002b1dbbc7a419e5da4b9957fb02c3cd71957f1adb8762744269f
[receipt] source commit: fef0de0
[receipt] NEXT STEP - do not skip: after you upload this wheel to a
[receipt] release, verify the UPLOADED asset with
[receipt]   python3 scripts/verify-release-assets.py <tag>
[receipt] It must print VERIFIED before the release is announced as
[receipt] usable. See docs/release.md. A local build check does not
[receipt] verify what users download.
