== prepare upstream tree ==
  % Total    % Received % Xferd  Average Speed  Time    Time    Time   Current
                                 Dload  Upload  Total   Spent   Left   Speed
  0      0   0      0   0      0      0      0                              0  0      0   0      0   0      0      0      0                              0  0      0   0      0   0      0      0      0                              0
  0      0   0      0   0      0      0      0                              0100  3.47M   0  3.47M   0      0  2.56M      0           00:01          3.47M100  4.20M   0  4.20M   0      0  2.89M      0           00:01          3.47M100  4.20M   0  4.20M   0      0  2.89M      0           00:01          3.47M100  4.20M   0  4.20M   0      0  2.89M      0           00:01          3.47M
patching file CMakeLists.txt
patching file mlx/CMakeLists.txt
patching file tests/CMakeLists.txt
patching file mlx/transforms.cpp
patching file setup.py
patching file mlx/io/safetensors.cpp
patching file mlx/io/load.cpp
patching file mlx/export.cpp
patching file mlx/linalg.cpp
patching file python/src/buffer.h
patching file mlx/ops.cpp
Hunk #2 succeeded at 5051 (offset 1 line).
patching file mlx/backend/cpu/distributed.cpp
patching file mlx/fast.cpp
patching file mlx/backend/common/metal_kernel.cpp
patching file setup.py
<home>/src/mlx-bf16-sdpa-256-ff815ada/.work-release/mlx
== build venv (<home>/src/mlx-bf16-sdpa-256-ff815ada/.work-release/venv-build) ==
Traceback (most recent call last):
  File "<stdin>", line 1, in <module>
ModuleNotFoundError: No module named 'setuptools'
Collecting setuptools>=80
  Using cached setuptools-84.0.0-py3-none-any.whl.metadata (6.6 kB)
Requirement already satisfied: typing_extensions in /usr/lib/python3.14/site-packages (4.16.0)
Using cached setuptools-84.0.0-py3-none-any.whl (818 kB)
Installing collected packages: setuptools
Successfully installed setuptools-84.0.0
== wheel build ==
Processing ./.work-release/mlx
  Preparing metadata (pyproject.toml): started
  Preparing metadata (pyproject.toml): finished with status 'done'
Building wheels for collected packages: mlx-omarchy
  Building wheel for mlx-omarchy (pyproject.toml): started
  Building wheel for mlx-omarchy (pyproject.toml): still running...
  Building wheel for mlx-omarchy (pyproject.toml): still running...
  Building wheel for mlx-omarchy (pyproject.toml): still running...
  Building wheel for mlx-omarchy (pyproject.toml): still running...
  Building wheel for mlx-omarchy (pyproject.toml): finished with status 'done'
  Created wheel for mlx-omarchy: filename=mlx_omarchy-0.32.2.dev202609130551+ff815ad-cp314-cp314-linux_aarch64.whl size=7640507 sha256=2dc08eae980270b91799714dc81b379253d7c9f753da57bb997e956971606555
  Stored in directory: /tmp/pip-ephem-wheel-cache-tu6lptc8/wheels/c2/27/3a/ce0066627900100de664a4497ba7b3aa69983698d576fc6064
Successfully built mlx-omarchy
== receipt ==
[receipt] wheel: <home>/src/mlx-bf16-sdpa-256-ff815ada/dist/mlx_omarchy-0.32.2.dev202609130551+ff815ad-cp314-cp314-linux_aarch64.whl
[receipt] size: 7640507 bytes
[receipt] sha256: 2dc08eae980270b91799714dc81b379253d7c9f753da57bb997e956971606555
[receipt] source commit: ff815ad
[receipt] NEXT STEP - do not skip: after you upload this wheel to a
[receipt] release, verify the UPLOADED asset with
[receipt]   python3 scripts/verify-release-assets.py <tag>
[receipt] It must print VERIFIED before the release is announced as
[receipt] usable. See docs/release.md. A local build check does not
[receipt] verify what users download.
