LOCK_ACQUIRED utc=2026-09-13T05:30:53Z pid=3319656 pgid=3319655 deadline_epoch=1789278277 source_commit=976c3bad
SOURCE_FROZEN source_sha=3d05d810aec2455680eedabc04c61ed947ebc18f3c2d892f9029dce949c3eac6 constants_sha=caad0ac74d60a4d7378326d5c6d2e0f0fa7d1fd807157f9d203e7348874d258f
QUIET_SAMPLE sample=1 load1=0.10 consecutive=1 utc=2026-09-13T05:30:53Z
QUIET_SAMPLE sample=2 load1=0.07 consecutive=2 utc=2026-09-13T05:31:13Z
QUIET_SAMPLE sample=3 load1=0.05 consecutive=3 utc=2026-09-13T05:31:33Z
{
  "all_bit_exact": true,
  "comparisons": {
    "dft_imag": {
      "bit_exact": true,
      "dtype": "float32",
      "shape": [
        3001,
        257
      ]
    },
    "dft_real": {
      "bit_exact": true,
      "dtype": "float32",
      "shape": [
        3001,
        257
      ]
    },
    "encoder_features": {
      "bit_exact": true,
      "dtype": "float32",
      "shape": [
        1,
        3000,
        128
      ]
    },
    "encoder_mask": {
      "bit_exact": true,
      "dtype": "int32",
      "shape": [
        1,
        3000
      ]
    },
    "frames": {
      "bit_exact": true,
      "dtype": "float32",
      "shape": [
        3001,
        512
      ]
    },
    "hann": {
      "bit_exact": true,
      "dtype": "float32",
      "shape": [
        400
      ]
    },
    "logmel": {
      "bit_exact": true,
      "dtype": "float32",
      "shape": [
        3001,
        128
      ]
    },
    "mask": {
      "bit_exact": true,
      "dtype": "int32",
      "shape": [
        3001
      ]
    },
    "mean": {
      "bit_exact": true,
      "dtype": "float32",
      "shape": [
        128
      ]
    },
    "mel": {
      "bit_exact": true,
      "dtype": "float32",
      "shape": [
        3001,
        128
      ]
    },
    "mel_fb": {
      "bit_exact": true,
      "dtype": "float32",
      "shape": [
        128,
        257
      ]
    },
    "melproj": {
      "bit_exact": true,
      "dtype": "float32",
      "shape": [
        3001,
        128
      ]
    },
    "power": {
      "bit_exact": true,
      "dtype": "float32",
      "shape": [
        3001,
        257
      ]
    },
    "preemph": {
      "bit_exact": true,
      "dtype": "float32",
      "shape": [
        480000
      ]
    },
    "std": {
      "bit_exact": true,
      "dtype": "float32",
      "shape": [
        128
      ]
    }
  },
  "device": "Device(gpu, 0)",
  "gpu_execution": {
    "gpu_primitive_dispatches": true,
    "vk_compute_dispatches": true,
    "vk_submissions": true
  },
  "qualified": true,
  "reference_model": "mweinbach1/parakeet-tdt-0.6b-v3-coreml",
  "reference_revision": "b650695c2322ee5281dff48d7345b2f3a58ff018",
  "schema": "mlx-omarchy.parakeet-vulkan-mel/1",
  "trace_delta": {
    "commit_calls_noop": 1,
    "commit_calls_with_work": 1,
    "gpu_primitive_dispatches": 15,
    "omarchy_finalize_calls": 1,
    "vk_buffer_copies": 0,
    "vk_buffer_fills": 0,
    "vk_compute_dispatches": 8,
    "vk_submissions": 1
  }
}
APPLE_GPU_RECEIPT_VALID comparisons=15 trace={"commit_calls_noop": 1, "commit_calls_with_work": 1, "gpu_primitive_dispatches": 15, "omarchy_finalize_calls": 1, "vk_buffer_copies": 0, "vk_buffer_fills": 0, "vk_compute_dispatches": 8, "vk_submissions": 1}
WINDOW_COMPLETE utc=2026-09-13T05:31:34Z
CHILD_PIDS_CLEAR utc=2026-09-13T05:31:34Z
LOCK_RELEASED utc=2026-09-13T05:31:34Z rc=0
lock_released=true
