== prepare upstream tree ==
patching file CMakeLists.txt
patching file mlx/CMakeLists.txt
patching file tests/CMakeLists.txt
patching file mlx/transforms.cpp
patching file setup.py
patching file mlx/io/safetensors.cpp
patching file mlx/io/load.cpp
patching file mlx/export.cpp
patching file mlx/linalg.cpp
patching file python/src/buffer.h
patching file mlx/ops.cpp
Hunk #2 succeeded at 5051 (offset 1 line).
patching file mlx/backend/cpu/distributed.cpp
patching file mlx/fast.cpp
patching file setup.py
/home/joshuawarren/src/mlx-PerfDecodeDispatch/.work/mlx
== build venv (/home/joshuawarren/src/mlx-PerfDecodeDispatch/.work/venv-build) ==
== wheel build ==
Processing ./.work/mlx
  Preparing metadata (pyproject.toml): started
  Preparing metadata (pyproject.toml): finished with status 'done'
Building wheels for collected packages: mlx-omarchy
  Building wheel for mlx-omarchy (pyproject.toml): started
  Building wheel for mlx-omarchy (pyproject.toml): still running...
  Building wheel for mlx-omarchy (pyproject.toml): still running...
  Building wheel for mlx-omarchy (pyproject.toml): finished with status 'done'
  Created wheel for mlx-omarchy: filename=mlx_omarchy-0.32.2.dev202609091517+98e06e9-cp314-cp314-linux_aarch64.whl size=7371355 sha256=971b48470d543993127c277677f3a87ab4a1d2c2b3bb0f181426c30eb4973282
  Stored in directory: /tmp/pip-ephem-wheel-cache-ugu85doy/wheels/eb/cf/e8/3f9df44eb2b765552edbdbf544b1c9c131b0acecbcf4c83d17
Successfully built mlx-omarchy
== receipt ==
[receipt] wheel: /home/joshuawarren/src/mlx-PerfDecodeDispatch/dist/mlx_omarchy-0.32.2.dev202609091517+98e06e9-cp314-cp314-linux_aarch64.whl
[receipt] size: 7371355 bytes
[receipt] sha256: 971b48470d543993127c277677f3a87ab4a1d2c2b3bb0f181426c30eb4973282
[receipt] source commit: 98e06e9
[receipt] NEXT STEP - do not skip: after you upload this wheel to a
[receipt] release, verify the UPLOADED asset with
[receipt]   python3 scripts/verify-release-assets.py <tag>
[receipt] It must print VERIFIED before the release is announced as
[receipt] usable. See docs/release.md. A local build check does not
[receipt] verify what users download.
