== prepare upstream tree ==
patching file CMakeLists.txt
patching file mlx/CMakeLists.txt
patching file tests/CMakeLists.txt
patching file mlx/transforms.cpp
patching file setup.py
patching file mlx/io/safetensors.cpp
patching file mlx/io/load.cpp
patching file mlx/export.cpp
patching file mlx/linalg.cpp
patching file python/src/buffer.h
patching file mlx/ops.cpp
Hunk #2 succeeded at 5051 (offset 1 line).
patching file mlx/backend/cpu/distributed.cpp
patching file mlx/fast.cpp
patching file setup.py
/home/joshuawarren/src/mlx-PrefillOverhead2/.work/mlx
== build venv (/home/joshuawarren/src/mlx-PrefillOverhead2/.work/venv-build) ==
== wheel build ==
Processing ./.work/mlx
  Preparing metadata (pyproject.toml): started
  Preparing metadata (pyproject.toml): finished with status 'done'
Building wheels for collected packages: mlx-omarchy
  Building wheel for mlx-omarchy (pyproject.toml): started
  Building wheel for mlx-omarchy (pyproject.toml): still running...
  Building wheel for mlx-omarchy (pyproject.toml): still running...
  Building wheel for mlx-omarchy (pyproject.toml): finished with status 'done'
  Created wheel for mlx-omarchy: filename=mlx_omarchy-0.32.2.dev202609092320+diag.fed3058-cp314-cp314-linux_aarch64.whl size=7451428 sha256=6db0efae93a5a866e0b82f98fd35a3bb70872b27f13d45bf18f2c2a69a3360a5
  Stored in directory: /tmp/pip-ephem-wheel-cache-tv0vzi2w/wheels/a8/b9/62/e3c0b650d180a75be20e3f37fb15b87f51c4ad3bcb45ffb5ea
Successfully built mlx-omarchy
== diagnostics staging ==
[receipt] profiling harness: compiled IN (MLX_OMARCHY_GPU_PROFILE literal found in wheel)
[receipt] staged tool: /home/joshuawarren/src/mlx-PrefillOverhead2/dist/mlx-omarchy-info
== receipt ==
[receipt] wheel: /home/joshuawarren/src/mlx-PrefillOverhead2/dist/mlx_omarchy-0.32.2.dev202609092320+diag.fed3058-cp314-cp314-linux_aarch64.whl
[receipt] size: 7451428 bytes
[receipt] sha256: 6db0efae93a5a866e0b82f98fd35a3bb70872b27f13d45bf18f2c2a69a3360a5
[receipt] source commit: fed3058
[receipt] NEXT STEP - do not skip: after you upload this wheel to a
[receipt] release, verify the UPLOADED asset with
[receipt]   python3 scripts/verify-release-assets.py <tag>
[receipt] It must print VERIFIED before the release is announced as
[receipt] usable. See docs/release.md. A local build check does not
[receipt] verify what users download.
