=== window win4 start 2026-09-11T05:46:05Z pid 2224272 configs: cp314hpo=/home/joshuawarren/src/mlx-HostPathOverhead/.work/venv-hpo/bin/python:/home/joshuawarren/src/mlx-HostPathOverhead/receipts/2026-09-11-pyenv-parity/wheels/mlx_omarchy-0.32.2.dev202609110320+12012beb-cp314-cp314-linux_aarch64.whl:1 cp314lto=/home/joshuawarren/src/mlx-HostPathOverhead/receipts/2026-09-11-pyenv-parity/venv-cp314lto/bin/python:/home/joshuawarren/src/mlx-HostPathOverhead/receipts/2026-09-11-pyenv-parity/wheels/lto-cp314.whl:1
[lock] acquired 2026-09-11T05:46:05Z
[gate] quiet at loadavg=0.91 2026-09-11T05:47:05Z
[matrix] cp314hpo-r1 rc=0 2026-09-11T05:47:15Z
[DIGEST] ok short-decode-32 7fd25a869ff21678
[DIGEST] ok long-decode-128 4cc08910089477fd
[DIGEST] ok longctx-1024-decode-32 7da83f06ec9f001d
[split] split-cp314hpo-r1 rc=0 2026-09-11T05:47:17Z
[matrix] cp314lto-r1 rc=3 2026-09-11T05:47:17Z
[DIGEST] FAIL short-decode-32 got=None want=7fd25a869ff21678
[DIGEST] FAIL long-decode-128 got=None want=4cc08910089477fd
[DIGEST] FAIL longctx-1024-decode-32 got=None want=7da83f06ec9f001d
[split] split-cp314lto-r1 rc=1 2026-09-11T05:47:17Z
[matrix] cp314hpo-r2 rc=0 2026-09-11T05:47:27Z
[DIGEST] ok short-decode-32 7fd25a869ff21678
[DIGEST] ok long-decode-128 4cc08910089477fd
[DIGEST] ok longctx-1024-decode-32 7da83f06ec9f001d
[split] split-cp314hpo-r2 rc=0 2026-09-11T05:47:29Z
[matrix] cp314lto-r2 rc=3 2026-09-11T05:47:30Z
[DIGEST] FAIL short-decode-32 got=None want=7fd25a869ff21678
[DIGEST] FAIL long-decode-128 got=None want=4cc08910089477fd
[DIGEST] FAIL longctx-1024-decode-32 got=None want=7da83f06ec9f001d
[split] split-cp314lto-r2 rc=1 2026-09-11T05:47:30Z
[matrix] cp314hpo-r3 rc=0 2026-09-11T05:47:40Z
[DIGEST] ok short-decode-32 7fd25a869ff21678
[DIGEST] ok long-decode-128 4cc08910089477fd
[DIGEST] ok longctx-1024-decode-32 7da83f06ec9f001d
[split] split-cp314hpo-r3 rc=0 2026-09-11T05:47:42Z
[matrix] cp314lto-r3 rc=3 2026-09-11T05:47:42Z
[DIGEST] FAIL short-decode-32 got=None want=7fd25a869ff21678
[DIGEST] FAIL long-decode-128 got=None want=4cc08910089477fd
[DIGEST] FAIL longctx-1024-decode-32 got=None want=7da83f06ec9f001d
[split] split-cp314lto-r3 rc=1 2026-09-11T05:47:42Z
[matrix] cp314hpo-r4 rc=0 2026-09-11T05:47:52Z
[DIGEST] ok short-decode-32 7fd25a869ff21678
[DIGEST] ok long-decode-128 4cc08910089477fd
[DIGEST] ok longctx-1024-decode-32 7da83f06ec9f001d
[split] split-cp314hpo-r4 rc=0 2026-09-11T05:47:55Z
[matrix] cp314lto-r4 rc=3 2026-09-11T05:47:55Z
[DIGEST] FAIL short-decode-32 got=None want=7fd25a869ff21678
[DIGEST] FAIL long-decode-128 got=None want=4cc08910089477fd
[DIGEST] FAIL longctx-1024-decode-32 got=None want=7da83f06ec9f001d
[split] split-cp314lto-r4 rc=1 2026-09-11T05:47:55Z
[matrix] cp314hpo-r5 rc=0 2026-09-11T05:48:05Z
[DIGEST] ok short-decode-32 7fd25a869ff21678
[DIGEST] ok long-decode-128 4cc08910089477fd
[DIGEST] ok longctx-1024-decode-32 7da83f06ec9f001d
[split] split-cp314hpo-r5 rc=0 2026-09-11T05:48:07Z
[matrix] cp314lto-r5 rc=3 2026-09-11T05:48:07Z
[DIGEST] FAIL short-decode-32 got=None want=7fd25a869ff21678
[DIGEST] FAIL long-decode-128 got=None want=4cc08910089477fd
[DIGEST] FAIL longctx-1024-decode-32 got=None want=7da83f06ec9f001d
[split] split-cp314lto-r5 rc=1 2026-09-11T05:48:08Z
[micro] binding microbench per config
[micro] cp314hpo rc=0
[micro] cp314lto rc=1
=== window win4 END: DIGEST FAILURE 2026-09-11T05:48:08Z
