== prepare upstream tree ==
patching file CMakeLists.txt
patching file mlx/CMakeLists.txt
patching file tests/CMakeLists.txt
patching file mlx/transforms.cpp
patching file setup.py
patching file mlx/io/safetensors.cpp
patching file mlx/io/load.cpp
patching file mlx/export.cpp
patching file mlx/linalg.cpp
patching file python/src/buffer.h
patching file mlx/ops.cpp
Hunk #2 succeeded at 5051 (offset 1 line).
patching file mlx/backend/cpu/distributed.cpp
patching file mlx/fast.cpp
patching file setup.py
/home/joshuawarren/.config/superpowers/worktrees/mlx-omarchy/UpstreamSuite2/.work/mlx
== build venv (/home/joshuawarren/.config/superpowers/worktrees/mlx-omarchy/UpstreamSuite2/.work/venv-build) ==
== wheel build ==
Processing ./.work/mlx
  Preparing metadata (pyproject.toml): started
  Preparing metadata (pyproject.toml): finished with status 'done'
Building wheels for collected packages: mlx-omarchy
  Building wheel for mlx-omarchy (pyproject.toml): started
  Building wheel for mlx-omarchy (pyproject.toml): still running...
  Building wheel for mlx-omarchy (pyproject.toml): still running...
  Building wheel for mlx-omarchy (pyproject.toml): still running...
  Building wheel for mlx-omarchy (pyproject.toml): finished with status 'done'
  Created wheel for mlx-omarchy: filename=mlx_omarchy-0.32.2.dev202609101826+9c9c4a7-cp311-cp311-linux_x86_64.whl size=7520010 sha256=adcd6e6e5122d907c577c74791503eab08a0d29147f7089de4004c429d77c33f
  Stored in directory: /tmp/pip-ephem-wheel-cache-q3yog3sl/wheels/19/23/56/5b7c5fe5dac4bd772a7f0f896362bb3e96737f74cf0a384e82
Successfully built mlx-omarchy
== receipt ==
[receipt] wheel: /home/joshuawarren/.config/superpowers/worktrees/mlx-omarchy/UpstreamSuite2/dist/mlx_omarchy-0.32.2.dev202609101826+9c9c4a7-cp311-cp311-linux_x86_64.whl
[receipt] size: 7520010 bytes
[receipt] sha256: adcd6e6e5122d907c577c74791503eab08a0d29147f7089de4004c429d77c33f
[receipt] source commit: 9c9c4a7
[receipt] NEXT STEP - do not skip: after you upload this wheel to a
[receipt] release, verify the UPLOADED asset with
[receipt]   python3 scripts/verify-release-assets.py <tag>
[receipt] It must print VERIFIED before the release is announced as
[receipt] usable. See docs/release.md. A local build check does not
[receipt] verify what users download.
