cooperative_matrix_f32_8= 0
device_name= llvmpipe (LLVM 15.0.6, 256 bits)
mx.__version__= 0.32.2.dev202609101812+59a1236
VK_DRIVER_FILES= None
============================= test session starts ==============================
platform linux -- Python 3.11.2, pytest-9.1.1, pluggy-1.6.0 -- /home/joshuawarren/.config/superpowers/worktrees/mlx-omarchy/UpstreamSuite2/.work/venv-us2/bin/python
cachedir: .pytest_cache
rootdir: /home/joshuawarren/.config/superpowers/worktrees/mlx-omarchy/UpstreamSuite2/.work/mlx
configfile: pyproject.toml
collecting ... collected 1 item

.work/mlx/python/tests/test_fast_sdpa.py::TestFastSDPA::test_sdpa_long_masked_sequence SUBFAILED(kL=8192, active=1024)
.work/mlx/python/tests/test_fast_sdpa.py::TestFastSDPA::test_sdpa_long_masked_sequence SUBFAILED(kL=36864, active=1024)
.work/mlx/python/tests/test_fast_sdpa.py::TestFastSDPA::test_sdpa_long_masked_sequence SUBFAILED(kL=49152, active=1024)
.work/mlx/python/tests/test_fast_sdpa.py::TestFastSDPA::test_sdpa_long_masked_sequence SUBFAILED(kL=66048, active=1024)
.work/mlx/python/tests/test_fast_sdpa.py::TestFastSDPA::test_sdpa_long_masked_sequence PASSED

=================================== FAILURES ===================================
______ TestFastSDPA.test_sdpa_long_masked_sequence (kL=8192, active=1024) ______

self = <test_fast_sdpa.TestFastSDPA testMethod=test_sdpa_long_masked_sequence>

    @unittest.skipIf(not mx.is_available(mx.gpu), "too slow on CPU")
    @unittest.skipIf(mx.cuda.is_available() and "CI" in os.environ, "not enough memory")
    def test_sdpa_long_masked_sequence(self):
        # Test for int16 overflow in steel_attention_nax.h mask
        # indexing (col_pos declared as short, overflows when kL > 32767).
        D = 64
        dtype = mx.float16
        atol = 1e-3  # Slightly looser than test_sdpa due to long masked sequences
    
        for kL, active in [
            (8192, 1024),
            (36864, 1024),
            (49152, 1024),
            (66048, 1024),
        ]:
            with self.subTest(kL=kL, active=active):
                mx.random.seed(0)
                qH, kH, qL = 32, 16, 512
                scale = 1.0 / math.sqrt(D)
    
                q = mx.random.normal(shape=(1, qH, qL, D)).astype(dtype)
                k = mx.random.normal(shape=(1, kH, kL, D)).astype(dtype)
                v = mx.random.normal(shape=(1, kH, kL, D)).astype(dtype)
    
                # Additive mask: -1e4 for inactive, 0 for last `active` positions
                mask = mx.full((1, 1, 1, kL), -1e4, dtype=dtype)
                mask[..., kL - active :] = 0.0
    
                out = mx.fast.scaled_dot_product_attention(
                    q, k, v, scale=scale, mask=mask
                )
                ref = mlx_ref_attn(q, k, v, scale=scale, mask=mask)
    
                self.assertFalse(mx.isnan(out).any().item())
                self.assertListEqual(list(out.shape), list(ref.shape))
    
                diff = mx.abs(out - ref) - atol * mx.abs(ref)
>               self.assertLessEqual(mx.max(diff).item(), atol)
                                     ^^^^^^^^^^^^^^^^^^^
E               ValueError: [omarchy] compute storage-buffer descriptor range 268435456 exceeds this device's maxStorageBufferRange of 134217728.

.work/mlx/python/tests/test_fast_sdpa.py:636: ValueError
_____ TestFastSDPA.test_sdpa_long_masked_sequence (kL=36864, active=1024) ______

self = <test_fast_sdpa.TestFastSDPA testMethod=test_sdpa_long_masked_sequence>

    @unittest.skipIf(not mx.is_available(mx.gpu), "too slow on CPU")
    @unittest.skipIf(mx.cuda.is_available() and "CI" in os.environ, "not enough memory")
    def test_sdpa_long_masked_sequence(self):
        # Test for int16 overflow in steel_attention_nax.h mask
        # indexing (col_pos declared as short, overflows when kL > 32767).
        D = 64
        dtype = mx.float16
        atol = 1e-3  # Slightly looser than test_sdpa due to long masked sequences
    
        for kL, active in [
            (8192, 1024),
            (36864, 1024),
            (49152, 1024),
            (66048, 1024),
        ]:
            with self.subTest(kL=kL, active=active):
                mx.random.seed(0)
                qH, kH, qL = 32, 16, 512
                scale = 1.0 / math.sqrt(D)
    
                q = mx.random.normal(shape=(1, qH, qL, D)).astype(dtype)
                k = mx.random.normal(shape=(1, kH, kL, D)).astype(dtype)
                v = mx.random.normal(shape=(1, kH, kL, D)).astype(dtype)
    
                # Additive mask: -1e4 for inactive, 0 for last `active` positions
                mask = mx.full((1, 1, 1, kL), -1e4, dtype=dtype)
                mask[..., kL - active :] = 0.0
    
                out = mx.fast.scaled_dot_product_attention(
                    q, k, v, scale=scale, mask=mask
                )
                ref = mlx_ref_attn(q, k, v, scale=scale, mask=mask)
    
>               self.assertFalse(mx.isnan(out).any().item())
                                 ^^^^^^^^^^^^^^^^^^^^^^^^^^
E               ValueError: [omarchy] compute storage-buffer descriptor range 150994944 exceeds this device's maxStorageBufferRange of 134217728.

.work/mlx/python/tests/test_fast_sdpa.py:632: ValueError
_____ TestFastSDPA.test_sdpa_long_masked_sequence (kL=49152, active=1024) ______

self = <test_fast_sdpa.TestFastSDPA testMethod=test_sdpa_long_masked_sequence>

    @unittest.skipIf(not mx.is_available(mx.gpu), "too slow on CPU")
    @unittest.skipIf(mx.cuda.is_available() and "CI" in os.environ, "not enough memory")
    def test_sdpa_long_masked_sequence(self):
        # Test for int16 overflow in steel_attention_nax.h mask
        # indexing (col_pos declared as short, overflows when kL > 32767).
        D = 64
        dtype = mx.float16
        atol = 1e-3  # Slightly looser than test_sdpa due to long masked sequences
    
        for kL, active in [
            (8192, 1024),
            (36864, 1024),
            (49152, 1024),
            (66048, 1024),
        ]:
            with self.subTest(kL=kL, active=active):
                mx.random.seed(0)
                qH, kH, qL = 32, 16, 512
                scale = 1.0 / math.sqrt(D)
    
                q = mx.random.normal(shape=(1, qH, qL, D)).astype(dtype)
                k = mx.random.normal(shape=(1, kH, kL, D)).astype(dtype)
                v = mx.random.normal(shape=(1, kH, kL, D)).astype(dtype)
    
                # Additive mask: -1e4 for inactive, 0 for last `active` positions
                mask = mx.full((1, 1, 1, kL), -1e4, dtype=dtype)
                mask[..., kL - active :] = 0.0
    
                out = mx.fast.scaled_dot_product_attention(
                    q, k, v, scale=scale, mask=mask
                )
                ref = mlx_ref_attn(q, k, v, scale=scale, mask=mask)
    
>               self.assertFalse(mx.isnan(out).any().item())
                                 ^^^^^^^^^^^^^^^^^^^^^^^^^^
E               ValueError: [omarchy] compute storage-buffer descriptor range 201326592 exceeds this device's maxStorageBufferRange of 134217728.

.work/mlx/python/tests/test_fast_sdpa.py:632: ValueError
_____ TestFastSDPA.test_sdpa_long_masked_sequence (kL=66048, active=1024) ______

self = <test_fast_sdpa.TestFastSDPA testMethod=test_sdpa_long_masked_sequence>

    @unittest.skipIf(not mx.is_available(mx.gpu), "too slow on CPU")
    @unittest.skipIf(mx.cuda.is_available() and "CI" in os.environ, "not enough memory")
    def test_sdpa_long_masked_sequence(self):
        # Test for int16 overflow in steel_attention_nax.h mask
        # indexing (col_pos declared as short, overflows when kL > 32767).
        D = 64
        dtype = mx.float16
        atol = 1e-3  # Slightly looser than test_sdpa due to long masked sequences
    
        for kL, active in [
            (8192, 1024),
            (36864, 1024),
            (49152, 1024),
            (66048, 1024),
        ]:
            with self.subTest(kL=kL, active=active):
                mx.random.seed(0)
                qH, kH, qL = 32, 16, 512
                scale = 1.0 / math.sqrt(D)
    
                q = mx.random.normal(shape=(1, qH, qL, D)).astype(dtype)
                k = mx.random.normal(shape=(1, kH, kL, D)).astype(dtype)
                v = mx.random.normal(shape=(1, kH, kL, D)).astype(dtype)
    
                # Additive mask: -1e4 for inactive, 0 for last `active` positions
                mask = mx.full((1, 1, 1, kL), -1e4, dtype=dtype)
                mask[..., kL - active :] = 0.0
    
                out = mx.fast.scaled_dot_product_attention(
                    q, k, v, scale=scale, mask=mask
                )
                ref = mlx_ref_attn(q, k, v, scale=scale, mask=mask)
    
>               self.assertFalse(mx.isnan(out).any().item())
                                 ^^^^^^^^^^^^^^^^^^^^^^^^^^
E               ValueError: [omarchy] compute storage-buffer descriptor range 270532608 exceeds this device's maxStorageBufferRange of 134217728.

.work/mlx/python/tests/test_fast_sdpa.py:632: ValueError
=========================== short test summary info ============================
SUBFAILED(kL=8192, active=1024) .work/mlx/python/tests/test_fast_sdpa.py::TestFastSDPA::test_sdpa_long_masked_sequence - ValueError: [omarchy] compute storage-buffer descriptor range 268435456 exceeds this device's maxStorageBufferRange of 134217728.
SUBFAILED(kL=36864, active=1024) .work/mlx/python/tests/test_fast_sdpa.py::TestFastSDPA::test_sdpa_long_masked_sequence - ValueError: [omarchy] compute storage-buffer descriptor range 150994944 exceeds this device's maxStorageBufferRange of 134217728.
SUBFAILED(kL=49152, active=1024) .work/mlx/python/tests/test_fast_sdpa.py::TestFastSDPA::test_sdpa_long_masked_sequence - ValueError: [omarchy] compute storage-buffer descriptor range 201326592 exceeds this device's maxStorageBufferRange of 134217728.
SUBFAILED(kL=66048, active=1024) .work/mlx/python/tests/test_fast_sdpa.py::TestFastSDPA::test_sdpa_long_masked_sequence - ValueError: [omarchy] compute storage-buffer descriptor range 270532608 exceeds this device's maxStorageBufferRange of 134217728.
========================= 4 failed, 1 passed in 8.44s ==========================
