0 llvmpipe (LLVM 15.0.6, 256 bits) 0.32.2.dev202609101826+9c9c4a7 None
============================= test session starts ==============================
platform linux -- Python 3.11.2, pytest-9.1.1, pluggy-1.6.0 -- /home/joshuawarren/.config/superpowers/worktrees/mlx-omarchy/UpstreamSuite2/.work/venv-us2/bin/python
cachedir: .pytest_cache
rootdir: /home/joshuawarren/.config/superpowers/worktrees/mlx-omarchy/UpstreamSuite2/.work/mlx
configfile: pyproject.toml
collecting ... collected 1 item

.work/mlx/python/tests/test_ops.py::TestOps::test_sort SUBPASSED(dtype='int32', axis=None, strided=True)
.work/mlx/python/tests/test_ops.py::TestOps::test_sort SUBPASSED(dtype='int32', axis=None, strided=False)
.work/mlx/python/tests/test_ops.py::TestOps::test_sort SUBPASSED(dtype='int32', axis=0, strided=True)
.work/mlx/python/tests/test_ops.py::TestOps::test_sort SUBPASSED(dtype='int32', axis=0, strided=False)
.work/mlx/python/tests/test_ops.py::TestOps::test_sort SUBPASSED(dtype='int32', axis=1, strided=True)
.work/mlx/python/tests/test_ops.py::TestOps::test_sort SUBPASSED(dtype='int32', axis=1, strided=False)
.work/mlx/python/tests/test_ops.py::TestOps::test_sort SUBPASSED(dtype='int32', axis=2, strided=True)
.work/mlx/python/tests/test_ops.py::TestOps::test_sort SUBPASSED(dtype='int32', axis=2, strided=False)
.work/mlx/python/tests/test_ops.py::TestOps::test_sort SUBPASSED(dtype='float32', axis=None, strided=True)
.work/mlx/python/tests/test_ops.py::TestOps::test_sort SUBPASSED(dtype='float32', axis=None, strided=False)
.work/mlx/python/tests/test_ops.py::TestOps::test_sort SUBPASSED(dtype='float32', axis=0, strided=True)
.work/mlx/python/tests/test_ops.py::TestOps::test_sort SUBPASSED(dtype='float32', axis=0, strided=False)
.work/mlx/python/tests/test_ops.py::TestOps::test_sort SUBPASSED(dtype='float32', axis=1, strided=True)
.work/mlx/python/tests/test_ops.py::TestOps::test_sort SUBPASSED(dtype='float32', axis=1, strided=False)
.work/mlx/python/tests/test_ops.py::TestOps::test_sort SUBPASSED(dtype='float32', axis=2, strided=True)
.work/mlx/python/tests/test_ops.py::TestOps::test_sort SUBPASSED(dtype='float32', axis=2, strided=False)
.work/mlx/python/tests/test_ops.py::TestOps::test_sort SUBPASSED(dtype='complex64', axis=None, strided=True)
.work/mlx/python/tests/test_ops.py::TestOps::test_sort SUBPASSED(dtype='complex64', axis=None, strided=False)
.work/mlx/python/tests/test_ops.py::TestOps::test_sort SUBPASSED(dtype='complex64', axis=0, strided=True)
.work/mlx/python/tests/test_ops.py::TestOps::test_sort SUBPASSED(dtype='complex64', axis=0, strided=False)
.work/mlx/python/tests/test_ops.py::TestOps::test_sort SUBPASSED(dtype='complex64', axis=1, strided=True)
.work/mlx/python/tests/test_ops.py::TestOps::test_sort SUBPASSED(dtype='complex64', axis=1, strided=False)
.work/mlx/python/tests/test_ops.py::TestOps::test_sort SUBPASSED(dtype='complex64', axis=2, strided=True)
.work/mlx/python/tests/test_ops.py::TestOps::test_sort SUBPASSED(dtype='complex64', axis=2, strided=False)
.work/mlx/python/tests/test_ops.py::TestOps::test_sort SUBPASSED(strided=False)
.work/mlx/python/tests/test_ops.py::TestOps::test_sort SUBPASSED(strided=True)
.work/mlx/python/tests/test_ops.py::TestOps::test_sort FAILED

=================================== FAILURES ===================================
______________________________ TestOps.test_sort _______________________________

self = <test_ops.TestOps testMethod=test_sort>

    def test_sort(self):
        shape = (6, 4, 10)
        tests = product(
            ("int32", "float32", "complex64"),  # type
            (None, 0, 1, 2),  # axis
            (True, False),  # strided
        )
        for dtype, axis, strided in tests:
            with self.subTest(dtype=dtype, axis=axis, strided=strided):
                np.random.seed(0)
                np_dtype = getattr(np, dtype)
                if np.issubdtype(np_dtype, np.complexfloating):
                    a_np = (
                        np.random.uniform(0, 100, size=shape)
                        + 1j * np.random.uniform(0, 100, size=shape)
                    ).astype(np_dtype)
                else:
                    a_np = np.random.uniform(0, 100, size=shape).astype(np_dtype)
                a_mx = mx.array(a_np)
                if strided:
                    a_mx = a_mx[::2, :, ::2]
                    a_np = a_np[::2, :, ::2]
    
                b_np = np.sort(a_np, axis=axis)
                b_mx = mx.sort(a_mx, axis=axis)
    
                self.assertTrue(np.array_equal(b_np, b_mx))
                self.assertEqual(b_mx.dtype, a_mx.dtype)
    
                c_np = np.argsort(a_np, axis=axis)
                c_mx = mx.argsort(a_mx, axis=axis)
                d_np = np.take_along_axis(a_np, c_np, axis=axis)
                d_mx = mx.take_along_axis(a_mx, c_mx, axis=axis)
    
                self.assertTrue(np.array_equal(d_np, d_mx))
                self.assertEqual(c_mx.dtype, mx.uint32)
    
        # Set random seed
        np.random.seed(0)
    
        # Test multi-block sort
        for strided in (False, True):
            with self.subTest(strided=strided):
                a_np = np.random.normal(size=(32769,)).astype(np.float32)
                a_mx = mx.array(a_np)
    
                if strided:
                    a_mx = a_mx[::3]
                    a_np = a_np[::3]
    
                b_np = np.sort(a_np)
                b_mx = mx.sort(a_mx)
    
                self.assertTrue(np.array_equal(b_np, b_mx))
                self.assertEqual(b_mx.dtype, a_mx.dtype)
    
                # Test multi-dum multi-block sort
                a_np = np.random.normal(size=(2, 4, 32769)).astype(np.float32)
                a_mx = mx.array(a_np)
    
                if strided:
                    a_mx = a_mx[..., ::3]
                    a_np = a_np[..., ::3]
    
                b_np = np.sort(a_np, axis=-1)
                b_mx = mx.sort(a_mx, axis=-1)
    
                self.assertTrue(np.array_equal(b_np, b_mx))
                self.assertEqual(b_mx.dtype, a_mx.dtype)
    
                a_np = np.random.normal(size=(2, 32769, 4)).astype(np.float32)
                a_mx = mx.array(a_np)
    
                if strided:
                    a_mx = a_mx[:, ::3]
                    a_np = a_np[:, ::3]
    
                b_np = np.sort(a_np, axis=1)
                b_mx = mx.sort(a_mx, axis=1)
    
                self.assertTrue(np.array_equal(b_np, b_mx))
                self.assertEqual(b_mx.dtype, a_mx.dtype)
    
        # test 0 strides
        a_np = np.array([1, 0, 2, 1, 3, 0, 4, 0])
        a_mx = mx.array(a_np)
        b_np = np.broadcast_to(a_np, (16, 8))
        b_mx = mx.broadcast_to(a_mx, (16, 8))
        mx.eval(b_mx)
        for axis in (0, 1):
            c_np = np.sort(b_np, axis=axis)
            c_mx = mx.sort(b_mx, axis=axis)
>           self.assertTrue(np.array_equal(c_np, c_mx))
E           AssertionError: False is not true

.work/mlx/python/tests/test_ops.py:2885: AssertionError
=========================== short test summary info ============================
FAILED .work/mlx/python/tests/test_ops.py::TestOps::test_sort - AssertionError: False is not true
==================== 1 failed, 26 subtests passed in 0.93s =====================
