== prepare upstream tree ==
patching file CMakeLists.txt
patching file mlx/CMakeLists.txt
patching file tests/CMakeLists.txt
patching file mlx/transforms.cpp
patching file setup.py
patching file mlx/io/safetensors.cpp
patching file mlx/io/load.cpp
patching file mlx/export.cpp
patching file mlx/linalg.cpp
patching file python/src/buffer.h
patching file mlx/ops.cpp
Hunk #2 succeeded at 5051 (offset 1 line).
patching file mlx/backend/cpu/distributed.cpp
patching file mlx/fast.cpp
patching file mlx/backend/common/metal_kernel.cpp
patching file setup.py
/home/joshuawarren/src/mlx-requal/.work/mlx
== build venv (/home/joshuawarren/src/mlx-requal/.work/venv-build) ==
Traceback (most recent call last):
  File "<stdin>", line 1, in <module>
ModuleNotFoundError: No module named 'setuptools'
Collecting setuptools>=80
  Using cached setuptools-84.0.0-py3-none-any.whl.metadata (6.6 kB)
Requirement already satisfied: typing_extensions in /usr/lib/python3.14/site-packages (4.16.0)
Using cached setuptools-84.0.0-py3-none-any.whl (818 kB)
Installing collected packages: setuptools
Successfully installed setuptools-84.0.0
== wheel build ==
Processing ./.work/mlx
  Preparing metadata (pyproject.toml): started
  Preparing metadata (pyproject.toml): finished with status 'done'
Building wheels for collected packages: mlx-omarchy
  Building wheel for mlx-omarchy (pyproject.toml): started
  Building wheel for mlx-omarchy (pyproject.toml): still running...
  Building wheel for mlx-omarchy (pyproject.toml): still running...
  Building wheel for mlx-omarchy (pyproject.toml): finished with status 'done'
  Created wheel for mlx-omarchy: filename=mlx_omarchy-0.32.2.dev202609102224+e340ce3-cp314-cp314-linux_aarch64.whl size=7562647 sha256=cdcc50ae527c4229315be86d85d98d550247bbf8956cf65166317606509c59be
  Stored in directory: /tmp/pip-ephem-wheel-cache-r9wtpkvb/wheels/a1/22/05/11ff72d4d4c9f40d609d30ffc41c183c5e932272745cc0a9c6
Successfully built mlx-omarchy
== receipt ==
[receipt] wheel: /home/joshuawarren/src/mlx-requal/dist/mlx_omarchy-0.32.2.dev202609102224+e340ce3-cp314-cp314-linux_aarch64.whl
[receipt] size: 7562647 bytes
[receipt] sha256: cdcc50ae527c4229315be86d85d98d550247bbf8956cf65166317606509c59be
[receipt] source commit: e340ce3
[receipt] NEXT STEP - do not skip: after you upload this wheel to a
[receipt] release, verify the UPLOADED asset with
[receipt]   python3 scripts/verify-release-assets.py <tag>
[receipt] It must print VERIFIED before the release is announced as
[receipt] usable. See docs/release.md. A local build check does not
[receipt] verify what users download.
cp: cannot create regular file 'receipt-requal/wheels/candidate/': Not a directory
/home/joshuawarren/src/mlx-main-b6d662a8/dist/mlx_omarchy-0.32.2.dev202609101916+b6d662a-cp314-cp314-linux_aarch64.whl: OK
  225 |     atomic_exchange(shared_ptr<_Tp>* __p, shared_ptr<_Tp> __r)
      |     ^~~~~~~~~~~~~~~
[908/908] Linking CXX executable tests/omarchy/omarchy_matmul_family_tests
BUILD-OK
