== phase 0: driver capability gate ==
grep: warning: stray \ before "
grep: warning: stray \ before "
grep: warning: stray \ before "
grep: warning: stray \ before "
{"k":"dev","name":"Apple M1 (G13G B1)","subgroupSize":32,"coopmat":true}
grep: warning: stray \ before "
grep: warning: stray \ before "
== phase 1: candidate wheel build (niced, -j4) ==
[receipt] release, verify the UPLOADED asset with
[receipt]   python3 scripts/verify-release-assets.py <tag>
[receipt] It must print VERIFIED before the release is announced as
[receipt] usable. See docs/release.md. A local build check does not
[receipt] verify what users download.
9108ec6c103c654c72c4a74ef5d07f7256f31586a4d51143b2deceeec0abb86a  dist/mlx_omarchy-0.32.2.dev202609110444+79e161c-cp314-cp314-linux_aarch64.whl
== phase 2: fresh venvs ==
== phase 3: suite binaries (niced, -j4) ==
  225 |     atomic_exchange(shared_ptr<_Tp>* __p, shared_ptr<_Tp> __r)
      |     ^~~~~~~~~~~~~~~
[908/908] Linking CXX executable tests/omarchy/omarchy_matmul_family_tests
== phase 4: cooldown before measurements ==
== phase 5: family + runtime suites, fork driver (base and cand) ==
[provenance] cooperative_matrix_f32_8=1 subgroup_size=32 -> gated shapes run MatmulF32Coopmat
[matmul-f32] cube8 1x8x8x8 a b path=coopmat max_abs_err=0
[matmul-f32] cube8 1x8x8x8 a bT path=coopmat max_abs_err=0
[matmul-f32] cube8 1x8x8x8 aT b path=coopmat max_abs_err=0
[matmul-f32] cube8 1x8x8x8 aT bT path=coopmat max_abs_err=0
[matmul-f32] cube64 1x64x64x64 a b path=coopmat max_abs_err=0
[matmul-f32] cube64 1x64x64x64 a bT path=coopmat max_abs_err=0
[matmul-f32] cube64 1x64x64x64 aT b path=coopmat max_abs_err=0
[matmul-f32] cube64 1x64x64x64 aT bT path=coopmat max_abs_err=0
[matmul-f32] cube128 1x128x128x128 a b path=coopmat max_abs_err=0
[matmul-f32] cube128 1x128x128x128 a bT path=coopmat max_abs_err=0
[matmul-f32] cube128 1x128x128x128 aT b path=coopmat max_abs_err=0
[matmul-f32] cube128 1x128x128x128 aT bT path=coopmat max_abs_err=0
[matmul-f32] batched4x32 4x32x32x32 a b path=coopmat max_abs_err=0
[matmul-f32] batched4x32 4x32x32x32 a bT path=coopmat max_abs_err=0
[matmul-f32] batched4x32 4x32x32x32 aT b path=coopmat max_abs_err=0
[matmul-f32] batched4x32 4x32x32x32 aT bT path=coopmat max_abs_err=0
[matmul-f32] odd17x23x19 1x17x23x19 a b path=tiled max_abs_err=0
[matmul-f32] odd17x23x19 1x17x23x19 a bT path=tiled max_abs_err=0
[matmul-f32] odd17x23x19 1x17x23x19 aT b path=tiled max_abs_err=0
[matmul-f32] odd17x23x19 1x17x23x19 aT bT path=tiled max_abs_err=0
[matmul-f32] slice col4 32x40x24 path=coopmat max_abs_err=0
[matmul-f32] slice col5 32x40x24 path=tiled max_abs_err=0
[provenance] cooperative_matrix_f32_8=1 subgroup_size=32
[matmul-bf16] tail-m8 1x8x8x8 a b max_abs_err=0
[matmul-bf16] tail-m8 1x8x8x8 a bT max_abs_err=0
[matmul-bf16] tail-m8 1x8x8x8 aT b max_abs_err=0
[matmul-bf16] tail-m8 1x8x8x8 aT bT max_abs_err=0
[matmul-bf16] tail-m9 1x9x8x8 a b max_abs_err=0
[matmul-bf16] tail-m9 1x9x8x8 a bT max_abs_err=0
[matmul-bf16] tail-m9 1x9x8x8 aT b max_abs_err=0
[matmul-bf16] tail-m9 1x9x8x8 aT bT max_abs_err=0
[matmul-bf16] tail-m33-n40 1x33x8x40 a b max_abs_err=0
[matmul-bf16] tail-m33-n40 1x33x8x40 a bT max_abs_err=0
[matmul-bf16] tail-m33-n40 1x33x8x40 aT b max_abs_err=0
[matmul-bf16] tail-m33-n40 1x33x8x40 aT bT max_abs_err=0
  [row-mismatch] tile32 row=0 max_err=104
  [row-mismatch] tile32 row=1 max_err=78
  [row-mismatch] tile32 row=2 max_err=96
  [row-mismatch] tile32 row=3 max_err=72
[matmul-bf16] tile32 1x32x32x32 a b max_abs_err=120
[matmul-bf16] tile32 1x32x32x32 a bT max_abs_err=0
  [row-mismatch] tile32 row=0 max_err=110
  [row-mismatch] tile32 row=1 max_err=61
  [row-mismatch] tile32 row=2 max_err=81
  [row-mismatch] tile32 row=3 max_err=88
[matmul-bf16] tile32 1x32x32x32 aT b max_abs_err=145
  [row-mismatch] tile32 row=0 max_err=144
  [row-mismatch] tile32 row=1 max_err=67
  [row-mismatch] tile32 row=2 max_err=91
  [row-mismatch] tile32 row=3 max_err=91
[matmul-bf16] tile32 1x32x32x32 aT bT max_abs_err=144
[matmul-bf16] tail-m17-k24-n34 1x17x24x34 a b max_abs_err=0
[matmul-bf16] tail-m17-k24-n34 1x17x24x34 a bT max_abs_err=0
[matmul-bf16] tail-m17-k24-n34 1x17x24x34 aT b max_abs_err=0
[matmul-bf16] tail-m17-k24-n34 1x17x24x34 aT bT max_abs_err=0
[matmul-bf16] batch2 2x40x8x40 a b max_abs_err=0
[matmul-bf16] batch2 2x40x8x40 a bT max_abs_err=0
[matmul-bf16] batch2 2x40x8x40 aT b max_abs_err=0
[matmul-bf16] batch2 2x40x8x40 aT bT max_abs_err=0
  [row-mismatch] tail-m32-k24-n34 row=0 max_err=55
  [row-mismatch] tail-m32-k24-n34 row=1 max_err=40
  [row-mismatch] tail-m32-k24-n34 row=2 max_err=79
  [row-mismatch] tail-m32-k24-n34 row=3 max_err=60
[matmul-bf16] tail-m32-k24-n34 1x32x24x34 a b max_abs_err=118
[matmul-bf16] tail-m32-k24-n34 1x32x24x34 a bT max_abs_err=0
  [row-mismatch] tail-m32-k24-n34 row=0 max_err=49
  [row-mismatch] tail-m32-k24-n34 row=1 max_err=58
  [row-mismatch] tail-m32-k24-n34 row=2 max_err=73
  [row-mismatch] tail-m32-k24-n34 row=3 max_err=71
[matmul-bf16] tail-m32-k24-n34 1x32x24x34 aT b max_abs_err=89
  [row-mismatch] tail-m32-k24-n34 row=0 max_err=29
  [row-mismatch] tail-m32-k24-n34 row=1 max_err=41
  [row-mismatch] tail-m32-k24-n34 row=2 max_err=74
  [row-mismatch] tail-m32-k24-n34 row=3 max_err=57
[matmul-bf16] tail-m32-k24-n34 1x32x24x34 aT bT max_abs_err=98
  [row-mismatch] tail-m33-k40-n18 row=0 max_err=105
  [row-mismatch] tail-m33-k40-n18 row=1 max_err=105
  [row-mismatch] tail-m33-k40-n18 row=2 max_err=149
  [row-mismatch] tail-m33-k40-n18 row=3 max_err=103
[matmul-bf16] tail-m33-k40-n18 1x33x40x18 a b max_abs_err=149
[matmul-bf16] tail-m33-k40-n18 1x33x40x18 a bT max_abs_err=0
[matmul-bf16] tail-m33-k40-n18 1x33x40x18 aT b max_abs_err=0
[matmul-bf16] tail-m33-k40-n18 1x33x40x18 aT bT max_abs_err=0
[matmul-bf16] tail-m48-k8-n16 1x48x8x16 a b max_abs_err=0
[matmul-bf16] tail-m48-k8-n16 1x48x8x16 a bT max_abs_err=0
[matmul-bf16] tail-m48-k8-n16 1x48x8x16 aT b max_abs_err=0
[matmul-bf16] tail-m48-k8-n16 1x48x8x16 aT bT max_abs_err=0
[matmul-bf16] single-row 1x1x8x8 a b max_abs_err=0
[matmul-bf16] single-row 1x1x8x8 a bT max_abs_err=0
[matmul-bf16] single-row 1x1x8x8 aT b max_abs_err=0
[matmul-bf16] single-row 1x1x8x8 aT bT max_abs_err=0
[matmul-bf16] k12 1x17x12x34 a b max_abs_err=0
[matmul-bf16] k12 1x17x12x34 a bT max_abs_err=0
[matmul-bf16] k12 1x17x12x34 aT b max_abs_err=0
[matmul-bf16] k12 1x17x12x34 aT bT max_abs_err=0
[matmul-bf16] odd-n 1x17x8x17 a b max_abs_err=0
[matmul-bf16] odd-n 1x17x8x17 a bT max_abs_err=0
[matmul-bf16] odd-n 1x17x8x17 aT b max_abs_err=0
[matmul-bf16] odd-n 1x17x8x17 aT bT max_abs_err=0
[matmul-bf16] model 1x30x896x896 a b max_abs_err=0
[matmul-bf16] model 1x30x896x896 a bT max_abs_err=0
[matmul-bf16] model 1x30x896x896 aT b max_abs_err=0
[matmul-bf16] model 1x30x896x896 aT bT max_abs_err=0
[matmul-bf16] model 1x30x896x4864 a b max_abs_err=0
[matmul-bf16] model 1x30x896x4864 a bT max_abs_err=0
[matmul-bf16] model 1x30x896x4864 aT b max_abs_err=0
[matmul-bf16] model 1x30x896x4864 aT bT max_abs_err=0
[matmul-bf16] model 1x30x4864x896 a b max_abs_err=0
[matmul-bf16] model 1x30x4864x896 a bT max_abs_err=0
[matmul-bf16] model 1x30x4864x896 aT b max_abs_err=0
[matmul-bf16] model 1x30x4864x896 aT bT max_abs_err=0
[matmul-bf16] model 1x30x4864x4864 a b max_abs_err=0
[matmul-bf16] model 1x30x4864x4864 a bT max_abs_err=0
[matmul-bf16] model 1x30x4864x4864 aT b max_abs_err=0
[matmul-bf16] model 1x30x4864x4864 aT bT max_abs_err=0
  [row-mismatch] model row=0 max_err=976
  [row-mismatch] model row=1 max_err=1408
  [row-mismatch] model row=2 max_err=996
  [row-mismatch] model row=3 max_err=840
[matmul-bf16] model 1x262x896x896 a b max_abs_err=1432
[matmul-bf16] model 1x262x896x896 a bT max_abs_err=0
  [row-mismatch] model row=0 max_err=5514
  [row-mismatch] model row=1 max_err=4848
  [row-mismatch] model row=2 max_err=4283
  [row-mismatch] model row=3 max_err=4317
[matmul-bf16] model 1x262x896x896 aT b max_abs_err=6624
  [row-mismatch] model row=0 max_err=832
  [row-mismatch] model row=1 max_err=1384
  [row-mismatch] model row=2 max_err=894
  [row-mismatch] model row=3 max_err=896
[matmul-bf16] model 1x262x896x896 aT bT max_abs_err=1384
  [row-mismatch] model row=0 max_err=1000
  [row-mismatch] model row=1 max_err=1048
  [row-mismatch] model row=2 max_err=1256
  [row-mismatch] model row=3 max_err=1186
[matmul-bf16] model 1x262x896x4864 a b max_abs_err=1400
[matmul-bf16] model 1x262x896x4864 a bT max_abs_err=0
  [row-mismatch] model row=0 max_err=5132
  [row-mismatch] model row=1 max_err=5050
  [row-mismatch] model row=2 max_err=5404
  [row-mismatch] model row=3 max_err=5912
[matmul-bf16] model 1x262x896x4864 aT b max_abs_err=7406
  [row-mismatch] model row=0 max_err=1008
  [row-mismatch] model row=1 max_err=1008
  [row-mismatch] model row=2 max_err=1084
  [row-mismatch] model row=3 max_err=1036
[matmul-bf16] model 1x262x896x4864 aT bT max_abs_err=1396
  [row-mismatch] model row=0 max_err=2124
  [row-mismatch] model row=1 max_err=1892
  [row-mismatch] model row=2 max_err=2492
  [row-mismatch] model row=3 max_err=2084
[matmul-bf16] model 1x262x4864x896 a b max_abs_err=3176
[matmul-bf16] model 1x262x4864x896 a bT max_abs_err=0
  [row-mismatch] model row=0 max_err=22827
  [row-mismatch] model row=1 max_err=27714
  [row-mismatch] model row=2 max_err=19260
  [row-mismatch] model row=3 max_err=26048
[matmul-bf16] model 1x262x4864x896 aT b max_abs_err=37297
  [row-mismatch] model row=0 max_err=2576
  [row-mismatch] model row=1 max_err=2168
  [row-mismatch] model row=2 max_err=2084
  [row-mismatch] model row=3 max_err=2240
[matmul-bf16] model 1x262x4864x896 aT bT max_abs_err=2874
  [row-mismatch] model row=0 max_err=2480
  [row-mismatch] model row=1 max_err=2440
  [row-mismatch] model row=2 max_err=2380
  [row-mismatch] model row=3 max_err=2256
[matmul-bf16] model 1x262x4864x4864 a b max_abs_err=3360
[matmul-bf16] model 1x262x4864x4864 a bT max_abs_err=0
  [row-mismatch] model row=0 max_err=26935
  [row-mismatch] model row=1 max_err=27416
  [row-mismatch] model row=2 max_err=26960
  [row-mismatch] model row=3 max_err=33953
[matmul-bf16] model 1x262x4864x4864 aT b max_abs_err=45172
  [row-mismatch] model row=0 max_err=2328
  [row-mismatch] model row=1 max_err=2608
  [row-mismatch] model row=2 max_err=2520
  [row-mismatch] model row=3 max_err=2480
[matmul-bf16] model 1x262x4864x4864 aT bT max_abs_err=3208
  [row-mismatch] model row=0 max_err=840
  [row-mismatch] model row=1 max_err=852
  [row-mismatch] model row=2 max_err=898
  [row-mismatch] model row=3 max_err=1104
[matmul-bf16] model 1x1053x896x896 a b max_abs_err=1416
[matmul-bf16] model 1x1053x896x896 a bT max_abs_err=0
[matmul-bf16] model 1x1053x896x896 aT b max_abs_err=0
[matmul-bf16] model 1x1053x896x896 aT bT max_abs_err=0
  [row-mismatch] model row=0 max_err=1064
  [row-mismatch] model row=1 max_err=1084
  [row-mismatch] model row=2 max_err=1212
  [row-mismatch] model row=3 max_err=926
[matmul-bf16] model 1x1053x896x4864 a b max_abs_err=1432
[matmul-bf16] model 1x1053x896x4864 a bT max_abs_err=0
[matmul-bf16] model 1x1053x896x4864 aT b max_abs_err=0
[matmul-bf16] model 1x1053x896x4864 aT bT max_abs_err=0
  [row-mismatch] model row=0 max_err=2408
  [row-mismatch] model row=1 max_err=2156
  [row-mismatch] model row=2 max_err=2604
  [row-mismatch] model row=3 max_err=1948
[matmul-bf16] model 1x1053x4864x896 a b max_abs_err=4120
[matmul-bf16] model 1x1053x4864x896 a bT max_abs_err=0
[matmul-bf16] model 1x1053x4864x896 aT b max_abs_err=0
[matmul-bf16] model 1x1053x4864x896 aT bT max_abs_err=0
  [row-mismatch] model row=0 max_err=2328
  [row-mismatch] model row=1 max_err=2608
  [row-mismatch] model row=2 max_err=2536
  [row-mismatch] model row=3 max_err=2572
[matmul-bf16] model 1x1053x4864x4864 a b max_abs_err=3492
[matmul-bf16] model 1x1053x4864x4864 a bT max_abs_err=0
[matmul-bf16] model 1x1053x4864x4864 aT b max_abs_err=0
[matmul-bf16] model 1x1053x4864x4864 aT bT max_abs_err=0
[matmul-bf16] slice col4 32x40x24 max_abs_err=158
[matmul-bf16] slice col5 32x40x24 max_abs_err=0
[matmul-bf16] fractional 33x24x40 bound=0.186038 max_abs_err=16.2812 partial_max=22.8082
[provenance] subgroup_size=32 decode_gemv_path=subgroup-shuffle
[matmul-bf16-decode] q_proj 1x896x896 bT bound=0.96725 max_abs_err_vs_f64=0.245659 partial_max=121.829
[matmul-bf16-decode] k_proj 1x896x128 bT bound=0.868865 max_abs_err_vs_f64=0.23188 partial_max=109.336
[matmul-bf16-decode] v_proj 1x896x128 bT bound=0.981082 max_abs_err_vs_f64=0.228569 partial_max=123.586
[matmul-bf16-decode] o_proj 1x896x896 bT bound=1.1124 max_abs_err_vs_f64=0.259842 partial_max=140.26
[matmul-bf16-decode] gate_proj 1x896x4864 bT bound=1.24652 max_abs_err_vs_f64=0.402222 partial_max=157.291
[matmul-bf16-decode] down_proj 1x4864x896 bT bound=2.70929 max_abs_err_vs_f64=0.852173 partial_max=331.822
[matmul-bf16-decode] lm_head 1x896x151936 bT bound=1.49138 max_abs_err_vs_f64=0.493546 partial_max=188.384
[matmul-bf16-decode] cancel896x128 1x896x128 bT bound=0.0247205 max_abs_err_vs_f64=0.0063467 partial_max=2.14697
[matmul-bf16-decode] fallback-k832 1x832x896 bT bound=0.935554 max_abs_err_vs_f64=0.239456 partial_max=117.869
[matmul-bf16-decode] fallback-n897 1x896x897 bT bound=1.02737 max_abs_err_vs_f64=0.462921 partial_max=129.463
[qmm-rb-word] m=2 n=7 k=64 candidate_vs_baseline_max=0 candidate_vs_host_max=0.00719643 baseline_vs_host_max=0.00719643 bound=0.025325
[qmm-rb-word] m=15 n=17 k=192 candidate_vs_baseline_max=0 candidate_vs_host_max=0.0147629 baseline_vs_host_max=0.0147629 bound=0.0594667
[qmm-rb-word] m=32 n=32 k=128 candidate_vs_baseline_max=0 candidate_vs_host_max=0.0153732 baseline_vs_host_max=0.0153732 bound=0.0515481
[qmm-rb-word] m=33 n=17 k=64 candidate_vs_baseline_max=0 candidate_vs_host_max=0.0130997 baseline_vs_host_max=0.0130997 bound=0.0350047
[provenance] cooperative_matrix_f32_8=1 subgroup_size=32 -> f16 q4/g64 prefill runs QmmPrefillCoopmatF16
[qmm-coopmat] kernel=QmmPrefillCoopmatF16 m=8 n=896 k=896 max_abs_err=0.0602875 rel_err=0.000368129 bound=0.264921
[qmm-coopmat] kernel=QmmPrefillCoopmatF16 m=32 n=896 k=896 max_abs_err=0.0607452 rel_err=0.000382647 bound=0.256805
[qmm-coopmat] kernel=QmmPrefillCoopmatF16 m=262 n=896 k=896 max_abs_err=0.0624542 rel_err=0.000311881 bound=0.323938
[qmm-coopmat] kernel=QmmPrefillCoopmatF16 m=1053 n=896 k=896 max_abs_err=0.0623932 rel_err=0.000318943 bound=0.316457
[qmm-coopmat] kernel=QmmPrefillCoopmatF16 m=8 n=4864 k=896 max_abs_err=0.0622406 rel_err=0.000378296 bound=0.266153
[qmm-coopmat] kernel=QmmPrefillCoopmatF16 m=32 n=4864 k=896 max_abs_err=0.0623932 rel_err=0.000331438 bound=0.304526
[qmm-coopmat] kernel=QmmPrefillCoopmatF16 m=262 n=4864 k=896 max_abs_err=0.0623932 rel_err=0.000287526 bound=0.351034
[qmm-coopmat] kernel=QmmPrefillCoopmatF16 m=1053 n=4864 k=896 max_abs_err=0.062561 rel_err=0.000315917 bound=0.320348
[qmm-coopmat] kernel=QmmPrefillCoopmatF16 m=8 n=896 k=4864 max_abs_err=0.121582 rel_err=0.000334246 bound=1.6208
[qmm-coopmat] kernel=QmmPrefillCoopmatF16 m=32 n=896 k=4864 max_abs_err=0.124359 rel_err=0.000322766 bound=1.71678
[qmm-coopmat] kernel=QmmPrefillCoopmatF16 m=262 n=896 k=4864 max_abs_err=0.125031 rel_err=0.000303792 bound=1.83386
[qmm-coopmat] kernel=QmmPrefillCoopmatF16 m=1053 n=896 k=4864 max_abs_err=0.125458 rel_err=0.000273925 bound=2.04076
[qmm-coopmat] kernel=QmmPrefillCoopmatF16 m=8 n=128 k=896 max_abs_err=0.0312576 rel_err=0.000225845 bound=0.22389
[qmm-coopmat] kernel=QmmPrefillCoopmatF16 m=32 n=128 k=896 max_abs_err=0.0474854 rel_err=0.00032322 bound=0.237658
[qmm-coopmat] kernel=QmmPrefillCoopmatF16 m=262 n=128 k=896 max_abs_err=0.0619354 rel_err=0.000350882 bound=0.285541
[qmm-coopmat] kernel=QmmPrefillCoopmatF16 m=1053 n=128 k=896 max_abs_err=0.0617523 rel_err=0.000331307 bound=0.301518
[provenance] cooperative_matrix_f32_8=1 subgroup_size=32 -> offset-parity repro compares coopmat vs staged coopmat
[qmm-offset-parity] coopmat_device=1 m=64 n=896 k=896 mismatches=0 aligned_diff=0.0606689 odd_diff=0.0606689 bound=0.272173
matmul_family_base rc=1
[child/reopen] fresh process device reopen ok
[child/reused_slot_blocked_dependency] [omarchy] Vulkan timeline counter failed to advance for 200 ms (last observed=8, target=9). The device may be hung; no CPU fallback is available.
[child/unrelated_work_event_wait] [omarchy] Vulkan timeline counter failed to advance for 100 ms (last observed=0, target=1). The device may be hung; no CPU fallback is available.
[child/completed_marker_behind_handler] [omarchy] Vulkan timeline counter failed to advance for 100 ms (last observed=2, target=3). The device may be hung; no CPU fallback is available.
[child/long_matmul_progress] valid matmul completed
[child/watchdog_teardown] submit completed before the watchdog fired; teardown is the assertion
Skipping: a qualifying GPU is present; the refusal path is exercised by the classification tests and this test is meaningless there.
[receipt] compute queue families expose 1 queue(s)
Skipping: requires a development build with the CPU backend enabled.
Skipping: requires a development build with the CPU backend enabled.
Skipping: requires a development build with the CPU backend enabled.
Skipping: requires a development build with the CPU backend enabled.
[receipt] device exposes 1 queue(s); measuring overlap on one VkQueue
[receipt] iters=400 serialized_median=0.36701s concurrent_median=0.318779s ratio=1.1513
Skipping: GPU and CPU devices are required.
runtime_base rc=0
===============================================================================
[doctest] test cases:       21 |       20 passed |  1 failed | 0 skipped
[doctest] assertions: 82940459 | 82940434 passed | 25 failed |
[doctest] Status: FAILURE!
[provenance] cooperative_matrix_f32_8=1 subgroup_size=32 -> gated shapes run MatmulF32Coopmat
[matmul-f32] cube8 1x8x8x8 a b path=coopmat max_abs_err=0
[matmul-f32] cube8 1x8x8x8 a bT path=coopmat max_abs_err=0
[matmul-f32] cube8 1x8x8x8 aT b path=coopmat max_abs_err=0
[matmul-f32] cube8 1x8x8x8 aT bT path=coopmat max_abs_err=0
[matmul-f32] cube64 1x64x64x64 a b path=coopmat max_abs_err=0
[matmul-f32] cube64 1x64x64x64 a bT path=coopmat max_abs_err=0
[matmul-f32] cube64 1x64x64x64 aT b path=coopmat max_abs_err=0
[matmul-f32] cube64 1x64x64x64 aT bT path=coopmat max_abs_err=0
[matmul-f32] cube128 1x128x128x128 a b path=coopmat max_abs_err=0
[matmul-f32] cube128 1x128x128x128 a bT path=coopmat max_abs_err=0
[matmul-f32] cube128 1x128x128x128 aT b path=coopmat max_abs_err=0
[matmul-f32] cube128 1x128x128x128 aT bT path=coopmat max_abs_err=0
[matmul-f32] batched4x32 4x32x32x32 a b path=coopmat max_abs_err=0
[matmul-f32] batched4x32 4x32x32x32 a bT path=coopmat max_abs_err=0
[matmul-f32] batched4x32 4x32x32x32 aT b path=coopmat max_abs_err=0
[matmul-f32] batched4x32 4x32x32x32 aT bT path=coopmat max_abs_err=0
[matmul-f32] odd17x23x19 1x17x23x19 a b path=tiled max_abs_err=0
[matmul-f32] odd17x23x19 1x17x23x19 a bT path=tiled max_abs_err=0
[matmul-f32] odd17x23x19 1x17x23x19 aT b path=tiled max_abs_err=0
[matmul-f32] odd17x23x19 1x17x23x19 aT bT path=tiled max_abs_err=0
[matmul-f32] slice col4 32x40x24 path=coopmat max_abs_err=0
[matmul-f32] slice col5 32x40x24 path=tiled max_abs_err=0
[provenance] cooperative_matrix_f32_8=1 subgroup_size=32
[matmul-bf16] tail-m8 1x8x8x8 a b max_abs_err=0
[matmul-bf16] tail-m8 1x8x8x8 a bT max_abs_err=0
[matmul-bf16] tail-m8 1x8x8x8 aT b max_abs_err=0
[matmul-bf16] tail-m8 1x8x8x8 aT bT max_abs_err=0
[matmul-bf16] tail-m9 1x9x8x8 a b max_abs_err=0
[matmul-bf16] tail-m9 1x9x8x8 a bT max_abs_err=0
[matmul-bf16] tail-m9 1x9x8x8 aT b max_abs_err=0
[matmul-bf16] tail-m9 1x9x8x8 aT bT max_abs_err=0
[matmul-bf16] tail-m33-n40 1x33x8x40 a b max_abs_err=0
[matmul-bf16] tail-m33-n40 1x33x8x40 a bT max_abs_err=0
[matmul-bf16] tail-m33-n40 1x33x8x40 aT b max_abs_err=0
[matmul-bf16] tail-m33-n40 1x33x8x40 aT bT max_abs_err=0
  [row-mismatch] tile32 row=0 max_err=104
  [row-mismatch] tile32 row=1 max_err=78
  [row-mismatch] tile32 row=2 max_err=96
  [row-mismatch] tile32 row=3 max_err=72
[matmul-bf16] tile32 1x32x32x32 a b max_abs_err=120
[matmul-bf16] tile32 1x32x32x32 a bT max_abs_err=0
  [row-mismatch] tile32 row=0 max_err=110
  [row-mismatch] tile32 row=1 max_err=61
  [row-mismatch] tile32 row=2 max_err=81
  [row-mismatch] tile32 row=3 max_err=88
[matmul-bf16] tile32 1x32x32x32 aT b max_abs_err=145
  [row-mismatch] tile32 row=0 max_err=144
  [row-mismatch] tile32 row=1 max_err=67
  [row-mismatch] tile32 row=2 max_err=91
  [row-mismatch] tile32 row=3 max_err=91
[matmul-bf16] tile32 1x32x32x32 aT bT max_abs_err=144
[matmul-bf16] tail-m17-k24-n34 1x17x24x34 a b max_abs_err=0
[matmul-bf16] tail-m17-k24-n34 1x17x24x34 a bT max_abs_err=0
[matmul-bf16] tail-m17-k24-n34 1x17x24x34 aT b max_abs_err=0
[matmul-bf16] tail-m17-k24-n34 1x17x24x34 aT bT max_abs_err=0
[matmul-bf16] batch2 2x40x8x40 a b max_abs_err=0
[matmul-bf16] batch2 2x40x8x40 a bT max_abs_err=0
[matmul-bf16] batch2 2x40x8x40 aT b max_abs_err=0
[matmul-bf16] batch2 2x40x8x40 aT bT max_abs_err=0
  [row-mismatch] tail-m32-k24-n34 row=0 max_err=55
  [row-mismatch] tail-m32-k24-n34 row=1 max_err=40
  [row-mismatch] tail-m32-k24-n34 row=2 max_err=79
  [row-mismatch] tail-m32-k24-n34 row=3 max_err=60
[matmul-bf16] tail-m32-k24-n34 1x32x24x34 a b max_abs_err=118
[matmul-bf16] tail-m32-k24-n34 1x32x24x34 a bT max_abs_err=0
  [row-mismatch] tail-m32-k24-n34 row=0 max_err=49
  [row-mismatch] tail-m32-k24-n34 row=1 max_err=58
  [row-mismatch] tail-m32-k24-n34 row=2 max_err=73
  [row-mismatch] tail-m32-k24-n34 row=3 max_err=71
[matmul-bf16] tail-m32-k24-n34 1x32x24x34 aT b max_abs_err=89
  [row-mismatch] tail-m32-k24-n34 row=0 max_err=29
  [row-mismatch] tail-m32-k24-n34 row=1 max_err=41
  [row-mismatch] tail-m32-k24-n34 row=2 max_err=74
  [row-mismatch] tail-m32-k24-n34 row=3 max_err=57
[matmul-bf16] tail-m32-k24-n34 1x32x24x34 aT bT max_abs_err=98
  [row-mismatch] tail-m33-k40-n18 row=0 max_err=105
  [row-mismatch] tail-m33-k40-n18 row=1 max_err=105
  [row-mismatch] tail-m33-k40-n18 row=2 max_err=149
  [row-mismatch] tail-m33-k40-n18 row=3 max_err=103
[matmul-bf16] tail-m33-k40-n18 1x33x40x18 a b max_abs_err=149
[matmul-bf16] tail-m33-k40-n18 1x33x40x18 a bT max_abs_err=0
[matmul-bf16] tail-m33-k40-n18 1x33x40x18 aT b max_abs_err=0
[matmul-bf16] tail-m33-k40-n18 1x33x40x18 aT bT max_abs_err=0
[matmul-bf16] tail-m48-k8-n16 1x48x8x16 a b max_abs_err=0
[matmul-bf16] tail-m48-k8-n16 1x48x8x16 a bT max_abs_err=0
[matmul-bf16] tail-m48-k8-n16 1x48x8x16 aT b max_abs_err=0
[matmul-bf16] tail-m48-k8-n16 1x48x8x16 aT bT max_abs_err=0
[matmul-bf16] single-row 1x1x8x8 a b max_abs_err=0
[matmul-bf16] single-row 1x1x8x8 a bT max_abs_err=0
[matmul-bf16] single-row 1x1x8x8 aT b max_abs_err=0
[matmul-bf16] single-row 1x1x8x8 aT bT max_abs_err=0
[matmul-bf16] k12 1x17x12x34 a b max_abs_err=0
[matmul-bf16] k12 1x17x12x34 a bT max_abs_err=0
[matmul-bf16] k12 1x17x12x34 aT b max_abs_err=0
[matmul-bf16] k12 1x17x12x34 aT bT max_abs_err=0
[matmul-bf16] odd-n 1x17x8x17 a b max_abs_err=0
[matmul-bf16] odd-n 1x17x8x17 a bT max_abs_err=0
[matmul-bf16] odd-n 1x17x8x17 aT b max_abs_err=0
[matmul-bf16] odd-n 1x17x8x17 aT bT max_abs_err=0
[matmul-bf16] model 1x30x896x896 a b max_abs_err=0
[matmul-bf16] model 1x30x896x896 a bT max_abs_err=0
[matmul-bf16] model 1x30x896x896 aT b max_abs_err=0
[matmul-bf16] model 1x30x896x896 aT bT max_abs_err=0
[matmul-bf16] model 1x30x896x4864 a b max_abs_err=0
[matmul-bf16] model 1x30x896x4864 a bT max_abs_err=0
[matmul-bf16] model 1x30x896x4864 aT b max_abs_err=0
[matmul-bf16] model 1x30x896x4864 aT bT max_abs_err=0
[matmul-bf16] model 1x30x4864x896 a b max_abs_err=0
[matmul-bf16] model 1x30x4864x896 a bT max_abs_err=0
[matmul-bf16] model 1x30x4864x896 aT b max_abs_err=0
[matmul-bf16] model 1x30x4864x896 aT bT max_abs_err=0
[matmul-bf16] model 1x30x4864x4864 a b max_abs_err=0
[matmul-bf16] model 1x30x4864x4864 a bT max_abs_err=0
[matmul-bf16] model 1x30x4864x4864 aT b max_abs_err=0
[matmul-bf16] model 1x30x4864x4864 aT bT max_abs_err=0
  [row-mismatch] model row=0 max_err=976
  [row-mismatch] model row=1 max_err=1408
  [row-mismatch] model row=2 max_err=996
  [row-mismatch] model row=3 max_err=840
[matmul-bf16] model 1x262x896x896 a b max_abs_err=1432
[matmul-bf16] model 1x262x896x896 a bT max_abs_err=0
  [row-mismatch] model row=0 max_err=5514
  [row-mismatch] model row=1 max_err=4848
  [row-mismatch] model row=2 max_err=4283
  [row-mismatch] model row=3 max_err=4317
[matmul-bf16] model 1x262x896x896 aT b max_abs_err=6624
  [row-mismatch] model row=0 max_err=832
  [row-mismatch] model row=1 max_err=1384
  [row-mismatch] model row=2 max_err=894
  [row-mismatch] model row=3 max_err=896
[matmul-bf16] model 1x262x896x896 aT bT max_abs_err=1384
  [row-mismatch] model row=0 max_err=1000
  [row-mismatch] model row=1 max_err=1048
  [row-mismatch] model row=2 max_err=1256
  [row-mismatch] model row=3 max_err=1186
[matmul-bf16] model 1x262x896x4864 a b max_abs_err=1400
[matmul-bf16] model 1x262x896x4864 a bT max_abs_err=0
  [row-mismatch] model row=0 max_err=5132
  [row-mismatch] model row=1 max_err=5050
  [row-mismatch] model row=2 max_err=5404
  [row-mismatch] model row=3 max_err=5912
[matmul-bf16] model 1x262x896x4864 aT b max_abs_err=7406
  [row-mismatch] model row=0 max_err=1008
  [row-mismatch] model row=1 max_err=1008
  [row-mismatch] model row=2 max_err=1084
  [row-mismatch] model row=3 max_err=1036
[matmul-bf16] model 1x262x896x4864 aT bT max_abs_err=1396
  [row-mismatch] model row=0 max_err=2124
  [row-mismatch] model row=1 max_err=1892
  [row-mismatch] model row=2 max_err=2492
  [row-mismatch] model row=3 max_err=2084
[matmul-bf16] model 1x262x4864x896 a b max_abs_err=3176
[matmul-bf16] model 1x262x4864x896 a bT max_abs_err=0
  [row-mismatch] model row=0 max_err=22827
  [row-mismatch] model row=1 max_err=27714
  [row-mismatch] model row=2 max_err=19260
  [row-mismatch] model row=3 max_err=26048
[matmul-bf16] model 1x262x4864x896 aT b max_abs_err=37297
  [row-mismatch] model row=0 max_err=2576
  [row-mismatch] model row=1 max_err=2168
  [row-mismatch] model row=2 max_err=2084
  [row-mismatch] model row=3 max_err=2240
[matmul-bf16] model 1x262x4864x896 aT bT max_abs_err=2874
  [row-mismatch] model row=0 max_err=2480
  [row-mismatch] model row=1 max_err=2440
  [row-mismatch] model row=2 max_err=2380
  [row-mismatch] model row=3 max_err=2256
[matmul-bf16] model 1x262x4864x4864 a b max_abs_err=3360
[matmul-bf16] model 1x262x4864x4864 a bT max_abs_err=0
  [row-mismatch] model row=0 max_err=26935
  [row-mismatch] model row=1 max_err=27416
  [row-mismatch] model row=2 max_err=26960
  [row-mismatch] model row=3 max_err=33953
[matmul-bf16] model 1x262x4864x4864 aT b max_abs_err=45172
  [row-mismatch] model row=0 max_err=2328
  [row-mismatch] model row=1 max_err=2608
  [row-mismatch] model row=2 max_err=2520
  [row-mismatch] model row=3 max_err=2480
[matmul-bf16] model 1x262x4864x4864 aT bT max_abs_err=3208
  [row-mismatch] model row=0 max_err=840
  [row-mismatch] model row=1 max_err=852
  [row-mismatch] model row=2 max_err=898
  [row-mismatch] model row=3 max_err=1104
[matmul-bf16] model 1x1053x896x896 a b max_abs_err=1416
[matmul-bf16] model 1x1053x896x896 a bT max_abs_err=0
[matmul-bf16] model 1x1053x896x896 aT b max_abs_err=0
[matmul-bf16] model 1x1053x896x896 aT bT max_abs_err=0
  [row-mismatch] model row=0 max_err=1064
  [row-mismatch] model row=1 max_err=1084
  [row-mismatch] model row=2 max_err=1212
  [row-mismatch] model row=3 max_err=926
[matmul-bf16] model 1x1053x896x4864 a b max_abs_err=1432
[matmul-bf16] model 1x1053x896x4864 a bT max_abs_err=0
[matmul-bf16] model 1x1053x896x4864 aT b max_abs_err=0
[matmul-bf16] model 1x1053x896x4864 aT bT max_abs_err=0
  [row-mismatch] model row=0 max_err=2408
  [row-mismatch] model row=1 max_err=2156
  [row-mismatch] model row=2 max_err=2604
  [row-mismatch] model row=3 max_err=1948
[matmul-bf16] model 1x1053x4864x896 a b max_abs_err=4120
[matmul-bf16] model 1x1053x4864x896 a bT max_abs_err=0
[matmul-bf16] model 1x1053x4864x896 aT b max_abs_err=0
[matmul-bf16] model 1x1053x4864x896 aT bT max_abs_err=0
  [row-mismatch] model row=0 max_err=2328
  [row-mismatch] model row=1 max_err=2608
  [row-mismatch] model row=2 max_err=2536
  [row-mismatch] model row=3 max_err=2572
[matmul-bf16] model 1x1053x4864x4864 a b max_abs_err=3492
[matmul-bf16] model 1x1053x4864x4864 a bT max_abs_err=0
[matmul-bf16] model 1x1053x4864x4864 aT b max_abs_err=0
[matmul-bf16] model 1x1053x4864x4864 aT bT max_abs_err=0
[matmul-bf16] slice col4 32x40x24 max_abs_err=158
[matmul-bf16] slice col5 32x40x24 max_abs_err=0
[matmul-bf16] fractional 33x24x40 bound=0.186038 max_abs_err=16.2812 partial_max=22.8082
[provenance] subgroup_size=32 decode_gemv_path=subgroup-shuffle
[matmul-bf16-decode] q_proj 1x896x896 bT bound=0.96725 max_abs_err_vs_f64=0.245659 partial_max=121.829
[matmul-bf16-decode] k_proj 1x896x128 bT bound=0.868865 max_abs_err_vs_f64=0.23188 partial_max=109.336
[matmul-bf16-decode] v_proj 1x896x128 bT bound=0.981082 max_abs_err_vs_f64=0.228569 partial_max=123.586
[matmul-bf16-decode] o_proj 1x896x896 bT bound=1.1124 max_abs_err_vs_f64=0.259842 partial_max=140.26
[matmul-bf16-decode] gate_proj 1x896x4864 bT bound=1.24652 max_abs_err_vs_f64=0.402222 partial_max=157.291
[matmul-bf16-decode] down_proj 1x4864x896 bT bound=2.70929 max_abs_err_vs_f64=0.852173 partial_max=331.822
[matmul-bf16-decode] lm_head 1x896x151936 bT bound=1.49138 max_abs_err_vs_f64=0.493546 partial_max=188.384
[matmul-bf16-decode] cancel896x128 1x896x128 bT bound=0.0247205 max_abs_err_vs_f64=0.0063467 partial_max=2.14697
[matmul-bf16-decode] fallback-k832 1x832x896 bT bound=0.935554 max_abs_err_vs_f64=0.239456 partial_max=117.869
[matmul-bf16-decode] fallback-n897 1x896x897 bT bound=1.02737 max_abs_err_vs_f64=0.462921 partial_max=129.463
[qmm-rb-word] m=2 n=7 k=64 candidate_vs_baseline_max=0 candidate_vs_host_max=0.00719643 baseline_vs_host_max=0.00719643 bound=0.025325
[qmm-rb-word] m=15 n=17 k=192 candidate_vs_baseline_max=0 candidate_vs_host_max=0.0147629 baseline_vs_host_max=0.0147629 bound=0.0594667
[qmm-rb-word] m=32 n=32 k=128 candidate_vs_baseline_max=0 candidate_vs_host_max=0.0153732 baseline_vs_host_max=0.0153732 bound=0.0515481
[qmm-rb-word] m=33 n=17 k=64 candidate_vs_baseline_max=0 candidate_vs_host_max=0.0130997 baseline_vs_host_max=0.0130997 bound=0.0350047
[provenance] cooperative_matrix_f32_8=1 subgroup_size=32 -> f16 q4/g64 prefill runs QmmPrefillCoopmatF16
[qmm-coopmat] kernel=QmmPrefillCoopmatF16 m=8 n=896 k=896 max_abs_err=0.0602875 rel_err=0.000368129 bound=0.264921
[qmm-coopmat] kernel=QmmPrefillCoopmatF16 m=32 n=896 k=896 max_abs_err=0.0607452 rel_err=0.000382647 bound=0.256805
[qmm-coopmat] kernel=QmmPrefillCoopmatF16 m=262 n=896 k=896 max_abs_err=0.0624542 rel_err=0.000311881 bound=0.323938
[qmm-coopmat] kernel=QmmPrefillCoopmatF16 m=1053 n=896 k=896 max_abs_err=0.0623932 rel_err=0.000318943 bound=0.316457
[qmm-coopmat] kernel=QmmPrefillCoopmatF16 m=8 n=4864 k=896 max_abs_err=0.0622406 rel_err=0.000378296 bound=0.266153
[qmm-coopmat] kernel=QmmPrefillCoopmatF16 m=32 n=4864 k=896 max_abs_err=0.0623932 rel_err=0.000331438 bound=0.304526
[qmm-coopmat] kernel=QmmPrefillCoopmatF16 m=262 n=4864 k=896 max_abs_err=0.0623932 rel_err=0.000287526 bound=0.351034
[qmm-coopmat] kernel=QmmPrefillCoopmatF16 m=1053 n=4864 k=896 max_abs_err=0.062561 rel_err=0.000315917 bound=0.320348
[qmm-coopmat] kernel=QmmPrefillCoopmatF16 m=8 n=896 k=4864 max_abs_err=0.121582 rel_err=0.000334246 bound=1.6208
[qmm-coopmat] kernel=QmmPrefillCoopmatF16 m=32 n=896 k=4864 max_abs_err=0.124359 rel_err=0.000322766 bound=1.71678
[qmm-coopmat] kernel=QmmPrefillCoopmatF16 m=262 n=896 k=4864 max_abs_err=0.125031 rel_err=0.000303792 bound=1.83386
[qmm-coopmat] kernel=QmmPrefillCoopmatF16 m=1053 n=896 k=4864 max_abs_err=0.125458 rel_err=0.000273925 bound=2.04076
[qmm-coopmat] kernel=QmmPrefillCoopmatF16 m=8 n=128 k=896 max_abs_err=0.0312576 rel_err=0.000225845 bound=0.22389
[qmm-coopmat] kernel=QmmPrefillCoopmatF16 m=32 n=128 k=896 max_abs_err=0.0474854 rel_err=0.00032322 bound=0.237658
[qmm-coopmat] kernel=QmmPrefillCoopmatF16 m=262 n=128 k=896 max_abs_err=0.0619354 rel_err=0.000350882 bound=0.285541
[qmm-coopmat] kernel=QmmPrefillCoopmatF16 m=1053 n=128 k=896 max_abs_err=0.0617523 rel_err=0.000331307 bound=0.301518
[provenance] cooperative_matrix_f32_8=1 subgroup_size=32 -> offset-parity repro compares coopmat vs staged coopmat
[qmm-offset-parity] coopmat_device=1 m=64 n=896 k=896 mismatches=0 aligned_diff=0.0606689 odd_diff=0.0606689 bound=0.272173
