== stage2 phase A: family + runtime suites, fork driver ==
[provenance] cooperative_matrix_f32_8=1 subgroup_size=32 -> offset-parity repro compares coopmat vs staged coopmat
[qmm-offset-parity] coopmat_device=1 m=64 n=896 k=896 mismatches=0 aligned_diff=0.0606689 odd_diff=0.0606689 bound=0.272173
family_base rc=0
[receipt] iters=400 serialized_median=0.365853s concurrent_median=0.31409s ratio=1.1648
Skipping: GPU and CPU devices are required.
runtime_base rc=0
[provenance] cooperative_matrix_f32_8=1 subgroup_size=32 -> offset-parity repro compares coopmat vs staged coopmat
[qmm-offset-parity] coopmat_device=1 m=64 n=896 k=896 mismatches=0 aligned_diff=0.0606689 odd_diff=0.0606689 bound=0.272173
family_cand rc=0
[receipt] iters=400 serialized_median=0.372548s concurrent_median=0.318645s ratio=1.16916
Skipping: GPU and CPU devices are required.
runtime_cand rc=0
== stage2 phase B: attribution probes (fork driver, base and cand) ==
attribution_base rc=1
attribution_cand rc=1
== stage2 phase C: cooldown before matrix ==
warmup: verified=match x7
r1-fork-base: verified=match x7
r1-fork-cand: verified=match x7
r1-stock-base: verified=match x7
r1-stock-cand: verified=match x7
r2-fork-base: verified=match x7
r2-fork-cand: verified=match x7
r2-stock-base: verified=match x7
r2-stock-cand: verified=match x7
r3-fork-base: verified=match x7
r3-fork-cand: verified=match x7
r3-stock-base: verified=match x7
r3-stock-cand: verified=match x7
MATRIX-OK
== stage2b: attribution probes, MLX_DISABLE_COMPILE=1 ==
attribution_base rc=1
attribution_cand rc=1
STAGE2B-OK
== stage2b: attribution probes, MLX_DISABLE_COMPILE=1 ==
attribution_base rc=0
attribution_cand rc=0
STAGE2B-OK
