== prepare upstream tree ==
  % Total    % Received % Xferd  Average Speed  Time    Time    Time   Current
                                 Dload  Upload  Total   Spent   Left   Speed

  0      0   0      0   0      0      0      0                              0
  0      0   0      0   0      0      0      0                              0
  0      0   0      0   0      0      0      0                              0

  0      0   0      0   0      0      0      0                              0
100  2.71M   0  2.71M   0      0  1.97M      0           00:01          2.69M
100  4.20M   0  4.20M   0      0  2.51M      0           00:01          2.69M
100  4.20M   0  4.20M   0      0  2.51M      0           00:01          2.69M
100  4.20M   0  4.20M   0      0  2.51M      0           00:01          2.69M
patching file CMakeLists.txt
patching file mlx/CMakeLists.txt
patching file tests/CMakeLists.txt
patching file mlx/transforms.cpp
patching file setup.py
patching file mlx/io/safetensors.cpp
patching file mlx/io/load.cpp
patching file mlx/export.cpp
patching file mlx/linalg.cpp
patching file python/src/buffer.h
patching file mlx/ops.cpp
Hunk #2 succeeded at 5051 (offset 1 line).
patching file mlx/backend/cpu/distributed.cpp
patching file mlx/fast.cpp
patching file mlx/backend/common/metal_kernel.cpp
patching file setup.py
/tmp/mlx-bf16-grouped-candidate-6b1ac029/.work/mlx
== build venv (/tmp/mlx-bf16-grouped-candidate-6b1ac029/.work/venv-build) ==
Traceback (most recent call last):
  File "<stdin>", line 1, in <module>
ModuleNotFoundError: No module named 'setuptools'
Collecting setuptools>=80
  Using cached setuptools-84.0.0-py3-none-any.whl.metadata (6.6 kB)
Requirement already satisfied: typing_extensions in /usr/lib/python3.14/site-packages (4.16.0)
Using cached setuptools-84.0.0-py3-none-any.whl (818 kB)
Installing collected packages: setuptools
Successfully installed setuptools-84.0.0
== wheel build ==
Processing ./.work/mlx
  Preparing metadata (pyproject.toml): started
  Preparing metadata (pyproject.toml): finished with status 'done'
Building wheels for collected packages: mlx-omarchy
  Building wheel for mlx-omarchy (pyproject.toml): started
  Building wheel for mlx-omarchy (pyproject.toml): still running...
  Building wheel for mlx-omarchy (pyproject.toml): still running...
  Building wheel for mlx-omarchy (pyproject.toml): still running...
  Building wheel for mlx-omarchy (pyproject.toml): still running...
  Building wheel for mlx-omarchy (pyproject.toml): still running...
  Building wheel for mlx-omarchy (pyproject.toml): still running...
  Building wheel for mlx-omarchy (pyproject.toml): still running...
  Building wheel for mlx-omarchy (pyproject.toml): finished with status 'done'
  Created wheel for mlx-omarchy: filename=mlx_omarchy-0.32.2.dev202609130004+6b1ac029-cp314-cp314-linux_aarch64.whl size=7620815 sha256=fb4b96b0e52de3a07d62fea6766baa24f409b0b6b32afef1fd5f365e246e1c50
  Stored in directory: /tmp/pip-ephem-wheel-cache-ij3tarj4/wheels/dd/4c/93/01d3eaadf30500bc57b4f2d149c2e80fc3d9c5665498d441b3
Successfully built mlx-omarchy
== receipt ==
[receipt] wheel: /tmp/mlx-bf16-grouped-candidate-6b1ac029/dist/mlx_omarchy-0.32.2.dev202609130004+6b1ac029-cp314-cp314-linux_aarch64.whl
[receipt] size: 7620815 bytes
[receipt] sha256: fb4b96b0e52de3a07d62fea6766baa24f409b0b6b32afef1fd5f365e246e1c50
[receipt] source commit: 6b1ac02
[receipt] NEXT STEP - do not skip: after you upload this wheel to a
[receipt] release, verify the UPLOADED asset with
[receipt]   python3 scripts/verify-release-assets.py <tag>
[receipt] It must print VERIFIED before the release is announced as
[receipt] usable. See docs/release.md. A local build check does not
[receipt] verify what users download.
