[probe] pipeline kernel=138 bytes=0x6356fd8f95f8 size=4336
[probe] pipeline kernel=141 bytes=0x6356fd8fcc68 size=5660
[probe] pipeline kernel=5 bytes=0x6356fd7fc320 size=2196
[probe] pipeline kernel=139 bytes=0x6356fd8fa6f0 size=4520
[probe] pipeline kernel=3 bytes=0x6356fd7fa600 size=2196
[probe] pipeline kernel=7 bytes=0x6356fd7fb908 size=2572
[probe] pipeline kernel=140 bytes=0x6356fd8fb8a0 size=5056
[probe] pipeline kernel=6 bytes=0x6356fd7f9d20 size=2260
[probe] pipeline kernel=144 bytes=0x6356fd901330 size=5896
[probe] pipeline kernel=150 bytes=0x6356fd90be48 size=4396
[probe] pipeline kernel=182 bytes=0x6356fd913230 size=2948
[probe] pipeline kernel=0 bytes=0x6356fd80e990 size=21336
[probe] pipeline kernel=17 bytes=0x6356fd833438 size=6020
[probe] pipeline kernel=79 bytes=0x6356fd84ad98 size=7684
[probe] pipeline kernel=147 bytes=0x6356fd905d40 size=7764
[probe] pipeline kernel=153 bytes=0x6356fd90f3c0 size=5140
[probe] pipeline kernel=159 bytes=0x6356fd919870 size=4684
[probe] pipeline kernel=156 bytes=0x6356fd915768 size=5244
[probe] pipeline kernel=106 bytes=0x6356fd89dd88 size=5460
[probe] pipeline kernel=57 bytes=0x6356fd7f52c8 size=2316
[probe] pipeline kernel=40 bytes=0x6356fd823948 size=6516
[probe] pipeline kernel=4 bytes=0x6356fd7f9368 size=2480
[probe] pipeline kernel=20 bytes=0x6356fd827118 size=7580
[probe] pipeline kernel=26 bytes=0x6356fd855a60 size=4096
[probe] pipeline kernel=171 bytes=0x6356fd91f8d0 size=3400
[probe] pipeline kernel=168 bytes=0x6356fd91d148 size=3160
[probe] pipeline kernel=172 bytes=0x6356fd920620 size=3520
[probe] pipeline kernel=173 bytes=0x6356fd9213e8 size=3584
[probe] pipeline kernel=169 bytes=0x6356fd91dda8 size=3280
[probe] pipeline kernel=170 bytes=0x6356fd91ea80 size=3656
[probe] pipeline kernel=54 bytes=0x6356fd7f49d8 size=2276
[probe] pipeline kernel=23 bytes=0x6356fd81c318 size=2176
[probe] pipeline kernel=47 bytes=0x6356fd8195c0 size=3300
[probe] pipeline kernel=10 bytes=0x6356fd800078 size=2092
[probe] pipeline kernel=162 bytes=0x6356fd86fb28 size=8920
[probe] pipeline kernel=165 bytes=0x6356fd877a78 size=9156
[probe] pipeline kernel=163 bytes=0x6356fd86d648 size=9432
[probe] pipeline kernel=48 bytes=0x6356fd818848 size=3436
[probe] pipeline kernel=1 bytes=0x6356fd809598 size=21488
[probe] pipeline kernel=166 bytes=0x6356fd875498 size=9684
[probe] pipeline kernel=49 bytes=0x6356fd817928 size=3864
[probe] pipeline kernel=2 bytes=0x6356fd8008b0 size=21952
[probe] pipeline kernel=164 bytes=0x6356fd86a0a8 size=13720
[probe] pipeline kernel=167 bytes=0x6356fd871e08 size=13956
[doctest] doctest version is "2.4.12"
[doctest] run with "--help" for options
===============================================================================
[doctest] test cases:    23 |    23 passed | 0 failed | 0 skipped
[doctest] assertions: 41814 | 41814 passed | 0 failed |
[doctest] Status: SUCCESS!
