[doctest] doctest version is "2.4.12"
[doctest] run with "--help" for options
[provenance] cooperative_matrix_f32_8=1 subgroup_size=32 -> f16 q4/g64 prefill runs QmmPrefillCoopmatF16
[qmm-coopmat] kernel=QmmPrefillCoopmatF16 m=8 n=896 k=896 max_abs_err=0.0602875 rel_err=0.000368129 bound=0.264921
[qmm-coopmat] kernel=QmmPrefillCoopmatF16 m=32 n=896 k=896 max_abs_err=0.0607452 rel_err=0.000382647 bound=0.256805
[qmm-coopmat] kernel=QmmPrefillCoopmatF16 m=262 n=896 k=896 max_abs_err=0.0624542 rel_err=0.000311881 bound=0.323938
[qmm-coopmat] kernel=QmmPrefillCoopmatF16 m=1053 n=896 k=896 max_abs_err=0.0623932 rel_err=0.000318943 bound=0.316457
[qmm-coopmat] kernel=QmmPrefillCoopmatF16 m=8 n=4864 k=896 max_abs_err=0.0622406 rel_err=0.000378296 bound=0.266153
[qmm-coopmat] kernel=QmmPrefillCoopmatF16 m=32 n=4864 k=896 max_abs_err=0.0623932 rel_err=0.000331438 bound=0.304526
[qmm-coopmat] kernel=QmmPrefillCoopmatF16 m=262 n=4864 k=896 max_abs_err=0.0623932 rel_err=0.000287526 bound=0.351034
[qmm-coopmat] kernel=QmmPrefillCoopmatF16 m=1053 n=4864 k=896 max_abs_err=0.062561 rel_err=0.000315917 bound=0.320348
[qmm-coopmat] kernel=QmmPrefillCoopmatF16 m=8 n=896 k=4864 max_abs_err=0.121582 rel_err=0.000334246 bound=1.6208
[qmm-coopmat] kernel=QmmPrefillCoopmatF16 m=32 n=896 k=4864 max_abs_err=0.124359 rel_err=0.000322766 bound=1.71678
[qmm-coopmat] kernel=QmmPrefillCoopmatF16 m=262 n=896 k=4864 max_abs_err=0.125031 rel_err=0.000303792 bound=1.83386
[qmm-coopmat] kernel=QmmPrefillCoopmatF16 m=1053 n=896 k=4864 max_abs_err=0.125458 rel_err=0.000273925 bound=2.04076
[qmm-coopmat] kernel=QmmPrefillCoopmatF16 m=8 n=128 k=896 max_abs_err=0.0312576 rel_err=0.000225845 bound=0.22389
[qmm-coopmat] kernel=QmmPrefillCoopmatF16 m=32 n=128 k=896 max_abs_err=0.0474854 rel_err=0.00032322 bound=0.237658
[qmm-coopmat] kernel=QmmPrefillCoopmatF16 m=262 n=128 k=896 max_abs_err=0.0619354 rel_err=0.000350882 bound=0.285541
[qmm-coopmat] kernel=QmmPrefillCoopmatF16 m=1053 n=128 k=896 max_abs_err=0.0617523 rel_err=0.000331307 bound=0.301518
===============================================================================
[doctest] test cases:        1 |        1 passed | 0 failed | 18 skipped
[doctest] assertions: 18384704 | 18384704 passed | 0 failed |
[doctest] Status: SUCCESS!
