== prepare upstream tree ==
patching file CMakeLists.txt
patching file mlx/CMakeLists.txt
patching file tests/CMakeLists.txt
patching file mlx/transforms.cpp
patching file setup.py
patching file mlx/io/safetensors.cpp
patching file mlx/io/load.cpp
patching file mlx/export.cpp
patching file mlx/linalg.cpp
patching file python/src/buffer.h
patching file mlx/ops.cpp
Hunk #2 succeeded at 5051 (offset 1 line).
patching file mlx/backend/cpu/distributed.cpp
patching file mlx/fast.cpp
patching file mlx/backend/common/metal_kernel.cpp
patching file setup.py
/home/joshuawarren/src/mlx-land/.work/mlx
== build venv (/home/joshuawarren/src/mlx-land/.work/venv-build) ==
== wheel build ==
Processing ./.work/mlx
  Preparing metadata (pyproject.toml): started
  Preparing metadata (pyproject.toml): finished with status 'done'
Building wheels for collected packages: mlx-omarchy
  Building wheel for mlx-omarchy (pyproject.toml): started
  Building wheel for mlx-omarchy (pyproject.toml): still running...
  Building wheel for mlx-omarchy (pyproject.toml): still running...
  Building wheel for mlx-omarchy (pyproject.toml): finished with status 'done'
  Created wheel for mlx-omarchy: filename=mlx_omarchy-0.32.2.dev202609102332+e08027a-cp314-cp314-linux_aarch64.whl size=7563002 sha256=67a5eb78d8ea988c9b0d018608a82eb9cf027a3373a193d4c04ce6508abe6d33
  Stored in directory: /tmp/pip-ephem-wheel-cache-vl3_1gsx/wheels/4b/59/b7/bc4ed24a3090961e63678732eb5346ef8db3a8857f0e4f0886
Successfully built mlx-omarchy
== receipt ==
[receipt] wheel: /home/joshuawarren/src/mlx-land/dist/mlx_omarchy-0.32.2.dev202609102332+e08027a-cp314-cp314-linux_aarch64.whl
[receipt] size: 7563002 bytes
[receipt] sha256: 67a5eb78d8ea988c9b0d018608a82eb9cf027a3373a193d4c04ce6508abe6d33
[receipt] source commit: e08027a
[receipt] NEXT STEP - do not skip: after you upload this wheel to a
[receipt] release, verify the UPLOADED asset with
[receipt]   python3 scripts/verify-release-assets.py <tag>
[receipt] It must print VERIFIED before the release is announced as
[receipt] usable. See docs/release.md. A local build check does not
[receipt] verify what users download.
