# mil-hwxc c2cf32e4aa0200d72cecbce203bf6b47f50f729e
# sha256 82f1d4ce44dc8f2cb5eefd843eea41c47527af3fbff2def0ed1fc154ccd3ce71

=== attn-matmul [1,8,375,128]x[1,8,128,375] tx=0 ty=0 ===
/home/joshuawarren/src/mil-hwx-compiler/build/mil-hwxc \
  --mil receipts/2026-09-13-attn-select-island/attn-matmul.mil \
  --model-root receipts/2026-09-13-attn-select-island \
  --target H13 --format anec \
  --output receipts/2026-09-13-attn-select-island/attn-matmul
compiled target=H13 artifacts=1 format=anec output=receipts/2026-09-13-attn-select-island/attn-matmul
rc=0
programs 1 op matmul encoder apple-parity-batched-matmul tasks 208
program-0.anec sha256 a3aa2fe1333a48eba3e7fcae5b848563e2bfa747a232dadf9ed2d568821c5627

=== attn-select runtime-a bool cond [1,8,375,375] ===
/home/joshuawarren/src/mil-hwx-compiler/build/mil-hwxc \
  --mil receipts/2026-09-13-attn-select-island/attn-select.mil \
  --model-root receipts/2026-09-13-attn-select-island \
  --target H13 --format anec \
  --output receipts/2026-09-13-attn-select-island/attn-select
compiled target=H13 artifacts=1 format=anec output=receipts/2026-09-13-attn-select-island/attn-select
rc=0
programs 1 op select encoder apple-parity-boolean tasks 5
program-0.anec sha256 860de06c53e3fdfed9452859042df59902fb733bef0a364b134dd9d9d6374cdd

=== attn-select-island combined (default per-op) ===
/home/joshuawarren/src/mil-hwx-compiler/build/mil-hwxc \
  --mil receipts/2026-09-13-attn-select-island/attn-select-island.mil \
  --model-root receipts/2026-09-13-attn-select-island \
  --target H13 --format anec \
  --output receipts/2026-09-13-attn-select-island/attn-select-island
compiled target=H13 artifacts=2 format=anec output=receipts/2026-09-13-attn-select-island/attn-select-island
rc=0
programs 2
program-0.anec matmul apple-parity-batched-matmul tasks 208 sha256 a3aa2fe1333a48eba3e7fcae5b848563e2bfa747a232dadf9ed2d568821c5627
program-1.anec select apple-parity-boolean tasks 5 sha256 860de06c53e3fdfed9452859042df59902fb733bef0a364b134dd9d9d6374cdd

=== attn-select-island --schedule chain (expect 65) ===
/home/joshuawarren/src/mil-hwx-compiler/build/mil-hwxc \
  --mil receipts/2026-09-13-attn-select-island/attn-select-island.mil \
  --model-root receipts/2026-09-13-attn-select-island \
  --target H13 --format anec --schedule chain \
  --output receipts/2026-09-13-attn-select-island/attn-select-island-chain
7:5: error [h13.chain-outside-envelope]: H13 composed scheduling needs at least two operations and at most two boundary inputs
rc=65
