lock_acquired=true utc=2026-09-13T05:06:35Z pid=3311975 deadline_epoch=1789276458
{"device_info": {"api_version": "1.4.359", "architecture": "honeykrisp", "cooperative_matrix_f32_8": 1, "device_id": 0, "device_name": "Apple M1 (G13G B1)", "driver": "Mesa Honeykrisp", "driver_version": 109060195, "host_visible_coherent": 1, "max_compute_shared_memory_size": 32768, "max_compute_work_group_invocations": 1024, "max_compute_work_group_size_x": 1024, "max_storage_buffer_range": 2147483647, "shader_float16": 1, "shader_int16": 1, "shader_int64": 1, "storage_buffer_16bit_access": 1, "timestamp_period_ns": 1, "total_memory": 8113881088, "unified_memory": 1, "vendor_id": 65541}, "diagnostic_shared_object_member_sha256": {"mlx/core.cpython-314-aarch64-linux-gnu.so": "4ad850da16c300ea9f60aa7247f034f358aa16d7ba2fd146979a01c867e3cfa5", "mlx/lib/libmlx.so": "f6f4565c6e2997d66a14b0f38c5899e72b2a0ff8d0ebe25972504e56b6c55fa1"}, "diagnostic_version": "0.32.2.dev202609130459+diag.6b1ac02", "diagnostic_wheel": "/home/joshuawarren/src/mlx-bf16-grouped-profile-6b1ac029/dist/mlx_omarchy-0.32.2.dev202609130459+diag.6b1ac02-cp314-cp314-linux_aarch64.whl", "diagnostic_wheel_sha256": "ff89e8dab256f4b6b282c8bd083d7d1b6b59a3a07fe994498b966d016f85f530", "host": "jwm1-linux", "kernel": "7.1.6-1-1-ARCH", "model_snapshot": "56d07e766edd7159fbe12ed12d9cf114bf38bf1e", "profiling_literal_present": true, "release_wheel": "/home/joshuawarren/src/mlx-bf16-grouped-candidate-6b1ac029/dist/mlx_omarchy-0.32.2.dev202609130004+6b1ac029-cp314-cp314-linux_aarch64.whl", "release_wheel_sha256": "fb4b96b0e52de3a07d62fea6766baa24f409b0b6b32afef1fd5f365e246e1c50", "source_commit": "6b1ac0296ba65a8e0075171ca9451e222ddff06b"}
quiet_sample=1 load=0.25
quiet_sample=2 load=0.24
quiet_sample=3 load=0.17
probe_start mode=control label=short repeat=1 utc=2026-09-13T05:07:15Z
probe_end mode=control label=short repeat=1 rc=0 utc=2026-09-13T05:07:18Z
probe_start mode=control label=longctx repeat=1 utc=2026-09-13T05:07:18Z
probe_end mode=control label=longctx repeat=1 rc=0 utc=2026-09-13T05:07:25Z
probe_start mode=control label=longctx repeat=2 utc=2026-09-13T05:07:25Z
probe_end mode=control label=longctx repeat=2 rc=0 utc=2026-09-13T05:07:31Z
probe_start mode=control label=short repeat=2 utc=2026-09-13T05:07:31Z
probe_end mode=control label=short repeat=2 rc=0 utc=2026-09-13T05:07:34Z
probe_start mode=control label=short repeat=3 utc=2026-09-13T05:07:34Z
probe_end mode=control label=short repeat=3 rc=0 utc=2026-09-13T05:07:38Z
probe_start mode=control label=longctx repeat=3 utc=2026-09-13T05:07:38Z
probe_end mode=control label=longctx repeat=3 rc=0 utc=2026-09-13T05:07:44Z
probe_start mode=diagnostic label=short utc=2026-09-13T05:07:44Z
probe_end mode=diagnostic label=short rc=0 utc=2026-09-13T05:07:48Z
probe_start mode=diagnostic label=longctx utc=2026-09-13T05:07:49Z
probe_end mode=diagnostic label=longctx rc=0 utc=2026-09-13T05:07:56Z
{"control_wall_delta_ms_per_token": 8.674424457291344, "diagnostic_wall_delta_ms_per_token": -3.3701920322580676, "gpu_busy_delta_ms_per_token": 1.261362709677421, "gpu_gap_delta_ms_per_token": -4.44700922580645, "top_kernel_deltas": [{"gpu_busy_delta_ms_per_token": 11.081529064516129, "kernel": "SdpaDecodeNativeBF16"}, {"gpu_busy_delta_ms_per_token": 0.1539884838709682, "kernel": "MatmulBF16"}, {"gpu_busy_delta_ms_per_token": 0.017856193548387078, "kernel": "LogSumExpBF16"}, {"gpu_busy_delta_ms_per_token": 0.0015833225806451412, "kernel": "ElementwiseBF16"}, {"gpu_busy_delta_ms_per_token": 0.0012190322580644952, "kernel": "ArgReduceBF16"}]}
GPU_PROFILE_WINDOW_VALID
{"device_info": {"api_version": "1.4.359", "architecture": "honeykrisp", "cooperative_matrix_f32_8": 1, "device_id": 0, "device_name": "Apple M1 (G13G B1)", "driver": "Mesa Honeykrisp", "driver_version": 109060195, "host_visible_coherent": 1, "max_compute_shared_memory_size": 32768, "max_compute_work_group_invocations": 1024, "max_compute_work_group_size_x": 1024, "max_storage_buffer_range": 2147483647, "shader_float16": 1, "shader_int16": 1, "shader_int64": 1, "storage_buffer_16bit_access": 1, "timestamp_period_ns": 1, "total_memory": 8113881088, "unified_memory": 1, "vendor_id": 65541}, "device_reopen": true}
WINDOW_COMPLETE result_dir=/home/joshuawarren/longctx-gpu-profile-window-20260913T050635Z
CHILD_PIDS_CLEAR
lock_released=true utc=2026-09-13T05:07:56Z rc=0 result_dir=/home/joshuawarren/longctx-gpu-profile-window-20260913T050635Z
