== prepare upstream tree ==
patching file CMakeLists.txt
patching file mlx/CMakeLists.txt
patching file tests/CMakeLists.txt
patching file mlx/transforms.cpp
patching file setup.py
patching file mlx/io/safetensors.cpp
patching file mlx/io/load.cpp
patching file mlx/export.cpp
patching file mlx/linalg.cpp
patching file python/src/buffer.h
patching file mlx/ops.cpp
Hunk #2 succeeded at 5051 (offset 1 line).
patching file mlx/backend/cpu/distributed.cpp
patching file mlx/fast.cpp
patching file mlx/backend/common/metal_kernel.cpp
patching file setup.py
/home/joshuawarren/src/mlx-bf16-grouped-profile-6b1ac029/.work/mlx
== build venv (/home/joshuawarren/src/mlx-bf16-grouped-profile-6b1ac029/.work/venv-build) ==
Traceback (most recent call last):
  File "<stdin>", line 1, in <module>
ModuleNotFoundError: No module named 'setuptools'
Collecting setuptools>=80
  Using cached setuptools-84.0.0-py3-none-any.whl.metadata (6.6 kB)
Requirement already satisfied: typing_extensions in /usr/lib/python3.14/site-packages (4.16.0)
Using cached setuptools-84.0.0-py3-none-any.whl (818 kB)
Installing collected packages: setuptools
Successfully installed setuptools-84.0.0
== wheel build ==
Processing ./.work/mlx
  Preparing metadata (pyproject.toml): started
  Preparing metadata (pyproject.toml): finished with status 'done'
Building wheels for collected packages: mlx-omarchy
  Building wheel for mlx-omarchy (pyproject.toml): started
  Building wheel for mlx-omarchy (pyproject.toml): still running...
  Building wheel for mlx-omarchy (pyproject.toml): still running...
  Building wheel for mlx-omarchy (pyproject.toml): still running...
  Building wheel for mlx-omarchy (pyproject.toml): still running...
  Building wheel for mlx-omarchy (pyproject.toml): finished with status 'done'
  Created wheel for mlx-omarchy: filename=mlx_omarchy-0.32.2.dev202609130459+diag.6b1ac02-cp314-cp314-linux_aarch64.whl size=7626259 sha256=ff89e8dab256f4b6b282c8bd083d7d1b6b59a3a07fe994498b966d016f85f530
  Stored in directory: /tmp/pip-ephem-wheel-cache-0ceun1_f/wheels/0c/2e/81/a09b474a42eba38b8284cd8fca7796f752f2a59c48ca7747c8
Successfully built mlx-omarchy
== diagnostics staging ==
[receipt] profiling harness: compiled IN (MLX_OMARCHY_GPU_PROFILE literal found in wheel)
[receipt] staged tool: /home/joshuawarren/src/mlx-bf16-grouped-profile-6b1ac029/dist/mlx-omarchy-info
== receipt ==
[receipt] wheel: /home/joshuawarren/src/mlx-bf16-grouped-profile-6b1ac029/dist/mlx_omarchy-0.32.2.dev202609130459+diag.6b1ac02-cp314-cp314-linux_aarch64.whl
[receipt] size: 7626259 bytes
[receipt] sha256: ff89e8dab256f4b6b282c8bd083d7d1b6b59a3a07fe994498b966d016f85f530
[receipt] source commit: 6b1ac02
[receipt] NEXT STEP - do not skip: after you upload this wheel to a
[receipt] release, verify the UPLOADED asset with
[receipt]   python3 scripts/verify-release-assets.py <tag>
[receipt] It must print VERIFIED before the release is announced as
[receipt] usable. See docs/release.md. A local build check does not
[receipt] verify what users download.
