== prepare upstream tree ==
patching file CMakeLists.txt
patching file mlx/CMakeLists.txt
patching file tests/CMakeLists.txt
patching file mlx/transforms.cpp
patching file setup.py
patching file mlx/io/safetensors.cpp
patching file mlx/io/load.cpp
patching file mlx/export.cpp
patching file mlx/linalg.cpp
patching file python/src/buffer.h
patching file mlx/ops.cpp
Hunk #2 succeeded at 5051 (offset 1 line).
patching file mlx/backend/cpu/distributed.cpp
patching file mlx/fast.cpp
patching file mlx/backend/common/metal_kernel.cpp
patching file setup.py
/home/joshuawarren/src/mlx-omarchy-alpha-m1/.work/mlx
== build venv (/home/joshuawarren/src/mlx-omarchy-alpha-m1/.work/venv-build) ==
== wheel build ==
Processing ./.work/mlx
  Preparing metadata (pyproject.toml): started
  Preparing metadata (pyproject.toml): finished with status 'done'
Building wheels for collected packages: mlx-omarchy
  Building wheel for mlx-omarchy (pyproject.toml): started
  Building wheel for mlx-omarchy (pyproject.toml): still running...
  Building wheel for mlx-omarchy (pyproject.toml): still running...
  Building wheel for mlx-omarchy (pyproject.toml): still running...
  Building wheel for mlx-omarchy (pyproject.toml): still running...
  Building wheel for mlx-omarchy (pyproject.toml): still running...
  Building wheel for mlx-omarchy (pyproject.toml): still running...
  Building wheel for mlx-omarchy (pyproject.toml): still running...
  Building wheel for mlx-omarchy (pyproject.toml): still running...
  Building wheel for mlx-omarchy (pyproject.toml): still running...
  Building wheel for mlx-omarchy (pyproject.toml): still running...
  Building wheel for mlx-omarchy (pyproject.toml): still running...
  Building wheel for mlx-omarchy (pyproject.toml): still running...
  Building wheel for mlx-omarchy (pyproject.toml): finished with status 'done'
  Created wheel for mlx-omarchy: filename=mlx_omarchy-0.32.2.dev202609111816+3da2b3e-cp314-cp314-linux_aarch64.whl size=7587079 sha256=b5ed4a4f70f873e37dc23999f4bf8d187a27fb10ba2231a87cacfe20aed3ef64
  Stored in directory: /tmp/pip-ephem-wheel-cache-34k8vglz/wheels/d8/6c/e8/01ac76a1b500e08a65aee0207f6aeec54d6aa825231a713431
Successfully built mlx-omarchy
== receipt ==
[receipt] wheel: /home/joshuawarren/src/mlx-omarchy-alpha-m1/dist/mlx_omarchy-0.32.2.dev202609111816+3da2b3e-cp314-cp314-linux_aarch64.whl
[receipt] size: 7587079 bytes
[receipt] sha256: b5ed4a4f70f873e37dc23999f4bf8d187a27fb10ba2231a87cacfe20aed3ef64
[receipt] source commit: 3da2b3e
[receipt] NEXT STEP - do not skip: after you upload this wheel to a
[receipt] release, verify the UPLOADED asset with
[receipt]   python3 scripts/verify-release-assets.py <tag>
[receipt] It must print VERIFIED before the release is announced as
[receipt] usable. See docs/release.md. A local build check does not
[receipt] verify what users download.
