== phase 1: original f64 probe, UNCHANGED binary, same fixed build ==
probe rc=1 (max-ULP bound was pre-registered and failed in S1; rerun only)
PROBE coopmat_device=1 fast={"n":1024,"exact_frac":0.408203,"mean_ulp":2.6123,"max_ulp":242} f32comp={"n":1024,"exact_frac":1.000000,"mean_ulp":0.0000,"max_ulp":0}
[doctest] Status: FAILURE!
== phase 2: differential instrument, fixed then trap ==
META {"label":"fixed","coopmat_device":1,"subgroup_size":32}
IDENT {"leg":"mat-32x16x32","n":1024,"fnv1a64":"0xb2f727a0b237bd3c"}
IDENT {"leg":"mat-64x32x64","n":4096,"fnv1a64":"0x0810652b84898613"}
IDENT {"leg":"mat-96x64x96","n":9216,"fnv1a64":"0xa0fe9153f643412f"}
IDENT {"leg":"mat-128x8x64","n":8192,"fnv1a64":"0x72c6181aaaa64c3f"}
IDENT {"leg":"sdpa-scale1","n":1024,"fnv1a64":"0xf1f70dbd2f2be747"}
IDENT {"leg":"ref-plain","n":1024,"fnv1a64":"0xec36c626cd973395"}
IDENT {"leg":"ref-storage","n":1024,"fnv1a64":"0x26b86e9515e616b7"}
IDENT {"leg":"fast-scale025","n":1024,"fnv1a64":"0x26b86e9515e616b7"}
IDENT {"leg":"f32comp-scale025","n":1024,"fnv1a64":"0xec36c626cd973395"}
DIFF {"leg":"fast","scale":0.2500,"vs":"plain","n":1024,"exact_frac":0.408203,"mean_ulp":2.6123,"max_ulp":242}
DIFF {"leg":"fast","scale":0.2500,"vs":"storage","n":1024,"exact_frac":1.000000,"mean_ulp":0.0000,"max_ulp":0}
DIFF {"leg":"f32comp","scale":0.2500,"vs":"plain","n":1024,"exact_frac":1.000000,"mean_ulp":0.0000,"max_ulp":0}
DIFF {"leg":"f32comp","scale":0.2500,"vs":"storage","n":1024,"exact_frac":0.408203,"mean_ulp":2.6123,"max_ulp":242}
META {"label":"trap","coopmat_device":1,"subgroup_size":32}
IDENT {"leg":"mat-32x16x32","n":1024,"fnv1a64":"0xb2f727a0b237bd3c"}
IDENT {"leg":"mat-64x32x64","n":4096,"fnv1a64":"0x0810652b84898613"}
IDENT {"leg":"mat-96x64x96","n":9216,"fnv1a64":"0xa0fe9153f643412f"}
IDENT {"leg":"mat-128x8x64","n":8192,"fnv1a64":"0x72c6181aaaa64c3f"}
IDENT {"leg":"sdpa-scale1","n":1024,"fnv1a64":"0xf1f70dbd2f2be747"}
IDENT {"leg":"ref-plain","n":1024,"fnv1a64":"0xec36c626cd973395"}
IDENT {"leg":"ref-storage","n":1024,"fnv1a64":"0x26b86e9515e616b7"}
IDENT {"leg":"fast-scale025","n":1024,"fnv1a64":"0xf1f70dbd2f2be747"}
IDENT {"leg":"f32comp-scale025","n":1024,"fnv1a64":"0xec36c626cd973395"}
DIFF {"leg":"fast","scale":0.2500,"vs":"plain","n":1024,"exact_frac":0.000000,"mean_ulp":9668.6377,"max_ulp":34046}
DIFF {"leg":"fast","scale":0.2500,"vs":"storage","n":1024,"exact_frac":0.000000,"mean_ulp":9669.3633,"max_ulp":34226}
DIFF {"leg":"f32comp","scale":0.2500,"vs":"plain","n":1024,"exact_frac":1.000000,"mean_ulp":0.0000,"max_ulp":0}
DIFF {"leg":"f32comp","scale":0.2500,"vs":"storage","n":1024,"exact_frac":0.408203,"mean_ulp":2.6123,"max_ulp":242}
== phase 3: cross-build bit-identity (GATE-A evidence) ==
IDENTICAL f32comp-scale025.bin
DIFFER fast-scale025.bin
IDENTICAL mat-128x8x64.bin
IDENTICAL mat-32x16x32.bin
IDENTICAL mat-64x32x64.bin
IDENTICAL mat-96x64x96.bin
IDENTICAL ref-plain.bin
IDENTICAL ref-storage.bin
IDENTICAL sdpa-scale1.bin
63986e4dc92e5344e68baf1076199be18a8b3eb77cf321c61a3ebdf5d6a9c8bf  f32comp-scale025.bin
1ed3e4c9ecf3204197524e0ab7ef36580a247dd095f54c0f22c477d369c6516e  fast-scale025.bin
1ba113e74488a2b54119d077575bc1c3bfb4208d9a808ce61bb6a9c4ebdbd46a  mat-128x8x64.bin
9559d9bd9605f67f2ecc4f6078881239bba4d7ce29ba8c8dfe03e2fe73697757  mat-32x16x32.bin
f83007fd8f65dfb55e2c1b6ef7f12962482a606e24dcc36e73113f4331d78405  mat-64x32x64.bin
6e9fde0d14d1680e43fdd3231b34558ddb459ed8a0b86e2cfb96004f61d3e434  mat-96x64x96.bin
63986e4dc92e5344e68baf1076199be18a8b3eb77cf321c61a3ebdf5d6a9c8bf  ref-plain.bin
1ed3e4c9ecf3204197524e0ab7ef36580a247dd095f54c0f22c477d369c6516e  ref-storage.bin
cf52b0c746b21495d86e96c4b5c381dd7756661614b82ecc9635a313dd236c6a  sdpa-scale1.bin
GATE-A raw-bytes verdict: FAIL
== phase 4: suites (current tree binaries) ==
[provenance] cooperative_matrix_f32_8=1 subgroup_size=32 -> offset-parity repro compares coopmat vs staged coopmat
[qmm-offset-parity] coopmat_device=1 m=64 n=896 k=896 mismatches=0 aligned_diff=0.0606689 odd_diff=0.0606689 bound=0.272173
family rc=0
fastops rc=0
[receipt] iters=400 serialized_median=0.364417s concurrent_median=0.320251s ratio=1.13791
Skipping: GPU and CPU devices are required.
runtime rc=0
== phase 5: digest gates (S1 wheel, fork + stock x warmup,r1-r3) ==
warmup-fork-alpha: verified=match x7
r1-fork-alpha: verified=match x7
r1-stock-alpha: verified=match x7
r2-fork-alpha: verified=match x7
r2-stock-alpha: verified=match x7
r3-fork-alpha: verified=match x7
r3-stock-alpha: verified=match x7
verifier rc=0
  "r2-stock-alpha",
  "r3-fork-alpha",
  "r3-stock-alpha"
 ]
}
D2-WINDOW-COMPLETE FAILURES=1
