== phase 1: f64 probe (fast, isolated first) ==
PROBE coopmat_device=1 fast={"n":1024,"exact_frac":0.000000,"mean_ulp":9668.6377,"max_ulp":34046} f32comp={"n":1024,"exact_frac":1.000000,"mean_ulp":0.0000,"max_ulp":0}
[doctest] Status: FAILURE!
== phase 2: fail-proof (regression test case only) ==
-- trap (pre-fix shader + relaxed gate): expect FAILURE
trap rc=1
/home/joshuawarren/src/mlx-omarchy-alpha-m1/.work/mlx/tests/omarchy/test_fast_ops.cpp:77: ERROR: CHECK( diff <= tolerance ) is NOT correct!
/home/joshuawarren/src/mlx-omarchy-alpha-m1/.work/mlx/tests/omarchy/test_fast_ops.cpp:77: ERROR: CHECK( diff <= tolerance ) is NOT correct!
/home/joshuawarren/src/mlx-omarchy-alpha-m1/.work/mlx/tests/omarchy/test_fast_ops.cpp:77: ERROR: CHECK( diff <= tolerance ) is NOT correct!
/home/joshuawarren/src/mlx-omarchy-alpha-m1/.work/mlx/tests/omarchy/test_fast_ops.cpp:77: ERROR: CHECK( diff <= tolerance ) is NOT correct!
-- fixed: expect SUCCESS
alpha rc=0
== phase 3: alpha suites ==
[provenance] cooperative_matrix_f32_8=1 subgroup_size=32 -> offset-parity repro compares coopmat vs staged coopmat
[qmm-offset-parity] coopmat_device=1 m=64 n=896 k=896 mismatches=0 aligned_diff=0.0606689 odd_diff=0.0606689 bound=0.272173
family_alpha rc=0
fastops_alpha rc=0 (f16 sdpa cases expected to throw: pre-existing)
[receipt] iters=400 serialized_median=0.37016s concurrent_median=0.318759s ratio=1.16125
Skipping: GPU and CPU devices are required.
runtime_alpha rc=0
== phase 4: digest gates (alpha wheel) ==
warmup-fork-alpha: verified=match x7
r1-fork-alpha: verified=match x7
r1-stock-alpha: verified=match x7
r2-fork-alpha: verified=match x7
r2-stock-alpha: verified=match x7
r3-fork-alpha: verified=match x7
r3-stock-alpha: verified=match x7
DIGESTS-OK
