-- The C compiler identification is GNU 12.2.0
-- The CXX compiler identification is GNU 12.2.0
-- Detecting C compiler ABI info
-- Detecting C compiler ABI info - done
-- Check for working C compiler: /usr/bin/cc - skipped
-- Detecting C compile features
-- Detecting C compile features - done
-- Detecting CXX compiler ABI info
-- Detecting CXX compiler ABI info - done
-- Check for working CXX compiler: /usr/bin/c++ - skipped
-- Detecting CXX compile features
-- Detecting CXX compile features - done
-- Building MLX for x86_64 processor on Linux
-- Found Vulkan: /usr/lib/x86_64-linux-gnu/libvulkan.so (found version "1.3.239") found components: glslangValidator missing components: glslc
-- Vulkan found: include /usr/include, libs /usr/lib/x86_64-linux-gnu/libvulkan.so
-- Accelerate not found, using default backend.
-- Looking for sgemm_
-- Looking for sgemm_ - not found
-- Performing Test CMAKE_HAVE_LIBC_PTHREAD
-- Performing Test CMAKE_HAVE_LIBC_PTHREAD - Success
-- Found Threads: TRUE  
-- Looking for sgemm_
-- Looking for sgemm_ - found
-- Found BLAS: /usr/lib/x86_64-linux-gnu/libblas.so  
-- Looking for cheev_
-- Looking for cheev_ - not found
-- Looking for cheev_
-- Looking for cheev_ - found
-- Found LAPACK: /usr/lib/x86_64-linux-gnu/liblapack.so;/usr/lib/x86_64-linux-gnu/libblas.so  
-- Lapack lib /usr/lib/x86_64-linux-gnu/liblapack.so/usr/lib/x86_64-linux-gnu/libblas.so
-- Lapack include /usr/include
-- Blas lib /usr/lib/x86_64-linux-gnu/libblas.so
-- Blas include /usr/include/x86_64-linux-gnu
-- Downloading json
-- Using the multi-header code from /home/joshuawarren/.config/superpowers/worktrees/mlx-omarchy/PrefillOverhead/.work/build-tests/_deps/json-src/include/
-- Downloading gguflib
-- {fmt} version: 12.1.0
-- Build type: Release
-- Configuring done
-- Generating done
-- Build files have been written to: /home/joshuawarren/.config/superpowers/worktrees/mlx-omarchy/PrefillOverhead/.work/build-tests
