shader: MESA_SHADER_COMPUTE
source_blake3: {0x5e7005cf, 0xf2271a5f, 0x23072d2f, 0x954e9727, 0xd265aaa9, 0x1be817b2, 0x86717fab, 0x7023d48f}
workgroup_size: 256, 1, 1
num_ssbos: 3
system_values_read: 0x00000000'00000000'00008400'00000000
shared_size: 1024
max_subgroup_size: 32
min_subgroup_size: 32
bit_sizes_float: 0x20
bit_sizes_int: 0x71
flrp_lowered: true
io_lowered: true
writes_memory: true
uniforms: 68
decl_function main () (entrypoint)

impl main {
    preamble @preamble
    block b0:    // preds:
    32x3    %0 = @load_local_invocation_id
    32      %1 = @load_preamble (base=8)
    32      %2 = @load_preamble (base=10)
    32x3    %3 = @load_workgroup_id
    32x3    %4 = @load_preamble (base=12)
    32      %5 = mov %0.x
    32      %6 = iadd %3.x, %4.x
                 // succs: b1
    loop {
        block b1:    // preds: b0 b56
        32      %7 = phi b0: %6, b56: %178
        32x2    %8 = @load_preamble (base=18)
        1       %9 = uge %7, %8.x
                     // succs: b2 b3
        if %9 {
            block b2:// preds: b1
            break
            // succs: b57
        } else {
            block b3:  // preds: b1, succs: b4
        }
        block b4:    // preds: b3
        32     %10 = load_const (0x00000001)
        32     %11 = load_const (0x00000002)
        32     %12 = load_const (0x00000000 = 0.000000)
        32     %13 = imadshl_agx %12 (0x0), %10 (0x1), %0.x, %11 (0x2)
        32     %14 = imul %7, %1
        32     %15 = iadd %8.y, %14
                     // succs: b5
        loop {
            block b5:    // preds: b4 b20
            32     %16 = phi b4: %12 (0x0), b20: %46
            32     %17 = phi b4: %13, b20: %48
            1      %18 = uge %17, %1
                         // succs: b6 b7
            if %18 {
                block b6:// preds: b5
                break
                // succs: b21
            } else {
                block b7:  // preds: b5, succs: b8
            }
            block b8:  // preds: b7, succs: b9 b10
            if %18 {
                block b9:  // preds: b8, succs: b20
            } else {
                block b10:   // preds: b8
                32     %19 = iadd %15, %17
                64     %20 = @load_preamble (base=24)
                32     %21 = @load_agx (%20, %19) (access=readonly|reorderable|speculatable, base=0, format=r32_uint, sign_extend=0)
                32     %22 = fmul %21, %21 // exact
                32     %23 = fadd %16, %22 // exact
                32     %24 = iadd %17, %10 (0x1)
                1      %25 = uge %24, %1
                             // succs: b11 b12
                if %25 {
                    block b11:  // preds: b10, succs: b19
                } else {
                    block b12:   // preds: b10
                    32     %26 = iadd %19, %10 (0x1)
                    32     %27 = @load_agx (%20, %26) (access=readonly|reorderable|speculatable, base=0, format=r32_uint, sign_extend=0)
                    32     %28 = fmul %27, %27 // exact
                    32     %29 = fadd %23, %28 // exact
                    32     %30 = iadd %17, %11 (0x2)
                    1      %31 = uge %30, %1
                                 // succs: b13 b14
                    if %31 {
                        block b13:  // preds: b12, succs: b18
                    } else {
                        block b14:   // preds: b12
                        32     %32 = iadd %19, %11 (0x2)
                        32     %33 = @load_agx (%20, %32) (access=readonly|reorderable|speculatable, base=0, format=r32_uint, sign_extend=0)
                        32     %34 = fmul %33, %33 // exact
                        32     %35 = fadd %29, %34 // exact
                        32     %36 = load_const (0x00000003)
                        32     %37 = iadd %17, %36 (0x3)
                        1      %38 = uge %37, %1
                                     // succs: b15 b16
                        if %38 {
                            block b15:  // preds: b14, succs: b17
                        } else {
                            block b16:   // preds: b14
                            32     %39 = iadd %19, %36 (0x3)
                            32     %40 = @load_agx (%20, %39) (access=readonly|reorderable|speculatable, base=0, format=r32_uint, sign_extend=0)
                            32     %41 = fmul %40, %40 // exact
                            32     %42 = fadd %35, %41 // exact
                                         // succs: b17
                        }
                        block b17:   // preds: b15 b16
                        32     %43 = phi b15: %35, b16: %42
                                     // succs: b18
                    }
                    block b18:   // preds: b13 b17
                    32     %44 = phi b13: %29, b17: %43
                                 // succs: b19
                }
                block b19:   // preds: b11 b18
                32     %45 = phi b11: %23, b18: %44
                             // succs: b20
            }
            block b20:   // preds: b9 b19
            32     %46 = phi b9: %16, b19: %45
            32     %47 = load_const (0x00000400 = 1024)
            32     %48 = iadd %17, %47 (0x400)
                         // succs: b5
        }
        block b21:   // preds: b6
        16     %49 = u2u16 %13
                     @store_shared (%16, %49) (base=0, access=speculatable, wrmask=x, align_mul=4, align_offset=0)
                     @barrier (execution_scope=WORKGROUP, memory_scope=WORKGROUP, mem_semantics=ACQ|REL, mem_modes=shared)
        32     %50 = iand %10 (0x1), %0.x
        1      %51 = ieq %50, %12 (0x0)
                     // succs: b22 b23
        if %51 {
            block b22:   // preds: b21
            32     %52 = load_const (0x00000004)
            32     %53 = iadd %13, %52 (0x4)
            16     %54 = u2u16 %53
            32     %55 = @load_shared (%54) (base=0, access=speculatable, align_mul=4, align_offset=0)
            32     %56 = @load_shared (%49) (base=0, access=speculatable, align_mul=4, align_offset=0)
            32     %57 = fadd %56, %55 // exact
                         @store_shared (%57, %49) (base=0, access=speculatable, wrmask=x, align_mul=4, align_offset=0)
                         // succs: b24
        } else {
            block b23:  // preds: b21, succs: b24
        }
        block b24:   // preds: b22 b23
                     @barrier (execution_scope=WORKGROUP, memory_scope=WORKGROUP, mem_semantics=ACQ|REL, mem_modes=shared)
        32     %58 = load_const (0x00000003)
        32     %59 = iand %58 (0x3), %0.x
        1      %60 = ieq %59, %12 (0x0)
                     // succs: b25 b26
        if %60 {
            block b25:   // preds: b24
            32     %61 = load_const (0x00000008)
            32     %62 = iadd %13, %61 (0x8)
            16     %63 = u2u16 %62
            32     %64 = @load_shared (%63) (base=0, access=speculatable, align_mul=4, align_offset=0)
            32     %65 = @load_shared (%49) (base=0, access=speculatable, align_mul=4, align_offset=0)
            32     %66 = fadd %65, %64 // exact
                         @store_shared (%66, %49) (base=0, access=speculatable, wrmask=x, align_mul=4, align_offset=0)
                         // succs: b27
        } else {
            block b26:  // preds: b24, succs: b27
        }
        block b27:   // preds: b25 b26
                     @barrier (execution_scope=WORKGROUP, memory_scope=WORKGROUP, mem_semantics=ACQ|REL, mem_modes=shared)
        32     %67 = load_const (0x00000007)
        32     %68 = iand %67 (0x7), %0.x
        1      %69 = ieq %68, %12 (0x0)
                     // succs: b28 b29
        if %69 {
            block b28:   // preds: b27
            32     %70 = load_const (0x00000010 = 16)
            32     %71 = iadd %13, %70 (0x10)
            16     %72 = u2u16 %71
            32     %73 = @load_shared (%72) (base=0, access=speculatable, align_mul=4, align_offset=0)
            32     %74 = @load_shared (%49) (base=0, access=speculatable, align_mul=4, align_offset=0)
            32     %75 = fadd %74, %73 // exact
                         @store_shared (%75, %49) (base=0, access=speculatable, wrmask=x, align_mul=4, align_offset=0)
                         // succs: b30
        } else {
            block b29:  // preds: b27, succs: b30
        }
        block b30:   // preds: b28 b29
                     @barrier (execution_scope=WORKGROUP, memory_scope=WORKGROUP, mem_semantics=ACQ|REL, mem_modes=shared)
        32     %76 = load_const (0x0000000f = 15)
        32     %77 = iand %76 (0xf), %0.x
        1      %78 = ieq %77, %12 (0x0)
                     // succs: b31 b32
        if %78 {
            block b31:   // preds: b30
            32     %79 = load_const (0x00000020 = 32)
            32     %80 = iadd %13, %79 (0x20)
            16     %81 = u2u16 %80
            32     %82 = @load_shared (%81) (base=0, access=speculatable, align_mul=4, align_offset=0)
            32     %83 = @load_shared (%49) (base=0, access=speculatable, align_mul=4, align_offset=0)
            32     %84 = fadd %83, %82 // exact
                         @store_shared (%84, %49) (base=0, access=speculatable, wrmask=x, align_mul=4, align_offset=0)
                         // succs: b33
        } else {
            block b32:  // preds: b30, succs: b33
        }
        block b33:   // preds: b31 b32
                     @barrier (execution_scope=WORKGROUP, memory_scope=WORKGROUP, mem_semantics=ACQ|REL, mem_modes=shared)
        32     %85 = load_const (0x0000001f = 31)
        32     %86 = iand %85 (0x1f), %0.x
        1      %87 = ieq %86, %12 (0x0)
                     // succs: b34 b35
        if %87 {
            block b34:   // preds: b33
            32     %88 = load_const (0x00000040 = 64)
            32     %89 = iadd %13, %88 (0x40)
            16     %90 = u2u16 %89
            32     %91 = @load_shared (%90) (base=0, access=speculatable, align_mul=4, align_offset=0)
            32     %92 = @load_shared (%49) (base=0, access=speculatable, align_mul=4, align_offset=0)
            32     %93 = fadd %92, %91 // exact
                         @store_shared (%93, %49) (base=0, access=speculatable, wrmask=x, align_mul=4, align_offset=0)
                         // succs: b36
        } else {
            block b35:  // preds: b33, succs: b36
        }
        block b36:   // preds: b34 b35
                     @barrier (execution_scope=WORKGROUP, memory_scope=WORKGROUP, mem_semantics=ACQ|REL, mem_modes=shared)
        32     %94 = load_const (0x00000008)
        1      %95 = ult %0.x, %94 (0x8)
                     // succs: b37 b38
        if %95 {
            block b37:   // preds: b36
            32     %96 = ishl %0.x, %67 (0x7)
            16     %97 = u2u16 %96
            32     %98 = @load_shared (%97) (base=0, access=speculatable, align_mul=4, align_offset=0)
                         // succs: b39
        } else {
            block b38:  // preds: b36, succs: b39
        }
        block b39:   // preds: b37 b38
        32     %99 = phi b37: %98, b38: %12 (0x0)
                     @barrier (execution_scope=WORKGROUP, memory_scope=WORKGROUP, mem_semantics=ACQ|REL, mem_modes=shared)
                     @store_shared (%99, %49) (base=0, access=speculatable, wrmask=x, align_mul=4, align_offset=0)
                     @barrier (execution_scope=WORKGROUP, memory_scope=WORKGROUP, mem_semantics=ACQ|REL, mem_modes=shared)
        1     %100 = load_const (false)
        1     %101 = bcsel %95, %51, %100 (false)
                     // succs: b40 b41
        if %101 {
            block b40:   // preds: b39
            32    %102 = load_const (0x00000004)
            32    %103 = iadd %13, %102 (0x4)
            16    %104 = u2u16 %103
            32    %105 = @load_shared (%104) (base=0, access=speculatable, align_mul=4, align_offset=0)
            32    %106 = @load_shared (%49) (base=0, access=speculatable, align_mul=4, align_offset=0)
            32    %107 = fadd %106, %105 // exact
                         @store_shared (%107, %49) (base=0, access=speculatable, wrmask=x, align_mul=4, align_offset=0)
                         // succs: b42
        } else {
            block b41:  // preds: b39, succs: b42
        }
        block b42:   // preds: b40 b41
                     @barrier (execution_scope=WORKGROUP, memory_scope=WORKGROUP, mem_semantics=ACQ|REL, mem_modes=shared)
        1     %108 = bcsel %95, %60, %100 (false)
                     // succs: b43 b44
        if %108 {
            block b43:   // preds: b42
            32    %109 = iadd %13, %94 (0x8)
            16    %110 = u2u16 %109
            32    %111 = @load_shared (%110) (base=0, access=speculatable, align_mul=4, align_offset=0)
            32    %112 = @load_shared (%49) (base=0, access=speculatable, align_mul=4, align_offset=0)
            32    %113 = fadd %112, %111 // exact
                         @store_shared (%113, %49) (base=0, access=speculatable, wrmask=x, align_mul=4, align_offset=0)
                         // succs: b45
        } else {
            block b44:  // preds: b42, succs: b45
        }
        block b45:   // preds: b43 b44
                     @barrier (execution_scope=WORKGROUP, memory_scope=WORKGROUP, mem_semantics=ACQ|REL, mem_modes=shared)
        1     %114 = bcsel %95, %69, %100 (false)
                     // succs: b46 b47
        if %114 {
            block b46:   // preds: b45
            32    %115 = load_const (0x00000010 = 16)
            32    %116 = iadd %13, %115 (0x10)
            16    %117 = u2u16 %116
            32    %118 = @load_shared (%117) (base=0, access=speculatable, align_mul=4, align_offset=0)
            32    %119 = @load_shared (%49) (base=0, access=speculatable, align_mul=4, align_offset=0)
            32    %120 = fadd %119, %118 // exact
                         @store_shared (%120, %49) (base=0, access=speculatable, wrmask=x, align_mul=4, align_offset=0)
                         // succs: b48
        } else {
            block b47:  // preds: b45, succs: b48
        }
        block b48:   // preds: b46 b47
                     @barrier (execution_scope=WORKGROUP, memory_scope=WORKGROUP, mem_semantics=ACQ|REL, mem_modes=shared)
        16    %121 = load_const (0x0000)
        32    %122 = @load_shared (%121 (0x0)) (base=0, access=speculatable, align_mul=256, align_offset=0)
        32    %123 = @load_preamble (base=28)
        32    %124 = @load_preamble (base=30)
        32    %125 = fmul %122, %124 // exact, preserve:sz,inf,nan
        32    %126 = ffma %123, %125, %122 // exact, preserve:sz,inf,nan
        32    %127 = ffma %126, %124, %125 // exact, preserve:sz,inf,nan
        1     %128 = feq %125, %12 (0.000000) // preserve:inf,nan
        32    %129 = bcsel %128, %125, %127
        1     %130 = fneu %127, %127 // preserve:inf,nan
        32    %131 = bcsel %130, %125, %129
                     @barrier (execution_scope=WORKGROUP, memory_scope=WORKGROUP, mem_semantics=ACQ|REL, mem_modes=shared)
        32    %132 = fadd %131, %2 // exact
        32    %133 = frsq %132
        32    %134 = fmul %132, %133 // exact
        32    %135 = fneg %133 // exact
        32    %136 = load_const (0x3f800000 = 1.000000)
        32    %137 = ffma %135, %134, %136 (1.000000) // exact
        32    %138 = fneg %132 // exact
        32    %139 = ffma %138, %133, %134 // exact
        32    %140 = ffma %133, %139, %137 // exact
        32    %141 = load_const (0x3f000000 = 0.500000)
        32    %142 = fmul %141 (0.500000), %133 // exact
        32    %143 = ffma %142, %140, %133 // exact
        32    %144 = fmul %132, %143 // exact
        32    %145 = fneg %143 // exact
        32    %146 = ffma %145, %144, %136 (1.000000) // exact
        32    %147 = ffma %138, %143, %144 // exact
        32    %148 = ffma %143, %147, %146 // exact
        32    %149 = fmul %141 (0.500000), %143 // exact
        32    %150 = ffma %149, %148, %143 // exact
        32    %151 = fabs %133 // preserve:inf,nan
        32    %152 = load_const (0x7f800000 = inf)
        1     %153 = fneu %151, %152 (inf) // preserve:inf,nan
        32    %154 = bcsel %153, %150, %133
        1     %155 = flt %12 (0.000000), %133 // preserve:inf,nan
        32    %156 = bcsel %155, %154, %133
                     // succs: b49
        loop {
            block b49:   // preds: b48 b55
            32    %157 = phi b48: %5, b55: %176
            1     %158 = uge %157, %1
                         // succs: b50 b51
            if %158 {
                block b50:// preds: b49
                break
                // succs: b56
            } else {
                block b51:  // preds: b49, succs: b52
            }
            block b52:   // preds: b51
            32    %159 = iadd %15, %157
            64    %160 = @load_preamble (base=32)
            32    %161 = @load_agx (%160, %159) (access=readonly|reorderable|speculatable, base=0, format=r32_uint, sign_extend=0)
            1     %162 = @load_preamble (base=36)
                         // succs: b53 b54
            if %162 {
                block b53:   // preds: b52
                32    %163 = @load_preamble (base=38)
                             // succs: b55
            } else {
                block b54:   // preds: b52
                32    %164 = @load_preamble (base=40)
                64    %165 = @load_preamble (base=44)
                32    %166 = iadd %164, %157
                32    %167 = @load_agx (%165, %166) (access=readonly|reorderable|speculatable, base=0, format=r32_uint, sign_extend=0)
                             // succs: b55
            }
            block b55:   // preds: b53 b54
            32    %168 = phi b53: %163, b54: %167
            32    %169 = fmul %161, %156
            32    %170 = fmul %168, %169
            32    %171 = @load_preamble (base=48)
            32    %172 = iadd %171, %14
            32    %173 = iadd %157, %172
            64    %174 = @load_preamble (base=52)
                         @store_agx (%170, %174, %173) (access=writeonly|speculatable, base=0, format=r32_uint, sign_extend=0)
            32    %175 = load_const (0x00000100 = 256)
            32    %176 = iadd %157, %175 (0x100)
                         // succs: b49
        }
        block b56:   // preds: b50
                     @barrier (execution_scope=WORKGROUP, memory_scope=WORKGROUP, mem_semantics=ACQ|REL, mem_modes=shared)
        32x3  %177 = @load_preamble (base=56)
        32    %178 = iadd %7, %177.x
                     // succs: b1
    }
    block b57:  // preds: b2, succs: b58
    block b58:
}

decl_function @preamble ()

impl @preamble {
    block b0:   // preds:
    64     %0 = @load_preamble (base=0)
    32     %1 = load_const (0x0000003f = 0.000000 = 63)
    32     %2 = @load_constant_agx (%0, %1 (0x3f)) (access=speculatable, base=1, format=r32_uint, sign_extend=1)
                @store_preamble (%2) (base=8)
    32     %3 = load_const (0x00000089 = 0.000000 = 137)
    32     %4 = @load_constant_agx (%0, %3 (0x89)) (access=speculatable, base=0, format=r32_uint, sign_extend=1)
                @store_preamble (%4) (base=10)
    32     %5 = load_const (0x00000005 = 0.000000)
    32x3   %6 = @load_constant_agx (%0, %5 (0x5)) (access=speculatable, base=2, format=r32_uint, sign_extend=1)
                @store_preamble (%6) (base=12)
    32     %7 = load_const (0x0000007f = 0.000000 = 127)
    32x2   %8 = @load_constant_agx (%0, %7 (0x7f)) (access=speculatable, base=0, format=r32_uint, sign_extend=1)
                @store_preamble (%8) (base=18)
    64     %9 = @load_preamble (base=4)
    32    %10 = load_const (0x00000000 = 0.000000)
    32x4  %11 = @load_constant_agx (%9, %10 (0x0)) (access=speculatable, base=0, format=r32_uint, sign_extend=0)
    64    %12 = pack_64_2x32_split %11.x, %11.y
                @store_preamble (%12) (base=24)
    32    %13 = u2f32 %2
    32    %14 = fneg %13 // exact, preserve:sz,inf,nan
                @store_preamble (%14) (base=28)
    32    %15 = load_const (0x3f800000 = 1.000000)
    32    %16 = frcp %13 // exact, preserve:sz,inf,nan
    32    %17 = ffma %14, %16, %15 (1.000000) // exact, preserve:sz,inf,nan
    32    %18 = ffma %17, %16, %16 // exact, preserve:sz,inf,nan
    1     %19 = fneu %18, %18 // preserve:inf,nan
    32    %20 = bcsel %19, %16, %18
    32    %21 = ffma %14, %20, %15 (1.000000) // exact, preserve:sz,inf,nan
    32    %22 = ffma %21, %20, %20 // exact, preserve:sz,inf,nan
    1     %23 = fneu %22, %22 // preserve:inf,nan
    32    %24 = bcsel %23, %20, %22
                @store_preamble (%24) (base=30)
                @store_preamble (%12) (base=32)
    32    %25 = load_const (0x0000001f = 0.000000 = 31)
    32    %26 = @load_constant_agx (%0, %25 (0x1f)) (access=speculatable, base=2, format=r32_uint, sign_extend=1)
    32    %27 = load_const (0x00000001)
    1     %28 = ieq %26, %27 (0x1)
                @store_preamble (%28) (base=36)
    32x4  %29 = @load_constant_agx (%9, %27 (0x1)) (access=speculatable, base=2, format=r32_uint, sign_extend=1)
    64    %30 = pack_64_2x32_split %29.x, %29.y
    32    %31 = load_const (0x00000081 = 0.000000 = 129)
    32    %32 = @load_constant_agx (%0, %31 (0x81)) (access=speculatable, base=0, format=r32_uint, sign_extend=1)
    32    %33 = @load_agx (%30, %32) (access=readonly|reorderable|speculatable, base=0, format=r32_uint, sign_extend=0)
                @store_preamble (%33) (base=38)
                @store_preamble (%32) (base=40)
                @store_preamble (%30) (base=44)
    32    %34 = load_const (0x00000041 = 0.000000 = 65)
    32    %35 = @load_constant_agx (%0, %34 (0x41)) (access=speculatable, base=1, format=r32_uint, sign_extend=1)
                @store_preamble (%35) (base=48)
    32    %36 = load_const (0x00000003 = 0.000000)
    32x4  %37 = @load_constant_agx (%9, %36 (0x3)) (access=speculatable, base=2, format=r32_uint, sign_extend=1)
    64    %38 = pack_64_2x32_split %37.x, %37.y
                @store_preamble (%38) (base=52)
    32    %39 = load_const (0x00000009 = 0.000000)
    32x2  %40 = @load_constant_agx (%0, %39 (0x9)) (access=speculatable, base=1, format=r32_uint, sign_extend=1)
    64    %41 = pack_64_2x32_split %40.x, %40.y
    32x3  %42 = @load_constant_agx (%41, %10 (0x0)) (access=speculatable, base=0, format=r32_uint, sign_extend=0)
                @store_preamble (%42) (base=56)
                // succs: b1
    block b1:
}

block0 {
   179 = get_sr #0x30
   182 = get_sr #0x0
   6 = iadd 182, u6, #0x0
   begin_cf 
} -> block1 

block1 {
   7 = phi 6, 178
   if_icmp 7, u9, #0xaaab694d9a10, n=1, inv
} -> block2 block3  from block0 block56

block2 {
   break #0xaaab69631b30, n=2
} -> block57  from block1

block3 {
   else_fcmp #0.000000, #0.000000, #0xaaab694d9a10, n=1
   pop_exec #0x0, n=1
} -> block4  from block1

block4 {
   13 = iadd #0, 179, #0x0
   14 = imad 7, u4, #0, #0x0
   15 = iadd u10, 14, #0x0
   if_fcmp #0.000000, #0.000000, #0x0, n=1
} -> block5  from block3

block5 {
   16 = phi #0, 46
   17 = phi 13, 48
   if_icmp 17, u4, #0xaaab6962dd10, n=1, inv
} -> block6 block7  from block4 block20

block6 {
   break #0xaaab694356d0, n=2
} -> block21  from block5

block7 {
   else_fcmp #0.000000, #0.000000, #0xaaab6962dd10, n=1
   pop_exec #0x0, n=1
} -> block8  from block5

block8 {
   if_icmp 17, u4, #0xaaab6948e2a0, n=1, inv
} -> block9 block10  from block7

block9 {
} -> block20  from block8

block10 {
   else_fcmp #0.000000, #0.000000, #0xaaab69528610, n=1
   19 = iadd 15, 17, #0x0
   21 = device_load u12:u13, 19.abs, x, #0x0, slot 0
   22 = fmul 21, 21
   23 = fadd 16, 22
   24 = iadd 17, #1, #0x0
   if_icmp 24, u4, #0xaaab69533e80, n=1, inv
} -> block11 block12  from block8

block11 {
} -> block19  from block10

block12 {
   else_fcmp #0.000000, #0.000000, #0xaaab69553790, n=1
   26 = iadd 19, #1, #0x0
   27 = device_load u12:u13, 26.abs, x, #0x0, slot 0
   28 = fmul 27, 27
   29 = fadd 23, 28
   30 = iadd 17, #2, #0x0
   if_icmp 30, u4, #0xaaab6938cec0, n=1, inv
} -> block13 block14  from block10

block13 {
} -> block18  from block12

block14 {
   else_fcmp #0.000000, #0.000000, #0xaaab6932d7a0, n=1
   32 = iadd 19, #2, #0x0
   33 = device_load u12:u13, 32.abs, x, #0x0, slot 0
   34 = fmul 33, 33
   35 = fadd 29, 34
   37 = iadd 17, #3, #0x0
   if_icmp 37, u4, #0xaaab694665a0, n=1, inv
} -> block15 block16  from block12

block15 {
} -> block17  from block14

block16 {
   else_fcmp #0.000000, #0.000000, #0xaaab694665a0, n=1
   39 = iadd 19, #3, #0x0
   40 = device_load u12:u13, 39.abs, x, #0x0, slot 0
   41 = fmul 40, 40
   42 = fadd 35, 41
   pop_exec #0x0, n=1
} -> block17  from block14

block17 {
   43 = phi 35, 42
   pop_exec #0x0, n=1
} -> block18  from block15 block16

block18 {
   44 = phi 29, 43
   pop_exec #0x0, n=1
} -> block19  from block13 block17

block19 {
   45 = phi 23, 44
   pop_exec #0x0, n=1
} -> block20  from block11 block18

block20 {
   46 = phi 16, 45
   48 = iadd 17, u32, #0x0
   jmp_exec_any #0xaaab694132c0
   pop_exec #0x0, n=1
} -> block5  from block9 block19

block21 {
   49h, _ = split 13
   local_store 16, 49h, #0, x, #0x0
   threadgroup_barrier 
   50 = and #1, 179
   51h = icmp 50, #0, #0x0
   if_icmp 50, #0, #0xaaab696aca10, n=1
} -> block22 block23  from block6

block22 {
   53 = iadd 13, #4, #0x0
   54h, _ = split 53
   55 = local_load 54h, #0, x, #0x0
   56 = local_load 49h, #0, x, #0x0
   57 = fadd 56, 55
   local_store 57, 49h, #0, x, #0x0
} -> block24  from block21

block23 {
   else_fcmp #0.000000, #0.000000, #0xaaab696aca10, n=1
   pop_exec #0x0, n=1
} -> block24  from block21

block24 {
   threadgroup_barrier 
   59 = and #3, 179
   60h = icmp 59, #0, #0x0
   if_icmp 59, #0, #0xaaab69694e00, n=1
} -> block25 block26  from block22 block23

block25 {
   62 = iadd 13, #8, #0x0
   63h, _ = split 62
   64 = local_load 63h, #0, x, #0x0
   65 = local_load 49h, #0, x, #0x0
   66 = fadd 65, 64
   local_store 66, 49h, #0, x, #0x0
} -> block27  from block24

block26 {
   else_fcmp #0.000000, #0.000000, #0xaaab69694e00, n=1
   pop_exec #0x0, n=1
} -> block27  from block24

block27 {
   threadgroup_barrier 
   68 = and #7, 179
   69h = icmp 68, #0, #0x0
   if_icmp 68, #0, #0xaaab69655150, n=1
} -> block28 block29  from block25 block26

block28 {
   71 = iadd 13, #16, #0x0
   72h, _ = split 71
   73 = local_load 72h, #0, x, #0x0
   74 = local_load 49h, #0, x, #0x0
   75 = fadd 74, 73
   local_store 75, 49h, #0, x, #0x0
} -> block30  from block27

block29 {
   else_fcmp #0.000000, #0.000000, #0xaaab69655150, n=1
   pop_exec #0x0, n=1
} -> block30  from block27

block30 {
   threadgroup_barrier 
   77 = and #15, 179
   if_icmp 77, #0, #0xaaab69656050, n=1
} -> block31 block32  from block28 block29

block31 {
   80 = iadd 13, #32, #0x0
   81h, _ = split 80
   82 = local_load 81h, #0, x, #0x0
   83 = local_load 49h, #0, x, #0x0
   84 = fadd 83, 82
   local_store 84, 49h, #0, x, #0x0
} -> block33  from block30

block32 {
   else_fcmp #0.000000, #0.000000, #0xaaab69656050, n=1
   pop_exec #0x0, n=1
} -> block33  from block30

block33 {
   threadgroup_barrier 
   86 = and #31, 179
   if_icmp 86, #0, #0xaaab69656f50, n=1
} -> block34 block35  from block31 block32

block34 {
   89 = iadd 13, #64, #0x0
   90h, _ = split 89
   91 = local_load 90h, #0, x, #0x0
   92 = local_load 49h, #0, x, #0x0
   93 = fadd 92, 91
   local_store 93, 49h, #0, x, #0x0
} -> block36  from block33

block35 {
   else_fcmp #0.000000, #0.000000, #0xaaab69656f50, n=1
   pop_exec #0x0, n=1
} -> block36  from block33

block36 {
   threadgroup_barrier 
   if_icmp 179, #8, #0xaaab69657a00, n=1
} -> block37 block38  from block34 block35

block37 {
   96 = bfi #0, 179, #7, #0x0
   97h, _ = split 96
   98 = local_load 97h, #0, x, #0x0
} -> block39  from block36

block38 {
   else_fcmp #0.000000, #0.000000, #0xaaab69657a00, n=1
   pop_exec #0x0, n=1
} -> block39  from block36

block39 {
   99 = phi 98, #0
   threadgroup_barrier 
   local_store 99, 49h, #0, x, #0x0
   threadgroup_barrier 
   101h = icmpsel 179, #8, 51h, #0, #0x0
   if_icmp 101h, #0, #0xaaab69658a40, n=1, inv
} -> block40 block41  from block37 block38

block40 {
   103 = iadd 13, #4, #0x0
   104h, _ = split 103
   105 = local_load 104h, #0, x, #0x0
   106 = local_load 49h, #0, x, #0x0
   107 = fadd 106, 105
   local_store 107, 49h, #0, x, #0x0
} -> block42  from block39

block41 {
   else_fcmp #0.000000, #0.000000, #0xaaab69658a40, n=1
   pop_exec #0x0, n=1
} -> block42  from block39

block42 {
   threadgroup_barrier 
   108h = icmpsel 179, #8, 60h, #0, #0x0
   if_icmp 108h, #0, #0xaaab69659790, n=1, inv
} -> block43 block44  from block40 block41

block43 {
   109 = iadd 13, #8, #0x0
   110h, _ = split 109
   111 = local_load 110h, #0, x, #0x0
   112 = local_load 49h, #0, x, #0x0
   113 = fadd 112, 111
   local_store 113, 49h, #0, x, #0x0
} -> block45  from block42

block44 {
   else_fcmp #0.000000, #0.000000, #0xaaab69659790, n=1
   pop_exec #0x0, n=1
} -> block45  from block42

block45 {
   threadgroup_barrier 
   114h = icmpsel 179, #8, 69h, #0, #0x0
   if_icmp 114h, #0, #0xaaab6965a570, n=1, inv
} -> block46 block47  from block43 block44

block46 {
   116 = iadd 13, #16, #0x0
   117h, _ = split 116
   118 = local_load 117h, #0, x, #0x0
   119 = local_load 49h, #0, x, #0x0
   120 = fadd 119, 118
   local_store 120, 49h, #0, x, #0x0
} -> block48  from block45

block47 {
   else_fcmp #0.000000, #0.000000, #0xaaab6965a570, n=1
   pop_exec #0x0, n=1
} -> block48  from block45

block48 {
   threadgroup_barrier 
   122 = local_load #0, #0, x, #0x0
   125 = fmul 122, u15
   126 = ffma u14, 125, 122
   127 = ffma 126, u15, 125
   129 = fcmpsel 125, #0, 125, 127, #0x0
   131 = fcmpsel 127, 127, 129, 125, #0x0
   threadgroup_barrier 
   132 = fadd 131, u5
   133 = rsqrt 132
   134 = fmul 132, 133
   137 = ffma 133.neg, 134, #1.000000
   139 = ffma 132.neg, 133, 134
   140 = ffma 133, 139, 137
   142 = fmul #0.500000, 133
   143 = ffma 142, 140, 133
   144 = fmul 132, 143
   146 = ffma 143.neg, 144, #1.000000
   147 = ffma 132.neg, 143, 144
   148 = ffma 143, 147, 146
   149 = fmul #0.500000, 143
   150 = ffma 149, 148, 143
   154 = fcmpsel 133.abs, u31l, 133, 150, #0x0
   156 = fcmpsel #0, 133, 154, 133, #0x0
   if_fcmp #0.000000, #0.000000, #0x0, n=1
} -> block49  from block46 block47

block49 {
   157 = phi 179, 176
   if_icmp 157, u4, #0xaaab696b9fd0, n=1, inv
} -> block50 block51  from block48 block55

block50 {
   break #0xaaab696b9800, n=2
} -> block56  from block49

block51 {
   else_fcmp #0.000000, #0.000000, #0xaaab696b9fd0, n=1
   pop_exec #0x0, n=1
} -> block52  from block49

block52 {
   159 = iadd 15, 157, #0x0
   161 = device_load u16:u17, 159.abs, x, #0x0, slot 0
   if_icmp u18l, #0, #0xaaab696baef0, n=1, inv
} -> block53 block54  from block51

block53 {
} -> block55  from block52

block54 {
   else_fcmp #0.000000, #0.000000, #0xaaab696baef0, n=1
   166 = iadd u20, 157, #0x0
   167 = device_load u22:u23, 166.abs, x, #0x0, slot 0
   pop_exec #0x0, n=1
} -> block55  from block52

block55 {
   168 = phi u19, 167
   169 = fmul 161, 156
   170 = fmul 168, 169
   172 = iadd u24, 14, #0x0
   173 = iadd 157, 172, #0x0
   device_store 170, u26:u27, 173.abs, x, #0x0, slot 0
   176 = iadd 157, u33, #0x0
   jmp_exec_any #0xaaab696b9940
   pop_exec #0x0, n=1
} -> block49  from block53 block54

block56 {
   threadgroup_barrier 
   178 = iadd 7, u28, #0x0
   jmp_exec_any #0xaaab6961bc20
   pop_exec #0x0, n=1
} -> block1  from block50

block57 {
   stop 
} from block2

block0 {
   179 = get_sr #0x30
   182 = get_sr #0x0
   6 = iadd 182, u6, #0x0
   begin_cf 
} -> block1 

block1 {
   7 = phi 6, 178
   if_icmp 7, u9, #0xaaab694d9a10, n=1, inv
} -> block2 block3  from block0 block56

block2 {
   break #0xaaab69631b30, n=2
} -> block57  from block1

block3 {
   else_fcmp #0.000000, #0.000000, #0xaaab694d9a10, n=1
   pop_exec #0x0, n=1
} -> block4  from block1

block4 {
   13 = iadd #0, 179, #0x0
   14 = imad 7, u4, #0, #0x0
   15 = iadd u10, 14, #0x0
   if_fcmp #0.000000, #0.000000, #0x0, n=1
} -> block5  from block3

block5 {
   16 = phi #0, 46
   17 = phi 13, 48
   if_icmp 17, u4, #0xaaab6962dd10, n=1, inv
} -> block6 block7  from block4 block20

block6 {
   break #0xaaab694356d0, n=2
} -> block21  from block5

block7 {
   else_fcmp #0.000000, #0.000000, #0xaaab6962dd10, n=1
   pop_exec #0x0, n=1
} -> block8  from block5

block8 {
   if_icmp 17, u4, #0xaaab6948e2a0, n=1, inv
} -> block9 block10  from block7

block9 {
} -> block20  from block8

block10 {
   else_fcmp #0.000000, #0.000000, #0xaaab69528610, n=1
   19 = iadd 15, 17, #0x0
   21 = device_load u12:u13, 19.abs, x, #0x0, slot 0
   22 = fmul 21, 21
   23 = fadd 16, 22
   24 = iadd 17, #1, #0x0
   if_icmp 24, u4, #0xaaab69533e80, n=1, inv
} -> block11 block12  from block8

block11 {
} -> block19  from block10

block12 {
   else_fcmp #0.000000, #0.000000, #0xaaab69553790, n=1
   26 = iadd 19, #1, #0x0
   27 = device_load u12:u13, 26.abs, x, #0x0, slot 0
   28 = fmul 27, 27
   29 = fadd 23, 28
   30 = iadd 17, #2, #0x0
   if_icmp 30, u4, #0xaaab6938cec0, n=1, inv
} -> block13 block14  from block10

block13 {
} -> block18  from block12

block14 {
   else_fcmp #0.000000, #0.000000, #0xaaab6932d7a0, n=1
   32 = iadd 19, #2, #0x0
   33 = device_load u12:u13, 32.abs, x, #0x0, slot 0
   34 = fmul 33, 33
   35 = fadd 29, 34
   37 = iadd 17, #3, #0x0
   if_icmp 37, u4, #0xaaab694665a0, n=1, inv
} -> block15 block16  from block12

block15 {
} -> block17  from block14

block16 {
   else_fcmp #0.000000, #0.000000, #0xaaab694665a0, n=1
   39 = iadd 19, #3, #0x0
   40 = device_load u12:u13, 39.abs, x, #0x0, slot 0
   41 = fmul 40, 40
   42 = fadd 35, 41
   pop_exec #0x0, n=1
} -> block17  from block14

block17 {
   43 = phi 35, 42
   pop_exec #0x0, n=1
} -> block18  from block15 block16

block18 {
   44 = phi 29, 43
   pop_exec #0x0, n=1
} -> block19  from block13 block17

block19 {
   45 = phi 23, 44
   pop_exec #0x0, n=1
} -> block20  from block11 block18

block20 {
   46 = phi 16, 45
   48 = iadd 17, u32, #0x0
   jmp_exec_any #0xaaab694132c0
   pop_exec #0x0, n=1
} -> block5  from block9 block19

block21 {
   49h, _ = split 13
   local_store 16, 49h, #0, x, #0x0
   50 = and #1, 179
   51h = icmp 50, #0, #0x0
   threadgroup_barrier 
   if_icmp 50, #0, #0xaaab696aca10, n=1
} -> block22 block23  from block6

block22 {
   53 = iadd 13, #4, #0x0
   54h, _ = split 53
   55 = local_load 54h, #0, x, #0x0
   56 = local_load 49h, #0, x, #0x0
   57 = fadd 56, 55
   local_store 57, 49h, #0, x, #0x0
} -> block24  from block21

block23 {
   else_fcmp #0.000000, #0.000000, #0xaaab696aca10, n=1
   pop_exec #0x0, n=1
} -> block24  from block21

block24 {
   59 = and #3, 179
   60h = icmp 59, #0, #0x0
   threadgroup_barrier 
   if_icmp 59, #0, #0xaaab69694e00, n=1
} -> block25 block26  from block22 block23

block25 {
   62 = iadd 13, #8, #0x0
   63h, _ = split 62
   64 = local_load 63h, #0, x, #0x0
   65 = local_load 49h, #0, x, #0x0
   66 = fadd 65, 64
   local_store 66, 49h, #0, x, #0x0
} -> block27  from block24

block26 {
   else_fcmp #0.000000, #0.000000, #0xaaab69694e00, n=1
   pop_exec #0x0, n=1
} -> block27  from block24

block27 {
   68 = and #7, 179
   69h = icmp 68, #0, #0x0
   threadgroup_barrier 
   if_icmp 68, #0, #0xaaab69655150, n=1
} -> block28 block29  from block25 block26

block28 {
   71 = iadd 13, #16, #0x0
   72h, _ = split 71
   73 = local_load 72h, #0, x, #0x0
   74 = local_load 49h, #0, x, #0x0
   75 = fadd 74, 73
   local_store 75, 49h, #0, x, #0x0
} -> block30  from block27

block29 {
   else_fcmp #0.000000, #0.000000, #0xaaab69655150, n=1
   pop_exec #0x0, n=1
} -> block30  from block27

block30 {
   77 = and #15, 179
   threadgroup_barrier 
   if_icmp 77, #0, #0xaaab69656050, n=1
} -> block31 block32  from block28 block29

block31 {
   80 = iadd 13, #32, #0x0
   81h, _ = split 80
   82 = local_load 81h, #0, x, #0x0
   83 = local_load 49h, #0, x, #0x0
   84 = fadd 83, 82
   local_store 84, 49h, #0, x, #0x0
} -> block33  from block30

block32 {
   else_fcmp #0.000000, #0.000000, #0xaaab69656050, n=1
   pop_exec #0x0, n=1
} -> block33  from block30

block33 {
   86 = and #31, 179
   threadgroup_barrier 
   if_icmp 86, #0, #0xaaab69656f50, n=1
} -> block34 block35  from block31 block32

block34 {
   89 = iadd 13, #64, #0x0
   90h, _ = split 89
   91 = local_load 90h, #0, x, #0x0
   92 = local_load 49h, #0, x, #0x0
   93 = fadd 92, 91
   local_store 93, 49h, #0, x, #0x0
} -> block36  from block33

block35 {
   else_fcmp #0.000000, #0.000000, #0xaaab69656f50, n=1
   pop_exec #0x0, n=1
} -> block36  from block33

block36 {
   threadgroup_barrier 
   if_icmp 179, #8, #0xaaab69657a00, n=1
} -> block37 block38  from block34 block35

block37 {
   96 = bfi #0, 179, #7, #0x0
   97h, _ = split 96
   98 = local_load 97h, #0, x, #0x0
} -> block39  from block36

block38 {
   else_fcmp #0.000000, #0.000000, #0xaaab69657a00, n=1
   pop_exec #0x0, n=1
} -> block39  from block36

block39 {
   99 = phi 98, #0
   threadgroup_barrier 
   local_store 99, 49h, #0, x, #0x0
   threadgroup_barrier 
   101h = icmpsel 179, #8, 51h, #0, #0x0
   if_icmp 101h, #0, #0xaaab69658a40, n=1, inv
} -> block40 block41  from block37 block38

block40 {
   103 = iadd 13, #4, #0x0
   104h, _ = split 103
   105 = local_load 104h, #0, x, #0x0
   106 = local_load 49h, #0, x, #0x0
   107 = fadd 106, 105
   local_store 107, 49h, #0, x, #0x0
} -> block42  from block39

block41 {
   else_fcmp #0.000000, #0.000000, #0xaaab69658a40, n=1
   pop_exec #0x0, n=1
} -> block42  from block39

block42 {
   threadgroup_barrier 
   108h = icmpsel 179, #8, 60h, #0, #0x0
   if_icmp 108h, #0, #0xaaab69659790, n=1, inv
} -> block43 block44  from block40 block41

block43 {
   109 = iadd 13, #8, #0x0
   110h, _ = split 109
   111 = local_load 110h, #0, x, #0x0
   112 = local_load 49h, #0, x, #0x0
   113 = fadd 112, 111
   local_store 113, 49h, #0, x, #0x0
} -> block45  from block42

block44 {
   else_fcmp #0.000000, #0.000000, #0xaaab69659790, n=1
   pop_exec #0x0, n=1
} -> block45  from block42

block45 {
   threadgroup_barrier 
   114h = icmpsel 179, #8, 69h, #0, #0x0
   if_icmp 114h, #0, #0xaaab6965a570, n=1, inv
} -> block46 block47  from block43 block44

block46 {
   116 = iadd 13, #16, #0x0
   117h, _ = split 116
   118 = local_load 117h, #0, x, #0x0
   119 = local_load 49h, #0, x, #0x0
   120 = fadd 119, 118
   local_store 120, 49h, #0, x, #0x0
} -> block48  from block45

block47 {
   else_fcmp #0.000000, #0.000000, #0xaaab6965a570, n=1
   pop_exec #0x0, n=1
} -> block48  from block45

block48 {
   threadgroup_barrier 
   122 = local_load #0, #0, x, #0x0
   125 = fmul 122, u15
   126 = ffma u14, 125, 122
   127 = ffma 126, u15, 125
   129 = fcmpsel 125, #0, 125, 127, #0x0
   131 = fcmpsel 127, 127, 129, 125, #0x0
   132 = fadd 131, u5
   133 = rsqrt 132
   134 = fmul 132, 133
   137 = ffma 133.neg, 134, #1.000000
   139 = ffma 132.neg, 133, 134
   140 = ffma 133, 139, 137
   142 = fmul #0.500000, 133
   143 = ffma 142, 140, 133
   144 = fmul 132, 143
   147 = ffma 132.neg, 143, 144
   146 = ffma 143.neg, 144, #1.000000
   148 = ffma 143, 147, 146
   149 = fmul #0.500000, 143
   150 = ffma 149, 148, 143
   154 = fcmpsel 133.abs, u31l, 133, 150, #0x0
   156 = fcmpsel #0, 133, 154, 133, #0x0
   threadgroup_barrier 
   if_fcmp #0.000000, #0.000000, #0x0, n=1
} -> block49  from block46 block47

block49 {
   157 = phi 179, 176
   if_icmp 157, u4, #0xaaab696b9fd0, n=1, inv
} -> block50 block51  from block48 block55

block50 {
   break #0xaaab696b9800, n=2
} -> block56  from block49

block51 {
   else_fcmp #0.000000, #0.000000, #0xaaab696b9fd0, n=1
   pop_exec #0x0, n=1
} -> block52  from block49

block52 {
   159 = iadd 15, 157, #0x0
   161 = device_load u16:u17, 159.abs, x, #0x0, slot 0
   if_icmp u18l, #0, #0xaaab696baef0, n=1, inv
} -> block53 block54  from block51

block53 {
} -> block55  from block52

block54 {
   else_fcmp #0.000000, #0.000000, #0xaaab696baef0, n=1
   166 = iadd u20, 157, #0x0
   167 = device_load u22:u23, 166.abs, x, #0x0, slot 0
   pop_exec #0x0, n=1
} -> block55  from block52

block55 {
   168 = phi u19, 167
   169 = fmul 161, 156
   170 = fmul 168, 169
   172 = iadd u24, 14, #0x0
   173 = iadd 157, 172, #0x0
   device_store 170, u26:u27, 173.abs, x, #0x0, slot 0
   176 = iadd 157, u33, #0x0
   jmp_exec_any #0xaaab696b9940
   pop_exec #0x0, n=1
} -> block49  from block53 block54

block56 {
   threadgroup_barrier 
   178 = iadd 7, u28, #0x0
   jmp_exec_any #0xaaab6961bc20
   pop_exec #0x0, n=1
} -> block1  from block50

block57 {
   stop 
} from block2

block0 {
   r1 = get_sr #0x30
   $r2 = get_sr #0x0
   r2 = iadd ^r2, u6, #0x0
   r0l = mov_imm #0x0
} -> block1 

block1 {
} -> block2 block3  from block0 block56

block2 {
} -> block57  from block1

block3 {
} -> block4  from block1

block4 {
   while_icmp $r2, u9, #0x0, n=1
   jmp_exec_none_after #0xaaab696b9800
   $r3 = iadd #0, r1, #0x0
   $r4 = imad r2, u4, #0, #0x0
   r5 = iadd u10, r4, #0x0
   r6 = mov_imm #0x0
   r7 = mov1 r3, #0
   if_fcmp #0.000000, #0.000000, #0x0, n=1
} -> block5  from block3

block5 {
} -> block6 block7  from block4 block20

block6 {
} -> block21  from block5

block7 {
} -> block8  from block5

block8 {
   while_icmp r7, u4, #0x0, n=1
   if_icmp r7, u4, #0xaaab6948e2a0, n=1, inv
} -> block9 block10  from block7

block9 {
} -> block20  from block8

block10 {
   else_fcmp #0.000000, #0.000000, #0xaaab69528610, n=1
   jmp_exec_none_after #0xaaab69528610
   r8 = iadd r5, $r7, #0x0
   $r9 = device_load u12:u13, r8.abs, x, #0x0, slot 0
   wait #0x0, slot 0
   $r9 = fmul r9, r9
   r6 = fadd r6, r9
   r9 = iadd r7, #1, #0x0
   if_icmp r9, u4, #0xaaab69533e80, n=1, inv
} -> block11 block12  from block8

block11 {
} -> block19  from block10

block12 {
   else_fcmp #0.000000, #0.000000, #0xaaab69553790, n=1
   jmp_exec_none_after #0xaaab69553790
   r9 = iadd r8, #1, #0x0
   $r9 = device_load u12:u13, r9.abs, x, #0x0, slot 0
   wait #0x0, slot 0
   $r9 = fmul r9, r9
   r6 = fadd r6, r9
   r9 = iadd r7, #2, #0x0
   if_icmp r9, u4, #0xaaab6938cec0, n=1, inv
} -> block13 block14  from block10

block13 {
} -> block18  from block12

block14 {
   else_fcmp #0.000000, #0.000000, #0xaaab6932d7a0, n=1
   r9 = iadd r8, #2, #0x0
   $r9 = device_load u12:u13, r9.abs, x, #0x0, slot 0
   wait #0x0, slot 0
   $r9 = fmul r9, r9
   r6 = fadd r6, r9
   r9 = iadd r7, #3, #0x0
   if_icmp r9, u4, #0xaaab694665a0, n=1, inv
} -> block15 block16  from block12

block15 {
} -> block17  from block14

block16 {
   else_fcmp #0.000000, #0.000000, #0xaaab694665a0, n=1
   r8 = iadd r8, #3, #0x0
   $r8 = device_load u12:u13, r8.abs, x, #0x0, slot 0
   wait #0x0, slot 0
   $r8 = fmul r8, r8
   r6 = fadd r6, r8
   pop_exec #0x0, n=1
} -> block17  from block14

block17 {
   pop_exec #0x0, n=1
} -> block18  from block15 block16

block18 {
   pop_exec #0x0, n=1
} -> block19  from block13 block17

block19 {
   pop_exec #0x0, n=1
} -> block20  from block11 block18

block20 {
   r7 = iadd r7, u32, #0x0
   jmp_exec_any #0xaaab694132c0
   pop_exec #0x0, n=1
} -> block5  from block9 block19

block21 {
   r0h = mov1 r3l, #0
   local_store r6, r0h, #0, x, #0x0
   $r6 = and #1, r1
   r7l = icmpsel r6, #0, #1, #0, #0x0
   threadgroup_barrier 
   if_icmp r6, #0, #0xaaab696aca10, n=1
} -> block22 block23  from block6

block22 {
   r6 = iadd r3, #4, #0x0
   $r8 = local_load r6l, #0, x, #0x0
   $r6 = local_load r0h, #0, x, #0x0
   r6 = fadd r6, r8
   local_store r6, r0h, #0, x, #0x0
} -> block24  from block21

block23 {
   pop_exec #0x0, n=1
} -> block24  from block21

block24 {
   $r6 = and #3, r1
   r7h = icmpsel r6, #0, #1, #0, #0x0
   threadgroup_barrier 
   if_icmp r6, #0, #0xaaab69694e00, n=1
} -> block25 block26  from block22 block23

block25 {
   r6 = iadd r3, #8, #0x0
   $r8 = local_load r6l, #0, x, #0x0
   $r6 = local_load r0h, #0, x, #0x0
   r6 = fadd r6, r8
   local_store r6, r0h, #0, x, #0x0
} -> block27  from block24

block26 {
   pop_exec #0x0, n=1
} -> block27  from block24

block27 {
   $r6 = and #7, r1
   r8l = icmpsel r6, #0, #1, #0, #0x0
   threadgroup_barrier 
   if_icmp r6, #0, #0xaaab69655150, n=1
} -> block28 block29  from block25 block26

block28 {
   r6 = iadd r3, #16, #0x0
   $r9 = local_load r6l, #0, x, #0x0
   $r6 = local_load r0h, #0, x, #0x0
   r6 = fadd r6, r9
   local_store r6, r0h, #0, x, #0x0
} -> block30  from block27

block29 {
   pop_exec #0x0, n=1
} -> block30  from block27

block30 {
   r6 = and #15, r1
   threadgroup_barrier 
   if_icmp r6, #0, #0xaaab69656050, n=1
} -> block31 block32  from block28 block29

block31 {
   r6 = iadd r3, #32, #0x0
   $r9 = local_load r6l, #0, x, #0x0
   $r6 = local_load r0h, #0, x, #0x0
   r6 = fadd r6, r9
   local_store r6, r0h, #0, x, #0x0
} -> block33  from block30

block32 {
   pop_exec #0x0, n=1
} -> block33  from block30

block33 {
   r6 = and #31, r1
   threadgroup_barrier 
   if_icmp r6, #0, #0xaaab69656f50, n=1
} -> block34 block35  from block31 block32

block34 {
   r6 = iadd r3, #64, #0x0
   $r9 = local_load r6l, #0, x, #0x0
   $r6 = local_load r0h, #0, x, #0x0
   r6 = fadd r6, r9
   local_store r6, r0h, #0, x, #0x0
} -> block36  from block33

block35 {
   pop_exec #0x0, n=1
} -> block36  from block33

block36 {
   threadgroup_barrier 
   if_icmp r1, #8, #0xaaab69657a00, n=1
} -> block37 block38  from block34 block35

block37 {
   r6 = bfi #0, r1, #7, #0x0
   r9 = local_load r6l, #0, x, #0x0
} -> block39  from block36

block38 {
   else_fcmp #0.000000, #0.000000, #0xaaab69657a00, n=1
   r9 = mov_imm #0x0
   pop_exec #0x0, n=1
} -> block39  from block36

block39 {
   threadgroup_barrier 
   local_store r9, r0h, #0, x, #0x0
   threadgroup_barrier 
   r6l = icmpsel r1, #8, r7l, #0, #0x0
   if_icmp r6l, #0, #0xaaab69658a40, n=1, inv
} -> block40 block41  from block37 block38

block40 {
   r6 = iadd r3, #4, #0x0
   $r6 = local_load r6l, #0, x, #0x0
   $r9 = local_load r0h, #0, x, #0x0
   r6 = fadd r9, r6
   local_store r6, r0h, #0, x, #0x0
} -> block42  from block39

block41 {
   pop_exec #0x0, n=1
} -> block42  from block39

block42 {
   threadgroup_barrier 
   r6l = icmpsel r1, #8, r7h, #0, #0x0
   if_icmp r6l, #0, #0xaaab69659790, n=1, inv
} -> block43 block44  from block40 block41

block43 {
   r6 = iadd r3, #8, #0x0
   $r6 = local_load r6l, #0, x, #0x0
   $r7 = local_load r0h, #0, x, #0x0
   r6 = fadd r7, r6
   local_store r6, r0h, #0, x, #0x0
} -> block45  from block42

block44 {
   pop_exec #0x0, n=1
} -> block45  from block42

block45 {
   threadgroup_barrier 
   r6l = icmpsel r1, #8, r8l, #0, #0x0
   if_icmp r6l, #0, #0xaaab6965a570, n=1, inv
} -> block46 block47  from block43 block44

block46 {
   r3 = iadd r3, #16, #0x0
   $r6 = local_load r3l, #0, x, #0x0
   $r3 = local_load r0h, #0, x, #0x0
   r3 = fadd r3, r6
   local_store r3, r0h, #0, x, #0x0
} -> block48  from block45

block47 {
   pop_exec #0x0, n=1
} -> block48  from block45

block48 {
   threadgroup_barrier 
   $r3 = local_load #0, #0, x, #0x0
   $r6 = fmul $r3, u15
   $r3 = ffma u14, $r6, r3
   $r3 = ffma r3, u15, $r6
   $r7 = fcmpsel $r6, #0, $r6, $r3, #0x0
   $r3 = fcmpsel r3, r3, r7, r6, #0x0
   $r3 = fadd r3, u5
   $r6 = rsqrt $r3
   $r7 = fmul $r3, $r6
   $r8 = ffma $r6.neg, $r7, #1.000000
   $r7 = ffma $r3.neg, $r6, r7
   $r7 = ffma $r6, r7, r8
   $r8 = fmul #0.500000, $r6
   $r7 = ffma r8, r7, $r6
   $r8 = fmul $r3, $r7
   $r3 = ffma r3.neg, $r7, $r8
   $r8 = ffma $r7.neg, r8, #1.000000
   $r3 = ffma $r7, r3, r8
   $r8 = fmul #0.500000, $r7
   $r3 = ffma r8, r3, r7
   $r3 = fcmpsel $r6.abs, u31l, $r6, r3, #0x0
   r3 = fcmpsel #0, r6, r3, r6, #0x0
   threadgroup_barrier 
   r6 = mov1 r1, #0
   if_fcmp #0.000000, #0.000000, #0x0, n=1
} -> block49  from block46 block47

block49 {
} -> block50 block51  from block48 block55

block50 {
} -> block56  from block49

block51 {
} -> block52  from block49

block52 {
   while_icmp $r6, u4, #0x0, n=1
   r7 = iadd r5, r6, #0x0
   r7 = device_load u16:u17, r7.abs, x, #0x0, slot 0
   wait #0x0, slot 0
   if_icmp u18l, #0, #0xaaab696baef0, n=1, inv
} -> block53 block54  from block51

block53 {
   r8 = mov1 u19, #0
} -> block55  from block52

block54 {
   else_fcmp #0.000000, #0.000000, #0xaaab696baef0, n=1
   r8 = iadd u20, r6, #0x0
   r8 = device_load u22:u23, r8.abs, x, #0x0, slot 0
   wait #0x0, slot 0
   pop_exec #0x0, n=1
} -> block55  from block52

block55 {
   $r7 = fmul r7, r3
   r7 = fmul r8, r7
   $r8 = iadd u24, r4, #0x0
   r8 = iadd $r6, r8, #0x0
   device_store r7, u26:u27, r8.abs, x, #0x0, slot 0
   r6 = iadd r6, u33, #0x0
   wait #0x0, slot 0
   jmp_exec_any #0xaaab696b9940
   pop_exec #0x0, n=1
} -> block49  from block53 block54

block56 {
   threadgroup_barrier 
   r2 = iadd r2, u28, #0x0
   jmp_exec_any #0xaaab6961bc20
   pop_exec #0x0, n=1
} -> block1  from block50

block57 {
   stop 
} from block2

   0: 72053000               mov      r1, thread_in_threadgroup_x
   4: f2090000               mov      $r2, threadgroup_in_grid_x
   8: 0e09c4c658000000       iadd     r2, ^r2.sx, u6.sx
  10: 62000000               ldimm    r0l, 0
  14: 522c84221900           while    $r2, u9, 1, ult
  1a: 20c096040000           jmp_none 1174
  20: 8e0d002064001000       iadd     $r3, 0, r1.sx, lsl 2
  28: 9e11448658000000       imul     $r4, r2.sx, u4.sx
  30: 0e15948564000000       iadd     r5, u10.sx, r4.sx
  38: 621900000000           ldimm    r6, 0
  3e: 7e1d460a8000           mov      r7, r3
  44: 420800000000           if       0.0, 0.0, 1, feq
  4a: 522c4e821800           while    r7, u4, 1, ult
  50: 52294e821800           if       r7, u4, 1, ugte
  56: 420a00000000           else     0.0, 0.0, 1, feq
  5c: 20c0d2000000           jmp_none 210
  62: 0e214ae668000000       iadd     r8, r5.sx, $r7.sx
  6a: 0549080e11c01200       load     r9, du12, r8, i32, x, a
  72: 3800                   wait     a
  74: 9aa552222500           fmul     $r9, r9, r9
  7a: 2a994c222500           fadd     r6, r6, r9
  80: 0e254e1600000000       iadd     r9, r7.sx, 1
  88: 522952821800           if       r9, u4, 1, ugte
  8e: 420a00000000           else     0.0, 0.0, 1, feq
  94: 20c094000000           jmp_none 148
  9a: 0e25501600000000       iadd     r9, r8.sx, 1
  a2: 0549280e11c01200       load     r9, du12, r9, i32, x, a
  aa: 3800                   wait     a
  ac: 9aa552222500           fmul     $r9, r9, r9
  b2: 2a994c222500           fadd     r6, r6, r9
  b8: 0e254e2600000000       iadd     r9, r7.sx, 2
  c0: 522952821800           if       r9, u4, 1, ugte
  c6: 420a00000000           else     0.0, 0.0, 1, feq
  cc: 0e25502600000000       iadd     r9, r8.sx, 2
  d4: 0549280e11c01200       load     r9, du12, r9, i32, x, a
  dc: 3800                   wait     a
  de: 9aa552222500           fmul     $r9, r9, r9
  e4: 2a994c222500           fadd     r6, r6, r9
  ea: 0e254e3600000000       iadd     r9, r7.sx, 3
  f2: 522952821800           if       r9, u4, 1, ugte
  f8: 420a00000000           else     0.0, 0.0, 1, feq
  fe: 0e21503600000000       iadd     r8, r8.sx, 3
 106: 0541080e11c01200       load     r8, du12, r8, i32, x, a
 10e: 3800                   wait     a
 110: 9aa150022500           fmul     $r8, r8, r8
 116: 2a994c022500           fadd     r6, r6, r8
 11c: 520e00000000           pop_exec 1
 122: 520e00000000           pop_exec 1
 128: 520e00000000           pop_exec 1
 12e: 520e00000000           pop_exec 1
 134: 0e1d4e0658010000       iadd     r7, r7.sx, u32.sx
 13c: 00c00effffff           jmp_any  -242
 142: 520e00000000           pop_exec 1
 148: 7e0246088000           mov      r0h, r3l
 14e: 2999010214000000       lstore   r6, r0h, 0, i32, x
 156: fe190120a400           and      $r6, 1, r1
 15c: 121c4c0200010110       csel     r7l, r6, 0, 1, 0, ieq
 164: 6800                   barrier
 166: 52084c020000           if       r6, 0, 1, ieq
 16c: 0e19464600000000       iadd     r6, r3.sx, 4
 174: 69a10c0214000000       lload    r8, r6l, 0, i32, x
 17c: 6999010214000000       lload    r6, r0h, 0, i32, x
 184: 2a994c022500           fadd     r6, r6, r8
 18a: 2999010214000000       lstore   r6, r0h, 0, i32, x
 192: 520e00000000           pop_exec 1
 198: fe190320a400           and      $r6, 3, r1
 19e: 121e4c0200010110       csel     r7h, r6, 0, 1, 0, ieq
 1a6: 6800                   barrier
 1a8: 52084c020000           if       r6, 0, 1, ieq
 1ae: 0e19468600000000       iadd     r6, r3.sx, 8
 1b6: 69a10c0214000000       lload    r8, r6l, 0, i32, x
 1be: 6999010214000000       lload    r6, r0h, 0, i32, x
 1c6: 2a994c022500           fadd     r6, r6, r8
 1cc: 2999010214000000       lstore   r6, r0h, 0, i32, x
 1d4: 520e00000000           pop_exec 1
 1da: fe190720a400           and      $r6, 7, r1
 1e0: 12204c0200010110       csel     r8l, r6, 0, 1, 0, ieq
 1e8: 6800                   barrier
 1ea: 52084c020000           if       r6, 0, 1, ieq
 1f0: 0e19460601000000       iadd     r6, r3.sx, 16
 1f8: 69a50c0214000000       lload    r9, r6l, 0, i32, x
 200: 6999010214000000       lload    r6, r0h, 0, i32, x
 208: 2a994c222500           fadd     r6, r6, r9
 20e: 2999010214000000       lstore   r6, r0h, 0, i32, x
 216: 520e00000000           pop_exec 1
 21c: 7e190f20a400           and      r6, 15, r1
 222: 6800                   barrier
 224: 52084c020000           if       r6, 0, 1, ieq
 22a: 0e19460602000000       iadd     r6, r3.sx, 32
 232: 69a50c0214000000       lload    r9, r6l, 0, i32, x
 23a: 6999010214000000       lload    r6, r0h, 0, i32, x
 242: 2a994c222500           fadd     r6, r6, r9
 248: 2999010214000000       lstore   r6, r0h, 0, i32, x
 250: 520e00000000           pop_exec 1
 256: 7e191f20a400           and      r6, 31, r1
 25c: 6800                   barrier
 25e: 52084c020000           if       r6, 0, 1, ieq
 264: 0e19460600010000       iadd     r6, r3.sx, 64
 26c: 69a50c0214000000       lload    r9, r6l, 0, i32, x
 274: 6999010214000000       lload    r6, r0h, 0, i32, x
 27c: 2a994c222500           fadd     r6, r6, r9
 282: 2999010214000000       lstore   r6, r0h, 0, i32, x
 28a: 520e00000000           pop_exec 1
 290: 6800                   barrier
 292: 522842820000           if       r1, 8, 1, ult
 298: 2e19002024070000       shl      r6, r1, 7
 2a0: 69a50c0214000000       lload    r9, r6l, 0, i32, x
 2a8: 420a00000000           else     0.0, 0.0, 1, feq
 2ae: 622500000000           ldimm    r9, 0
 2b4: 520e00000000           pop_exec 1
 2ba: 6800                   barrier
 2bc: 29a5010214000000       lstore   r9, r0h, 0, i32, x
 2c4: 6800                   barrier
 2c6: 12184282004e0030       csel     r6l, r1, 8, r7l, 0, ult
 2ce: 52094c000000           if       r6l, 0, 1, ine
 2d4: 0e19464600000000       iadd     r6, r3.sx, 4
 2dc: 69990c0214000000       lload    r6, r6l, 0, i32, x
 2e4: 69a5010214000000       lload    r9, r0h, 0, i32, x
 2ec: 2a9952c22400           fadd     r6, r9, r6
 2f2: 2999010214000000       lstore   r6, r0h, 0, i32, x
 2fa: 520e00000000           pop_exec 1
 300: 6800                   barrier
 302: 12184282004f0030       csel     r6l, r1, 8, r7h, 0, ult
 30a: 52094c000000           if       r6l, 0, 1, ine
 310: 0e19468600000000       iadd     r6, r3.sx, 8
 318: 69990c0214000000       lload    r6, r6l, 0, i32, x
 320: 699d010214000000       lload    r7, r0h, 0, i32, x
 328: 2a994ec22400           fadd     r6, r7, r6
 32e: 2999010214000000       lstore   r6, r0h, 0, i32, x
 336: 520e00000000           pop_exec 1
 33c: 6800                   barrier
 33e: 1218428200500030       csel     r6l, r1, 8, r8l, 0, ult
 346: 52094c000000           if       r6l, 0, 1, ine
 34c: 0e0d460601000000       iadd     r3, r3.sx, 16
 354: 6999060214000000       lload    r6, r3l, 0, i32, x
 35c: 698d010214000000       lload    r3, r0h, 0, i32, x
 364: 2a8d46c22400           fadd     r3, r3, r6
 36a: 298d010214000000       lstore   r3, r0h, 0, i32, x
 372: 520e00000000           pop_exec 1
 378: 6800                   barrier
 37a: 698d800214000000       lload    r3, 0, i32, x
 382: 9a9986e21900           fmul     $r6, $r3, u15
 388: ba8d9cc128460200       ffma     $r3, u14, $r6, r3
 390: ba8d46e2198c0200       ffma     $r3, r3, u15, $r6
 398: 821d8c02008c6008       csel     $r7, $r6, 0.0, $r6, $r3, feq
 3a0: 820d4662244ec004       csel     $r3, r3, r3, r7, r6, feq
 3a8: aa8d46a21800           fadd     $r3, r3, u5
 3ae: 8a198692               rsqrt    $r6, $r3
 3b2: 9a9d86c22800           fmul     $r7, $r3, $r6
 3b8: ba218cea2830           ffma     $r8, $r6.neg, $r7, 1.0
 3be: ba9d86ca284e0200       ffma     $r7, $r3.neg, $r6, r7
 3c6: ba9d8ce224500200       ffma     $r7, $r6, r7, r8
 3ce: 9aa120c02800           fmul     $r8, 0.5, $r6
 3d4: ba9d50e2248c0200       ffma     $r7, r8, r7, $r6
 3dc: 9aa186e22800           fmul     $r8, $r3, $r7
 3e2: ba8d46ea28900200       ffma     $r3, r3.neg, $r7, $r8
 3ea: ba218e0a2530           ffma     $r8, $r7.neg, r8, 1.0
 3f0: ba8d8e6224500200       ffma     $r3, $r7, r3, r8
 3f8: 9aa120e02800           fmul     $r8, 0.5, $r7
 3fe: ba8d5062244e0200       ffma     $r3, r8, r3, r7
 406: 820d8ce6138c6004       csel     $r3, $r6.abs, u31l, $r6, r3, feq
 40e: 020d00c02446c024       csel     r3, 0.0, r6, r3, r6, flt
 416: 6800                   barrier
 418: 7e19420a8000           mov      r6, r1
 41e: 420800000000           if       0.0, 0.0, 1, feq
 424: 522c8c821800           while    $r6, u4, 1, ult
 42a: 0e1d4ac664000000       iadd     r7, r5.sx, r6.sx
 432: 0539e00e20c01200       load     r7, du16, r7, i32, x, a
 43a: 3800                   wait     a
 43c: 520924010000           if       u18l, 0, 1, ine
 442: 7e21a6098000           mov      r8, u19
 448: 420a00000000           else     0.0, 0.0, 1, feq
 44e: 0e21a8c564000000       iadd     r8, u20.sx, r6.sx
 456: 05410c0e21c01200       load     r8, du22, r8, i32, x, a
 45e: 3800                   wait     a
 460: 520e00000000           pop_exec 1
 466: 9a9d4e622400           fmul     $r7, r7, r3
 46c: 1a9d50e22400           fmul     r7, r8, r7
 472: 8e21b08564000000       iadd     $r8, u24.sx, r4.sx
 47a: 0e218c0665000000       iadd     r8, $r6.sx, r8.sx
 482: 4539040e31c01200       store    r7, du26, r8, i32, x, a
 48a: 0e194c2658010000       iadd     r6, r6.sx, u33.sx
 492: 3800                   wait     a
 494: 00c090ffffff           jmp_any  -112
 49a: 520e00000000           pop_exec 1
 4a0: 6800                   barrier
 4a2: 0e0944865b000000       iadd     r2, r2.sx, u28.sx
 4aa: 00c06afbffff           jmp_any  -1174
 4b0: 520e00000000           pop_exec 1
 4b6: 8800                   stop
block0 {
   2 = device_load u0:u1, #63, x, #0x0, slot 0
   uniform_store 2, #8, x, #0x0
   4 = device_load u0:u1, #137, x, #0x0, slot 0
   uniform_store 4, #10, x, #0x0
   6 = device_load u0:u1, #5, xyz, #0x0, slot 0
   47, 48, 49 = split 6
   50 = collect 47, 48
   uniform_store 50, #12, xy, #0x0
   uniform_store 49, #16, x, #0x0
   8 = device_load u0:u1, #127, xy, #0x0, slot 0
   52, 53 = split 8
   54 = collect 52, 53
   uniform_store 54, #18, xy, #0x0
   11 = device_load u2:u3, #0, xyzw, #0x0, slot 0
   55, 56, _, _ = split 11
   12d = collect 55, 56
   59d = mov 12d
   uniform_store 59d, #24, x, #0x0
   13 = convert #10, 2, #0x1
   14 = fadd 13.neg, #-0.000000
   uniform_store 14, #28, x, #0x0
   16 = rcp 13
   17 = ffma 13.neg, 16, #1.000000
   18 = ffma 17, 16, 16
   20 = fcmpsel 18, 18, 18, 16, #0x0
   21 = ffma 13.neg, 20, #1.000000
   22 = ffma 21, 20, 20
   24 = fcmpsel 22, 22, 22, 20, #0x0
   uniform_store 24, #30, x, #0x0
   uniform_store 59d, #32, x, #0x0
   26 = device_load u0:u1, #31, x, #0x0, slot 0
   28h = icmp 26, #1, #0x0
   uniform_store 28h, #36, x, #0x0
   29 = device_load u2:u3, #1, xyzw, #0x0, slot 0
   65, 66, _, _ = split 29
   30d = collect 65, 66
   32 = device_load u0:u1, #129, x, #0x0, slot 0
   33 = device_load 30d, 32.abs, x, #0x0, slot 0
   uniform_store 33, #38, x, #0x0
   uniform_store 32, #40, x, #0x0
   73d = mov 30d
   uniform_store 73d, #44, x, #0x0
   35 = device_load u0:u1, #65, x, #0x0, slot 0
   uniform_store 35, #48, x, #0x0
   37 = device_load u2:u3, #3, xyzw, #0x0, slot 0
   76, 77, _, _ = split 37
   38d = collect 76, 77
   80d = mov 38d
   uniform_store 80d, #52, x, #0x0
   40 = device_load u0:u1, #9, xy, #0x0, slot 0
   81, 82 = split 40
   41d = collect 81, 82
   42 = device_load 41d, #0, xyz, #0x0, slot 0
   83, 84, 85 = split 42
   86 = collect 83, 84
   uniform_store 86, #56, xy, #0x0
   uniform_store 85, #60, x, #0x0
   stop 
}

block0 {
   2 = device_load u0:u1, #63, x, #0x0, slot 0
   uniform_store 2, #8, x, #0x0
   4 = device_load u0:u1, #137, x, #0x0, slot 0
   uniform_store 4, #10, x, #0x0
   6 = device_load u0:u1, #5, xyz, #0x0, slot 0
   47, 48, 49 = split 6
   50 = collect 47, 48
   uniform_store 50, #12, xy, #0x0
   uniform_store 49, #16, x, #0x0
   8 = device_load u0:u1, #127, xy, #0x0, slot 0
   52, 53 = split 8
   54 = collect 52, 53
   uniform_store 54, #18, xy, #0x0
   11 = device_load u2:u3, #0, xyzw, #0x0, slot 0
   55, 56, _, _ = split 11
   12d = collect 55, 56
   59d = mov 12d
   uniform_store 59d, #24, x, #0x0
   13 = convert #10, 2, #0x1
   14 = fadd 13.neg, #-0.000000
   uniform_store 14, #28, x, #0x0
   16 = rcp 13
   17 = ffma 13.neg, 16, #1.000000
   18 = ffma 17, 16, 16
   20 = fcmpsel 18, 18, 18, 16, #0x0
   21 = ffma 13.neg, 20, #1.000000
   22 = ffma 21, 20, 20
   24 = fcmpsel 22, 22, 22, 20, #0x0
   uniform_store 24, #30, x, #0x0
   uniform_store 59d, #32, x, #0x0
   26 = device_load u0:u1, #31, x, #0x0, slot 0
   28h = icmp 26, #1, #0x0
   uniform_store 28h, #36, x, #0x0
   29 = device_load u2:u3, #1, xyzw, #0x0, slot 0
   65, 66, _, _ = split 29
   30d = collect 65, 66
   32 = device_load u0:u1, #129, x, #0x0, slot 0
   33 = device_load 30d, 32.abs, x, #0x0, slot 0
   uniform_store 33, #38, x, #0x0
   uniform_store 32, #40, x, #0x0
   73d = mov 30d
   uniform_store 73d, #44, x, #0x0
   35 = device_load u0:u1, #65, x, #0x0, slot 0
   uniform_store 35, #48, x, #0x0
   37 = device_load u2:u3, #3, xyzw, #0x0, slot 0
   76, 77, _, _ = split 37
   38d = collect 76, 77
   80d = mov 38d
   uniform_store 80d, #52, x, #0x0
   40 = device_load u0:u1, #9, xy, #0x0, slot 0
   81, 82 = split 40
   41d = collect 81, 82
   42 = device_load 41d, #0, xyz, #0x0, slot 0
   83, 84, 85 = split 42
   86 = collect 83, 84
   uniform_store 86, #56, xy, #0x0
   uniform_store 85, #60, x, #0x0
   stop 
}

block0 {
   r0 = device_load u0:u1, #63, x, #0x0, slot 0
   wait #0x0, slot 0
   uniform_store r0, #8, x, #0x0
   r1 = device_load u0:u1, #137, x, #0x0, slot 0
   wait #0x0, slot 0
   uniform_store ^r1, #10, x, #0x0
   r4...r6 = device_load u0:u1, #5, xyz, #0x0, slot 0
   wait #0x0, slot 0
   uniform_store ^r4...r5, #12, xy, #0x0
   uniform_store ^r6, #16, x, #0x0
   r2...r3 = device_load u0:u1, #127, xy, #0x0, slot 0
   wait #0x0, slot 0
   uniform_store ^r2...r3, #18, xy, #0x0
   r4...r7 = device_load u2:u3, #0, xyzw, #0x0, slot 0
   wait #0x0, slot 0
   uniform_store r4:r5, #24, x, #0x0
   $r0 = convert #10, ^r0, #0x1
   r1 = fadd $r0.neg, #-0.000000
   uniform_store ^r1, #28, x, #0x0
   $r1 = rcp $r0
   $r2 = ffma $r0.neg, $r1, #1.000000
   $r2 = ffma ^r2, $r1, $r1
   $r1 = fcmpsel ^r2, ^r2, ^r2, ^r1, #0x0
   $r0 = ffma ^r0.neg, $r1, #1.000000
   $r0 = ffma ^r0, $r1, $r1
   r0 = fcmpsel ^r0, ^r0, ^r0, ^r1, #0x0
   uniform_store ^r0, #30, x, #0x0
   uniform_store ^r4:r5, #32, x, #0x0
   $r0 = device_load u0:u1, #31, x, #0x0, slot 0
   wait #0x0, slot 0
   r0RMS_CAPTURE_COMPLETE (1, 261, 896) 0.32.2.dev202609091024+fea521a
l = icmpsel ^r0, #1, #1, #0, #0x0
   uniform_store ^r0l, #36, x, #0x0
   r0...r3 = device_load u2:u3, #1, xyzw, #0x0, slot 0
   wait #0x0, slot 0
   r2 = device_load u0:u1, #129, x, #0x0, slot 1
   wait #0x0, slot 1
   r3 = device_load r0:r1, r2.abs, x, #0x0, slot 0
   wait #0x0, slot 0
   uniform_store ^r3, #38, x, #0x0
   uniform_store ^r2, #40, x, #0x0
   uniform_store ^r0:r1, #44, x, #0x0
   r0 = device_load u0:u1, #65, x, #0x0, slot 0
   wait #0x0, slot 0
   uniform_store ^r0, #48, x, #0x0
   r0...r3 = device_load u2:u3, #3, xyzw, #0x0, slot 0
   wait #0x0, slot 0
   uniform_store ^r0:r1, #52, x, #0x0
   r0...r1 = device_load u0:u1, #9, xy, #0x0, slot 0
   wait #0x0, slot 0
   r0...r2 = device_load ^r0:r1, #0, xyz, #0x0, slot 1
   wait #0x0, slot 1
   uniform_store ^r0...r1, #56, xy, #0x0
   uniform_store ^r2, #60, x, #0x0
   stop 
}

   0: 0501f00d03c41200       load     r0, du0, 63, lsl 1, i32, x, a
   8: 3800                   wait     a
   a: c500803d00803000       mov      u4, r0
  12: 0509900d08c01200       load     r1, du0, 137, i32, x, a
  1a: 3800                   wait     a
  1c: c508a03d00803000       mov      u5, r1
  24: 0521500d00c87200       load     r4_r5_r6, du0, 5, lsl 2, i32, xyz, a
  2c: 3800                   wait     a
  2e: c520c03d0080f000       mov      du6, dr4
  36: c530003d01803000       mov      u8, r6
  3e: 0511f00d07c03200       load     r2_r3, du0, 127, i32, xy, a
  46: 3800                   wait     a
  48: c510203d0180f000       mov      du9, dr2
  50: 0521040d00c0f200       load     r4_r5_r6_r7, du2, 0, i32, xyzw, a
  58: 3800                   wait     a
  5a: c520803d0180f000       mov      du12, dr4
  62: be810a042c00           u32_to_f $r0, ^r0, rte
  68: 2a85800a0002           fadd     r1, $r0.neg, -0.0
  6e: c508c03d01803000       mov      u14, r1
  76: 8a058082               rcp      $r1, $r0
  7a: ba09802a2830           ffma     $r2, $r0.neg, $r1, 1.0
  80: ba89c42228820200       ffma     $r2, ^r2, $r1, $r1
  88: 8205c4422cc4200c       csel     $r1, ^r2, ^r2, ^r2, ^r1, feq
  90: ba01c02a2830           ffma     $r0, ^r0.neg, $r1, 1.0
  96: ba81c02228820200       ffma     $r0, ^r0, $r1, $r1
  9e: 0201c0022cc0200c       csel     r0, ^r0, ^r0, ^r0, ^r1, feq
  a6: c500e03d01803000       mov      u15, r0
  ae: c520003d0280f000       mov      du16, dr4
  b6: 0501f00d01c81200       load     r0, du0, 31, lsl 2, i32, x, a
  be: 3800                   wait     a
  c0: 1200c01200010110       csel     r0l, ^r0, 1, 1, 0, ieq
  c8: c500403d02801000       mov      u18l, r0l
  d0: 0501140d00c8f200       load     r0_r1_r2_r3, du2, 1, lsl 2, i32, xyzw, a
  d8: 3800                   wait     a
  da: 0511104d08c01200       load     r2, du0, 129, i32, x, b
  e2: 3801                   wait     b
  e4: 0519400600c01200       load     r3, dr0, r2, i32, x, a
  ec: 3800                   wait     a
  ee: c518603d02803000       mov      u19, r3
  f6: c510803d02803000       mov      u20, r2
  fe: c500c03d0280f000       mov      du22, dr0
 106: 0501100d04c41200       load     r0, du0, 65, lsl 1, i32, x, a
 10e: 3800                   wait     a
 110: c500003d03803000       mov      u24, r0
 118: 0501340d00c8f200       load     r0_r1_r2_r3, du2, 3, lsl 2, i32, xyzw, a
 120: 3800                   wait     a
 122: c500403d0380f000       mov      du26, dr0
 12a: 0501900d00c43200       load     r0_r1, du0, 9, lsl 1, i32, xy, a
 132: 3800                   wait     a
 134: 0501004500c07200       load     r0_r1_r2, dr0, 0, i32, xyz, b
 13c: 3801                   wait     b
 13e: c500803d0380f000       mov      du28, dr0
 146: c510c03d03803000       mov      u30, r2
 14e: 8800                   stop
