original_deadline_utc=2026-09-13T04:33:27Z original_deadline_epoch=1789274007 launch_epoch=1789273498 timeout_seconds=494
lock_acquired=true utc=2026-09-13T04:24:58Z pid=3301220
host=jwm1-linux
kernel=7.1.6-1-1-ARCH
tree_commit=6b1ac0296ba65a8e0075171ca9451e222ddff06b
tree_status=0
wheel=/home/joshuawarren/src/mlx-bf16-grouped-candidate-6b1ac029/dist/mlx_omarchy-0.32.2.dev202609130004+6b1ac029-cp314-cp314-linux_aarch64.whl
wheel_sha256=fb4b96b0e52de3a07d62fea6766baa24f409b0b6b32afef1fd5f365e246e1c50
model_snapshot=56d07e766edd7159fbe12ed12d9cf114bf38bf1e
compile_mode=MLX_DISABLE_COMPILE=1
mesa-honeykrisp-omarchy 26.3.0.devel.hk6f6afc8-1
Filesystem     1024-blocks      Used Available Capacity Mounted on
/dev/nvme0n1p5   467222528 158187536 306477040      35% /home
tmpfs              7924032   7644896    279136      97% /tmp
{"device_info": {"api_version": "1.4.359", "architecture": "honeykrisp", "cooperative_matrix_f32_8": 1, "device_id": 0, "device_name": "Apple M1 (G13G B1)", "driver": "Mesa Honeykrisp", "driver_version": 109060195, "host_visible_coherent": 1, "max_compute_shared_memory_size": 32768, "max_compute_work_group_invocations": 1024, "max_compute_work_group_size_x": 1024, "max_storage_buffer_range": 2147483647, "shader_float16": 1, "shader_int16": 1, "shader_int64": 1, "storage_buffer_16bit_access": 1, "timestamp_period_ns": 1, "total_memory": 8113881088, "unified_memory": 1, "vendor_id": 65541}, "mlx_version": "0.32.2.dev202609130004+6b1ac029"}
quiet_sample=1 load=0.00
quiet_sample=2 load=0.00
quiet_sample=3 load=0.00
probe_start mode=control label=short-1 utc=2026-09-13T04:25:38Z
probe_end mode=control label=short-1 rc=0 utc=2026-09-13T04:25:42Z
probe_start mode=control label=longctx-1 utc=2026-09-13T04:25:42Z
probe_end mode=control label=longctx-1 rc=0 utc=2026-09-13T04:25:48Z
probe_start mode=control label=longctx-2 utc=2026-09-13T04:25:48Z
probe_end mode=control label=longctx-2 rc=0 utc=2026-09-13T04:25:54Z
probe_start mode=control label=short-2 utc=2026-09-13T04:25:54Z
probe_end mode=control label=short-2 rc=0 utc=2026-09-13T04:25:58Z
probe_start mode=control label=short-3 utc=2026-09-13T04:25:58Z
probe_end mode=control label=short-3 rc=0 utc=2026-09-13T04:26:01Z
probe_start mode=control label=longctx-3 utc=2026-09-13T04:26:01Z
probe_end mode=control label=longctx-3 rc=0 utc=2026-09-13T04:26:07Z
probe_start mode=cpu label=short-1 utc=2026-09-13T04:26:07Z
probe_end mode=cpu label=short-1 rc=0 utc=2026-09-13T04:26:10Z
probe_start mode=cpu label=longctx-1 utc=2026-09-13T04:26:10Z
probe_end mode=cpu label=longctx-1 rc=0 utc=2026-09-13T04:26:17Z
probe_start mode=cpu label=longctx-2 utc=2026-09-13T04:26:17Z
probe_end mode=cpu label=longctx-2 rc=0 utc=2026-09-13T04:26:23Z
probe_start mode=cpu label=short-2 utc=2026-09-13T04:26:23Z
probe_end mode=cpu label=short-2 rc=0 utc=2026-09-13T04:26:26Z
probe_start mode=cpu label=short-3 utc=2026-09-13T04:26:26Z
probe_end mode=cpu label=short-3 rc=0 utc=2026-09-13T04:26:30Z
probe_start mode=cpu label=longctx-3 utc=2026-09-13T04:26:30Z
probe_end mode=cpu label=longctx-3 rc=0 utc=2026-09-13T04:26:36Z
perf_start label=short utc=2026-09-13T04:26:36Z
perf_end label=short rc=0 utc=2026-09-13T04:26:40Z
{"end_s": 524124.256756345, "flat_report_bytes": 544931, "label": "short", "scoped_stack_bytes": 1353651, "start_s": 524123.282369849}
perf_start label=longctx utc=2026-09-13T04:26:40Z
perf_end label=longctx rc=0 utc=2026-09-13T04:26:47Z
{"end_s": 524131.310237728, "flat_report_bytes": 634435, "label": "longctx", "scoped_stack_bytes": 1710863, "start_s": 524130.064420294}
compiled_bf16_refusal_rc=1
{"control_longctx_minus_short_ms_per_token": 8.775324612270502, "control_non_cpu_residual_delta_ms_per_token": 4.620586192915667, "instrument_overhead_delta_ms_per_token": -0.06176687033501693, "instrumented_longctx_minus_short_ms_per_token": 8.713557741935485, "process_cpu_longctx_minus_short_ms_per_token": 4.154738419354835}
LONGCTX_ATTRIBUTION_WINDOW_VALID
{"device_info": {"api_version": "1.4.359", "architecture": "honeykrisp", "cooperative_matrix_f32_8": 1, "device_id": 0, "device_name": "Apple M1 (G13G B1)", "driver": "Mesa Honeykrisp", "driver_version": 109060195, "host_visible_coherent": 1, "max_compute_shared_memory_size": 32768, "max_compute_work_group_invocations": 1024, "max_compute_work_group_size_x": 1024, "max_storage_buffer_range": 2147483647, "shader_float16": 1, "shader_int16": 1, "shader_int64": 1, "storage_buffer_16bit_access": 1, "timestamp_period_ns": 1, "total_memory": 8113881088, "unified_memory": 1, "vendor_id": 65541}, "device_reopen": true}
WINDOW_COMPLETE result_dir=/home/joshuawarren/longctx-cost-window-20260913T042458Z
CHILD_PIDS_CLEAR
lock_released=true utc=2026-09-13T04:26:49Z rc=0 result_dir=/home/joshuawarren/longctx-cost-window-20260913T042458Z
