== accuracy harness on cand (f16-staged kernel) ==
{"layer": "q_896x896", "m": 1053, "k": 896, "n": 896, "max_abs_err_vs_ref": 0.002041952102445066, "mean_abs_err_vs_ref": 0.0001083786230545948, "max_abs_err_vs_refw16": 0.0019517375621944666, "mean_abs_err_vs_refw16": 8.70647070624511e-05, "outputs": 943488, "f16_flips_vs_rne16_ref": 273516, "exact_vs_rne16_refw16": 941728, "exact_frac_vs_metal_model": 0.9981345814679148}
{"layer": "v_896x128", "m": 1053, "k": 896, "n": 128, "max_abs_err_vs_ref": 0.0010895190644077957, "mean_abs_err_vs_ref": 9.751059233461681e-05, "max_abs_err_vs_refw16": 0.0009741412359289825, "mean_abs_err_vs_refw16": 7.77713831902808e-05, "outputs": 134784, "f16_flips_vs_rne16_ref": 39321, "exact_vs_rne16_refw16": 134548, "exact_frac_vs_metal_model": 0.9982490503323836}
{"layer": "down_4864x896", "m": 1053, "k": 4864, "n": 896, "max_abs_err_vs_ref": 0.0025706160740810446, "mean_abs_err_vs_ref": 0.0002012202110064157, "max_abs_err_vs_refw16": 0.0027423585634096526, "mean_abs_err_vs_refw16": 0.00016123661735667754, "outputs": 943488, "f16_flips_vs_rne16_ref": 280345, "exact_vs_rne16_refw16": 939184, "exact_frac_vs_metal_model": 0.9954382037715371}
Traceback (most recent call last):
  File "/tmp/qmm_f16_accuracy.py", line 124, in <module>
    main()
    ~~~~^^
  File "/tmp/qmm_f16_accuracy.py", line 88, in main
    w, s, b = load_layer(prefix)
              ~~~~~~~~~~^^^^^^^^
  File "/tmp/qmm_f16_accuracy.py", line 53, in load_layer
    assert {"weight", "scales", "biases"} <= set(weights), weights.keys()
           ^^^^^^^^^^^^^^^^^^^^^^^^^^^^^^^^^^^^^^^^^^^^^^
AssertionError: dict_keys([])
== shapes bench on cand (coopmat route) ==
{"m": 262, "k": 896, "n": 128, "median_ms": 0.6730759923812002, "gflop_s": 89.2863698605432, "digest": "1c37a4f0fe232b2e"}
{"m": 262, "k": 896, "n": 896, "median_ms": 0.9616985043976456, "gflop_s": 437.42979954355627, "digest": "e38a9ea5719a4fd0"}
{"m": 262, "k": 4864, "n": 896, "median_ms": 2.7666784881148487, "gflop_s": 825.4184451898633, "digest": "47e62a0dd04667ba"}
{"m": 262, "k": 896, "n": 9728, "median_ms": 4.911071970127523, "gflop_s": 930.0077335012875, "digest": "ed821227d9b54917"}
{"m": 1053, "k": 896, "n": 128, "median_ms": 1.3919640041422099, "gflop_s": 173.51952154024508, "digest": "974bfdd5f50a88ae"}
{"m": 1053, "k": 896, "n": 896, "median_ms": 1.8742504762485623, "gflop_s": 902.083535485668, "digest": "d831ffff29d15509"}
{"m": 1053, "k": 4864, "n": 896, "median_ms": 9.219400497386232, "gflop_s": 995.5366692879978, "digest": "ba78147c754e7c5c"}
{"m": 1053, "k": 896, "n": 9728, "median_ms": 18.724651483353227, "gflop_s": 980.3388086725928, "digest": "e92ac15482d35556"}
== shapes bench on cand (NO_COOPMAT cross-check) ==
{"m": 262, "k": 896, "n": 128, "median_ms": 0.7291795045603067, "gflop_s": 82.41662255199842, "digest": "702854d2ec7eae1c"}
{"m": 262, "k": 896, "n": 896, "median_ms": 2.2458715247921646, "gflop_s": 187.31061833064106, "digest": "640324f2e816f8ba"}
{"m": 262, "k": 4864, "n": 896, "median_ms": 11.663540499284863, "gflop_s": 195.7953895851796, "digest": "0f18d44c925e7d69"}
{"m": 262, "k": 896, "n": 9728, "median_ms": 20.555652532493696, "gflop_s": 222.19362313018806, "digest": "740492f71c7ff366"}
{"m": 1053, "k": 896, "n": 128, "median_ms": 1.4868800062686205, "gflop_s": 162.44278420700246, "digest": "7b0f53edbe368108"}
{"m": 1053, "k": 896, "n": 896, "median_ms": 6.511408486403525, "gflop_s": 259.65664718016313, "digest": "b941a0357416149a"}
{"m": 1053, "k": 4864, "n": 896, "median_ms": 37.05949449795298, "gflop_s": 247.66261354447155, "digest": "653b69d420d5d7ba"}
{"m": 1053, "k": 896, "n": 9728, "median_ms": 76.62410699413158, "gflop_s": 239.56563081910855, "digest": "94f0d6548ee0c402"}
== shapes bench on base (f32-staged coopmat) ==
{"m": 262, "k": 896, "n": 128, "median_ms": 0.7032425201032311, "gflop_s": 85.45631170194068, "digest": "702854d2ec7eae1c"}
{"m": 262, "k": 896, "n": 896, "median_ms": 0.9532399708405137, "gflop_s": 441.31131390668793, "digest": "640324f2e816f8ba"}
{"m": 262, "k": 4864, "n": 896, "median_ms": 2.789824007777497, "gflop_s": 818.5704365700383, "digest": "0f18d44c925e7d69"}
{"m": 262, "k": 896, "n": 9728, "median_ms": 5.278276512399316, "gflop_s": 865.3080037149954, "digest": "740492f71c7ff366"}
{"m": 1053, "k": 896, "n": 128, "median_ms": 1.4721509942319244, "gflop_s": 164.06803985892537, "digest": "396531bfc68b59c8"}
{"m": 1053, "k": 896, "n": 896, "median_ms": 1.9681449921336025, "gflop_s": 859.047734164714, "digest": "4f2d4ca0aad1cab1"}
{"m": 1053, "k": 4864, "n": 896, "median_ms": 9.566729509970173, "gflop_s": 959.392784591086, "digest": "9f46cfe5e224aba3"}
{"m": 1053, "k": 896, "n": 9728, "median_ms": 19.205666496418417, "gflop_s": 955.7857589281385, "digest": "702f39f78cff959a"}
== accuracy harness on base (f32-staged kernel) ==
{"layer": "q_896x896", "m": 1053, "k": 896, "n": 896, "max_abs_err_vs_ref": 0.0019374510738998652, "mean_abs_err_vs_ref": 8.706060515486481e-05, "max_abs_err_vs_refw16": 0.0021359928650781512, "mean_abs_err_vs_refw16": 0.00010843414404615033, "outputs": 943488, "f16_flips_vs_rne16_ref": 1874, "exact_vs_rne16_refw16": 669927, "exact_frac_vs_metal_model": 0.710053545991046}
{"layer": "v_896x128", "m": 1053, "k": 896, "n": 128, "max_abs_err_vs_ref": 0.0009749863966135308, "mean_abs_err_vs_ref": 7.79371565037406e-05, "max_abs_err_vs_refw16": 0.0010150051093660295, "mean_abs_err_vs_refw16": 9.742681134716537e-05, "outputs": 134784, "f16_flips_vs_rne16_ref": 263, "exact_vs_rne16_refw16": 95467, "exact_frac_vs_metal_model": 0.7082962369420702}
{"layer": "down_4864x896", "m": 1053, "k": 4864, "n": 896, "max_abs_err_vs_ref": 0.0023949632450239733, "mean_abs_err_vs_ref": 0.00016114525898787906, "max_abs_err_vs_refw16": 0.0027423585634096526, "mean_abs_err_vs_refw16": 0.00020127808929505827, "outputs": 943488, "f16_flips_vs_rne16_ref": 4388, "exact_vs_rne16_refw16": 663035, "exact_frac_vs_metal_model": 0.7027487366029033}
Traceback (most recent call last):
  File "/tmp/qmm_f16_accuracy.py", line 124, in <module>
    main()
    ~~~~^^
  File "/tmp/qmm_f16_accuracy.py", line 88, in main
    w, s, b = load_layer(prefix)
              ~~~~~~~~~~^^^^^^^^
  File "/tmp/qmm_f16_accuracy.py", line 53, in load_layer
    assert {"weight", "scales", "biases"} <= set(weights), weights.keys()
           ^^^^^^^^^^^^^^^^^^^^^^^^^^^^^^^^^^^^^^^^^^^^^^
AssertionError: dict_keys([])
WINDOW_A2_DONE
