== prepare upstream tree ==
patching file CMakeLists.txt
patching file mlx/CMakeLists.txt
patching file tests/CMakeLists.txt
patching file mlx/transforms.cpp
patching file setup.py
patching file mlx/io/safetensors.cpp
patching file mlx/io/load.cpp
patching file mlx/export.cpp
patching file mlx/linalg.cpp
patching file python/src/buffer.h
patching file mlx/ops.cpp
Hunk #2 succeeded at 5051 (offset 1 line).
patching file mlx/backend/cpu/distributed.cpp
patching file mlx/fast.cpp
patching file setup.py
/home/joshuawarren/src/mlx-DecodeSdpaNative/.work/mlx
== build venv (/home/joshuawarren/src/mlx-DecodeSdpaNative/.work/venv-build) ==
== wheel build ==
Processing ./.work/mlx
  Preparing metadata (pyproject.toml): started
  Preparing metadata (pyproject.toml): finished with status 'done'
Building wheels for collected packages: mlx-omarchy
  Building wheel for mlx-omarchy (pyproject.toml): started
  Building wheel for mlx-omarchy (pyproject.toml): still running...
  Building wheel for mlx-omarchy (pyproject.toml): still running...
  Building wheel for mlx-omarchy (pyproject.toml): finished with status 'done'
  Created wheel for mlx-omarchy: filename=mlx_omarchy-0.32.2.dev202609101234+diag.da63329-cp314-cp314-linux_aarch64.whl size=7455833 sha256=0d6e137f25961ec8acec44841e29f58ea0812eecbe79cd22548f383b162de84b
  Stored in directory: /tmp/pip-ephem-wheel-cache-rp2bruqb/wheels/09/27/65/f3750bda242f591df69910175c3d4f2b36575558b68269aea9
Successfully built mlx-omarchy
== diagnostics staging ==
[receipt] profiling harness: compiled IN (MLX_OMARCHY_GPU_PROFILE literal found in wheel)
[receipt] staged tool: /home/joshuawarren/src/mlx-DecodeSdpaNative/dist/mlx-omarchy-info
== receipt ==
[receipt] wheel: /home/joshuawarren/src/mlx-DecodeSdpaNative/dist/mlx_omarchy-0.32.2.dev202609101234+diag.da63329-cp314-cp314-linux_aarch64.whl
[receipt] size: 7455833 bytes
[receipt] sha256: 0d6e137f25961ec8acec44841e29f58ea0812eecbe79cd22548f383b162de84b
[receipt] source commit: da63329
[receipt] NEXT STEP - do not skip: after you upload this wheel to a
[receipt] release, verify the UPLOADED asset with
[receipt]   python3 scripts/verify-release-assets.py <tag>
[receipt] It must print VERIFIED before the release is announced as
[receipt] usable. See docs/release.md. A local build check does not
[receipt] verify what users download.
