[provenance] llvmpipe detected: raising submit no-progress window to 900 s for jumbo prefill-shape dispatches
[doctest] doctest version is "2.4.12"
[doctest] run with "--help" for options
[provenance] cooperative_matrix_f32_8=0 subgroup_size=8 -> gated shapes run MatmulF32 (16x16 tile)
[matmul-f32] cube8 1x8x8x8 a b path=tiled max_abs_err=0
[matmul-f32] cube8 1x8x8x8 a bT path=tiled max_abs_err=0
[matmul-f32] cube8 1x8x8x8 aT b path=tiled max_abs_err=0
[matmul-f32] cube8 1x8x8x8 aT bT path=tiled max_abs_err=0
[matmul-f32] cube64 1x64x64x64 a b path=tiled max_abs_err=0
[matmul-f32] cube64 1x64x64x64 a bT path=tiled max_abs_err=0
[matmul-f32] cube64 1x64x64x64 aT b path=tiled max_abs_err=0
[matmul-f32] cube64 1x64x64x64 aT bT path=tiled max_abs_err=0
[matmul-f32] cube128 1x128x128x128 a b path=tiled max_abs_err=0
[matmul-f32] cube128 1x128x128x128 a bT path=tiled max_abs_err=0
[matmul-f32] cube128 1x128x128x128 aT b path=tiled max_abs_err=0
[matmul-f32] cube128 1x128x128x128 aT bT path=tiled max_abs_err=0
[matmul-f32] batched4x32 4x32x32x32 a b path=tiled max_abs_err=0
[matmul-f32] batched4x32 4x32x32x32 a bT path=tiled max_abs_err=0
[matmul-f32] batched4x32 4x32x32x32 aT b path=tiled max_abs_err=0
[matmul-f32] batched4x32 4x32x32x32 aT bT path=tiled max_abs_err=0
[matmul-f32] odd17x23x19 1x17x23x19 a b path=tiled max_abs_err=0
[matmul-f32] odd17x23x19 1x17x23x19 a bT path=tiled max_abs_err=0
[matmul-f32] odd17x23x19 1x17x23x19 aT b path=tiled max_abs_err=0
[matmul-f32] odd17x23x19 1x17x23x19 aT bT path=tiled max_abs_err=0
[matmul-f32] slice col4 32x40x24 path=tiled max_abs_err=0
[matmul-f32] slice col5 32x40x24 path=tiled max_abs_err=0
[provenance] cooperative_matrix_f32_8=0 subgroup_size=8
[matmul-bf16] tail-m8 1x8x8x8 a b max_abs_err=0
[matmul-bf16] tail-m8 1x8x8x8 a bT max_abs_err=0
[matmul-bf16] tail-m8 1x8x8x8 aT b max_abs_err=0
[matmul-bf16] tail-m8 1x8x8x8 aT bT max_abs_err=0
[matmul-bf16] tail-m9 1x9x8x8 a b max_abs_err=0
[matmul-bf16] tail-m9 1x9x8x8 a bT max_abs_err=0
[matmul-bf16] tail-m9 1x9x8x8 aT b max_abs_err=0
[matmul-bf16] tail-m9 1x9x8x8 aT bT max_abs_err=0
[matmul-bf16] tail-m33-n40 1x33x8x40 a b max_abs_err=0
[matmul-bf16] tail-m33-n40 1x33x8x40 a bT max_abs_err=0
[matmul-bf16] tail-m33-n40 1x33x8x40 aT b max_abs_err=0
[matmul-bf16] tail-m33-n40 1x33x8x40 aT bT max_abs_err=0
[matmul-bf16] tile32 1x32x32x32 a b max_abs_err=0
[matmul-bf16] tile32 1x32x32x32 a bT max_abs_err=0
[matmul-bf16] tile32 1x32x32x32 aT b max_abs_err=0
[matmul-bf16] tile32 1x32x32x32 aT bT max_abs_err=0
[matmul-bf16] tail-m17-k24-n34 1x17x24x34 a b max_abs_err=0
[matmul-bf16] tail-m17-k24-n34 1x17x24x34 a bT max_abs_err=0
[matmul-bf16] tail-m17-k24-n34 1x17x24x34 aT b max_abs_err=0
[matmul-bf16] tail-m17-k24-n34 1x17x24x34 aT bT max_abs_err=0
[matmul-bf16] batch2 2x40x8x40 a b max_abs_err=0
[matmul-bf16] batch2 2x40x8x40 a bT max_abs_err=0
[matmul-bf16] batch2 2x40x8x40 aT b max_abs_err=0
[matmul-bf16] batch2 2x40x8x40 aT bT max_abs_err=0
[matmul-bf16] single-row 1x1x8x8 a b max_abs_err=0
[matmul-bf16] single-row 1x1x8x8 a bT max_abs_err=0
[matmul-bf16] single-row 1x1x8x8 aT b max_abs_err=0
[matmul-bf16] single-row 1x1x8x8 aT bT max_abs_err=0
[matmul-bf16] k12 1x17x12x34 a b max_abs_err=0
[matmul-bf16] k12 1x17x12x34 a bT max_abs_err=0
[matmul-bf16] k12 1x17x12x34 aT b max_abs_err=0
[matmul-bf16] k12 1x17x12x34 aT bT max_abs_err=0
[matmul-bf16] odd-n 1x17x8x17 a b max_abs_err=0
[matmul-bf16] odd-n 1x17x8x17 a bT max_abs_err=0
[matmul-bf16] odd-n 1x17x8x17 aT b max_abs_err=0
[matmul-bf16] odd-n 1x17x8x17 aT bT max_abs_err=0
[matmul-bf16] model 1x30x896x896 a b max_abs_err=0
[matmul-bf16] model 1x30x896x896 a bT max_abs_err=0
[matmul-bf16] model 1x30x896x896 aT b max_abs_err=0
[matmul-bf16] model 1x30x896x896 aT bT max_abs_err=0
[matmul-bf16] slice col4 32x40x24 max_abs_err=0
[matmul-bf16] slice col5 32x40x24 max_abs_err=0
[matmul-bf16] fractional 33x24x40 bound=0.223371 max_abs_err=0 partial_max=27.5858
[provenance] subgroup_size=8 decode_gemv_path=tile-fallback
[matmul-bf16-decode] q_proj 1x896x896 bT bound=0.951154 max_abs_err_vs_f64=0.249916 partial_max=119.785
[matmul-bf16-decode] k_proj 1x896x128 bT bound=0.971454 max_abs_err_vs_f64=0.238678 partial_max=122.363
[matmul-bf16-decode] v_proj 1x896x128 bT bound=0.944806 max_abs_err_vs_f64=0.235962 partial_max=118.979
[matmul-bf16-decode] o_proj 1x896x896 bT bound=1.21412 max_abs_err_vs_f64=0.249832 partial_max=153.177
[matmul-bf16-decode] gate_proj 1x896x4864 bT bound=1.16581 max_abs_err_vs_f64=0.444153 partial_max=147.043
[matmul-bf16-decode] down_proj 1x4864x896 bT bound=2.7885 max_abs_err_vs_f64=0.88681 partial_max=341.552
[matmul-bf16-decode] lm_head 1x896x151936 bT bound=1.47104 max_abs_err_vs_f64=0.498627 partial_max=185.8
[matmul-bf16-decode] cancel896x128 1x896x128 bT bound=0.0383173 max_abs_err_vs_f64=0.00150871 partial_max=3.87349
[matmul-bf16-decode] fallback-k832 1x832x896 bT bound=1.0286 max_abs_err_vs_f64=0.310394 partial_max=129.69
[matmul-bf16-decode] fallback-n897 1x896x897 bT bound=1.00833 max_abs_err_vs_f64=0.247955 partial_max=127.045
Skipping: subgroup size != 32 or no ARITHMETIC; subgroup variant unrunnable on this device
[qmm-rb-word] m=2 n=7 k=64 candidate_vs_baseline_max=0 candidate_vs_host_max=0.00719643 baseline_vs_host_max=0.00719643 bound=0.025325
[qmm-rb-word] m=15 n=17 k=192 candidate_vs_baseline_max=0 candidate_vs_host_max=0.0147629 baseline_vs_host_max=0.0147629 bound=0.0594667
[qmm-rb-word] m=32 n=32 k=128 candidate_vs_baseline_max=0 candidate_vs_host_max=0.0153732 baseline_vs_host_max=0.0153732 bound=0.0515481
[qmm-rb-word] m=33 n=17 k=64 candidate_vs_baseline_max=0 candidate_vs_host_max=0.0130997 baseline_vs_host_max=0.0130997 bound=0.0350047
[provenance] cooperative_matrix_f32_8=0 subgroup_size=8 -> f16 q4/g64 prefill runs QmmTileRbF16
[qmm-coopmat] kernel=QmmTileRbF16 m=8 n=896 k=896 max_abs_err=0.0602875 rel_err=0.000368129 bound=0.264921
[qmm-coopmat] kernel=QmmTileRbF16 m=32 n=896 k=896 max_abs_err=0.0607452 rel_err=0.000382647 bound=0.256805
[qmm-coopmat] kernel=QmmTileRbF16 m=262 n=896 k=896 max_abs_err=0.0624542 rel_err=0.000311881 bound=0.323938
[qmm-coopmat] kernel=QmmTileRbF16 m=1053 n=896 k=896 max_abs_err=0.0623932 rel_err=0.000318943 bound=0.316457
[qmm-coopmat] kernel=QmmTileRbF16 m=8 n=4864 k=896 max_abs_err=0.0622406 rel_err=0.000378296 bound=0.266153
[qmm-coopmat] kernel=QmmTileRbF16 m=32 n=4864 k=896 max_abs_err=0.0623932 rel_err=0.000331438 bound=0.304526
[qmm-coopmat] kernel=QmmTileRbF16 m=262 n=4864 k=896 max_abs_err=0.0623932 rel_err=0.000287526 bound=0.351034
[qmm-coopmat] kernel=QmmTileRbF16 m=1053 n=4864 k=896 max_abs_err=0.062561 rel_err=0.000315917 bound=0.320348
[qmm-coopmat] kernel=QmmTileRbF16 m=8 n=896 k=4864 max_abs_err=0.121582 rel_err=0.000334246 bound=1.6208
[qmm-coopmat] kernel=QmmTileRbF16 m=32 n=896 k=4864 max_abs_err=0.124359 rel_err=0.000322766 bound=1.71678
[qmm-coopmat] kernel=QmmTileRbF16 m=262 n=896 k=4864 max_abs_err=0.124695 rel_err=0.000302976 bound=1.83386
[qmm-coopmat] kernel=QmmTileRbF16 m=1053 n=896 k=4864 max_abs_err=0.125641 rel_err=0.000276227 bound=2.02671
[qmm-coopmat] kernel=QmmTileRbF16 m=8 n=128 k=896 max_abs_err=0.0312576 rel_err=0.000225845 bound=0.22389
[qmm-coopmat] kernel=QmmTileRbF16 m=32 n=128 k=896 max_abs_err=0.0474854 rel_err=0.00032322 bound=0.237658
[qmm-coopmat] kernel=QmmTileRbF16 m=262 n=128 k=896 max_abs_err=0.0619354 rel_err=0.000350882 bound=0.285541
[qmm-coopmat] kernel=QmmTileRbF16 m=1053 n=128 k=896 max_abs_err=0.0617523 rel_err=0.000331307 bound=0.301518
[provenance] cooperative_matrix_f32_8=0 subgroup_size=8 -> offset-parity repro is inert without coopmat support
[qmm-offset-parity] coopmat_device=0 m=64 n=896 k=896 mismatches=0 aligned_diff=0.0606689 odd_diff=0.0606689 bound=0.272173
===============================================================================
[doctest] test cases:       21 |       21 passed | 0 failed | 0 skipped
[doctest] assertions: 21062091 | 21062091 passed | 0 failed |
[doctest] Status: SUCCESS!
