== prepare upstream tree ==
  % Total    % Received % Xferd  Average Speed  Time    Time    Time   Current
                                 Dload  Upload  Total   Spent   Left   Speed
  0      0   0      0   0      0      0      0                              0  0      0   0      0   0      0      0      0                              0  0      0   0      0   0      0      0      0                              0
  0      0   0      0   0      0      0      0                              0100  4.20M   0  4.20M   0      0  3.91M      0           00:01              0100  4.20M   0  4.20M   0      0  3.91M      0           00:01              0100  4.20M   0  4.20M   0      0  3.91M      0           00:01              0
patching file CMakeLists.txt
patching file mlx/CMakeLists.txt
patching file tests/CMakeLists.txt
patching file setup.py
patching file mlx/io/safetensors.cpp
patching file mlx/io/load.cpp
patching file mlx/export.cpp
patching file mlx/linalg.cpp
patching file python/src/buffer.h
patching file mlx/ops.cpp
Hunk #2 succeeded at 5051 (offset 1 line).
patching file mlx/backend/cpu/distributed.cpp
patching file mlx/fast.cpp
patching file setup.py
/home/joshuawarren/src/mlx-batch1024-screen/.work/mlx
== build venv (/home/joshuawarren/src/mlx-batch1024-screen/.work/venv-build) ==
Traceback (most recent call last):
  File "<stdin>", line 1, in <module>
ModuleNotFoundError: No module named 'setuptools'
Collecting setuptools>=80
  Using cached setuptools-84.0.0-py3-none-any.whl.metadata (6.6 kB)
Requirement already satisfied: typing_extensions in /usr/lib/python3.14/site-packages (4.16.0)
Using cached setuptools-84.0.0-py3-none-any.whl (818 kB)
Installing collected packages: setuptools
Successfully installed setuptools-84.0.0
== wheel build ==
Processing ./.work/mlx
  Preparing metadata (pyproject.toml): started
  Preparing metadata (pyproject.toml): finished with status 'done'
Building wheels for collected packages: mlx-omarchy
  Building wheel for mlx-omarchy (pyproject.toml): started
  Building wheel for mlx-omarchy (pyproject.toml): still running...
  Building wheel for mlx-omarchy (pyproject.toml): still running...
  Building wheel for mlx-omarchy (pyproject.toml): finished with status 'done'
  Created wheel for mlx-omarchy: filename=mlx_omarchy-0.32.2.dev202609090427+798bd6e-cp314-cp314-linux_aarch64.whl size=7356824 sha256=325e229011bfaae6ee46832eb6ae2222ff72ae4a6ca9a4022a8b92e0c67cfa7a
  Stored in directory: /tmp/pip-ephem-wheel-cache-m04wcsk6/wheels/45/f8/ca/6e73aad8ae00127ee342d0631f1018e581b401a3ab62804950
Successfully built mlx-omarchy
== receipt ==
[receipt] wheel: /home/joshuawarren/src/mlx-batch1024-screen/dist/mlx_omarchy-0.32.2.dev202609090427+798bd6e-cp314-cp314-linux_aarch64.whl
[receipt] size: 7356824 bytes
[receipt] sha256: 325e229011bfaae6ee46832eb6ae2222ff72ae4a6ca9a4022a8b92e0c67cfa7a
[receipt] source commit: 798bd6e
[receipt] NEXT STEP - do not skip: after you upload this wheel to a
[receipt] release, verify the UPLOADED asset with
[receipt]   python3 scripts/verify-release-assets.py <tag>
[receipt] It must print VERIFIED before the release is announced as
[receipt] usable. See docs/release.md. A local build check does not
[receipt] verify what users download.
