== prepare upstream tree ==
  % Total    % Received % Xferd  Average Speed  Time    Time    Time   Current
                                 Dload  Upload  Total   Spent   Left   Speed
  0      0   0      0   0      0      0      0                              0  0      0   0      0   0      0      0      0                              0  0      0   0      0   0      0      0      0                              0
  0      0   0      0   0      0      0      0                              0100  4.20M   0  4.20M   0      0  3.39M      0           00:01              0100  4.20M   0  4.20M   0      0  3.39M      0           00:01              0100  4.20M   0  4.20M   0      0  3.38M      0           00:01              0
patching file CMakeLists.txt
patching file mlx/CMakeLists.txt
patching file tests/CMakeLists.txt
patching file mlx/transforms.cpp
patching file setup.py
patching file mlx/io/safetensors.cpp
patching file mlx/io/load.cpp
patching file mlx/export.cpp
patching file mlx/linalg.cpp
patching file python/src/buffer.h
patching file mlx/ops.cpp
Hunk #2 succeeded at 5051 (offset 1 line).
patching file mlx/backend/cpu/distributed.cpp
patching file mlx/fast.cpp
patching file setup.py
/home/joshuawarren/src/mlx-prefill-qmm-native/.work/mlx
== build venv (/home/joshuawarren/src/mlx-prefill-qmm-native/.work/venv-build) ==
Traceback (most recent call last):
  File "<stdin>", line 1, in <module>
ModuleNotFoundError: No module named 'setuptools'
Collecting setuptools>=80
  Using cached setuptools-84.0.0-py3-none-any.whl.metadata (6.6 kB)
Requirement already satisfied: typing_extensions in /usr/lib/python3.14/site-packages (4.16.0)
Using cached setuptools-84.0.0-py3-none-any.whl (818 kB)
Installing collected packages: setuptools
Successfully installed setuptools-84.0.0
== wheel build ==
Processing ./.work/mlx
  Preparing metadata (pyproject.toml): started
  Preparing metadata (pyproject.toml): finished with status 'done'
Building wheels for collected packages: mlx-omarchy
  Building wheel for mlx-omarchy (pyproject.toml): started
  Building wheel for mlx-omarchy (pyproject.toml): still running...
  Building wheel for mlx-omarchy (pyproject.toml): still running...
  Building wheel for mlx-omarchy (pyproject.toml): finished with status 'done'
  Created wheel for mlx-omarchy: filename=mlx_omarchy-0.32.2.dev202609101736+diag.a4118f8-cp314-cp314-linux_aarch64.whl size=7455697 sha256=3f8f1babad5684a168d2b5f15e24cb1d20dd772c8ef6b52d02ef83c5eeb373db
  Stored in directory: /tmp/pip-ephem-wheel-cache-5f0d24z7/wheels/5d/cb/4b/c71c791eafcd939ad155207d5b9921e0046f7f7d47c4fdec1a
Successfully built mlx-omarchy
== diagnostics staging ==
[receipt] profiling harness: compiled IN (MLX_OMARCHY_GPU_PROFILE literal found in wheel)
[receipt] staged tool: /home/joshuawarren/src/mlx-prefill-qmm-native/dist/mlx-omarchy-info
== receipt ==
[receipt] wheel: /home/joshuawarren/src/mlx-prefill-qmm-native/dist/mlx_omarchy-0.32.2.dev202609101736+diag.a4118f8-cp314-cp314-linux_aarch64.whl
[receipt] size: 7455697 bytes
[receipt] sha256: 3f8f1babad5684a168d2b5f15e24cb1d20dd772c8ef6b52d02ef83c5eeb373db
[receipt] source commit: a4118f8
[receipt] NEXT STEP - do not skip: after you upload this wheel to a
[receipt] release, verify the UPLOADED asset with
[receipt]   python3 scripts/verify-release-assets.py <tag>
[receipt] It must print VERIFIED before the release is announced as
[receipt] usable. See docs/release.md. A local build check does not
[receipt] verify what users download.
