[doctest] doctest version is "2.4.12"
[doctest] run with "--help" for options
[provenance] cooperative_matrix_f32_8=1 subgroup_size=32 -> gated shapes run MatmulBF16Coopmat
[matmul-bf16] tail-m8 1x8x8x8 a b path=coopmat max_abs_err=0
[matmul-bf16] tail-m8 1x8x8x8 a bT path=coopmat max_abs_err=0
[matmul-bf16] tail-m8 1x8x8x8 aT b path=coopmat max_abs_err=0
[matmul-bf16] tail-m8 1x8x8x8 aT bT path=coopmat max_abs_err=0
[matmul-bf16] tail-m9 1x9x8x8 a b path=coopmat max_abs_err=0
[matmul-bf16] tail-m9 1x9x8x8 a bT path=coopmat max_abs_err=0
[matmul-bf16] tail-m9 1x9x8x8 aT b path=coopmat max_abs_err=0
[matmul-bf16] tail-m9 1x9x8x8 aT bT path=coopmat max_abs_err=0
[matmul-bf16] tail-m33-n40 1x33x8x40 a b path=coopmat max_abs_err=0
[matmul-bf16] tail-m33-n40 1x33x8x40 a bT path=coopmat max_abs_err=0
[matmul-bf16] tail-m33-n40 1x33x8x40 aT b path=coopmat max_abs_err=0
[matmul-bf16] tail-m33-n40 1x33x8x40 aT bT path=coopmat max_abs_err=0
[matmul-bf16] tile32 1x32x32x32 a b path=coopmat max_abs_err=0
[matmul-bf16] tile32 1x32x32x32 a bT path=coopmat max_abs_err=0
[matmul-bf16] tile32 1x32x32x32 aT b path=coopmat max_abs_err=0
[matmul-bf16] tile32 1x32x32x32 aT bT path=coopmat max_abs_err=0
[matmul-bf16] tail-m17-k24-n34 1x17x24x34 a b path=coopmat max_abs_err=0
[matmul-bf16] tail-m17-k24-n34 1x17x24x34 a bT path=coopmat max_abs_err=0
[matmul-bf16] tail-m17-k24-n34 1x17x24x34 aT b path=coopmat max_abs_err=0
[matmul-bf16] tail-m17-k24-n34 1x17x24x34 aT bT path=coopmat max_abs_err=0
[matmul-bf16] batch2 2x40x8x40 a b path=coopmat max_abs_err=0
[matmul-bf16] batch2 2x40x8x40 a bT path=coopmat max_abs_err=0
[matmul-bf16] batch2 2x40x8x40 aT b path=coopmat max_abs_err=0
[matmul-bf16] batch2 2x40x8x40 aT bT path=coopmat max_abs_err=0
[matmul-bf16] refuse-m1 1x1x8x8 a b path=tiled max_abs_err=0
[matmul-bf16] refuse-m1 1x1x8x8 a bT path=tiled max_abs_err=0
[matmul-bf16] refuse-m1 1x1x8x8 aT b path=tiled max_abs_err=0
[matmul-bf16] refuse-m1 1x1x8x8 aT bT path=tiled max_abs_err=0
[matmul-bf16] refuse-k12 1x17x12x34 a b path=tiled max_abs_err=0
[matmul-bf16] refuse-k12 1x17x12x34 a bT path=tiled max_abs_err=0
[matmul-bf16] refuse-k12 1x17x12x34 aT b path=tiled max_abs_err=0
[matmul-bf16] refuse-k12 1x17x12x34 aT bT path=tiled max_abs_err=0
[matmul-bf16] refuse-odd-n 1x17x8x17 a b path=tiled max_abs_err=0
[matmul-bf16] refuse-odd-n 1x17x8x17 a bT path=tiled max_abs_err=0
[matmul-bf16] refuse-odd-n 1x17x8x17 aT b path=tiled max_abs_err=0
[matmul-bf16] refuse-odd-n 1x17x8x17 aT bT path=tiled max_abs_err=0
[matmul-bf16] model 1x30x896x896 a b path=coopmat max_abs_err=0
[matmul-bf16] model 1x30x896x896 a bT path=coopmat max_abs_err=0
[matmul-bf16] model 1x30x896x896 aT b path=coopmat max_abs_err=0
[matmul-bf16] model 1x30x896x896 aT bT path=coopmat max_abs_err=0
[matmul-bf16] model 1x30x896x4864 a b path=coopmat max_abs_err=0
[matmul-bf16] model 1x30x896x4864 a bT path=coopmat max_abs_err=0
[matmul-bf16] model 1x30x896x4864 aT b path=coopmat max_abs_err=0
[matmul-bf16] model 1x30x896x4864 aT bT path=coopmat max_abs_err=0
[matmul-bf16] model 1x30x4864x896 a b path=coopmat max_abs_err=0
[matmul-bf16] model 1x30x4864x896 a bT path=coopmat max_abs_err=0
[matmul-bf16] model 1x30x4864x896 aT b path=coopmat max_abs_err=0
[matmul-bf16] model 1x30x4864x896 aT bT path=coopmat max_abs_err=0
[matmul-bf16] model 1x30x4864x4864 a b path=coopmat max_abs_err=0
[matmul-bf16] model 1x30x4864x4864 a bT path=coopmat max_abs_err=0
[matmul-bf16] model 1x30x4864x4864 aT b path=coopmat max_abs_err=0
[matmul-bf16] model 1x30x4864x4864 aT bT path=coopmat max_abs_err=0
[matmul-bf16] model 1x262x896x896 a b path=coopmat max_abs_err=0
[matmul-bf16] model 1x262x896x896 a bT path=coopmat max_abs_err=0
[matmul-bf16] model 1x262x896x896 aT b path=coopmat max_abs_err=0
[matmul-bf16] model 1x262x896x896 aT bT path=coopmat max_abs_err=0
[matmul-bf16] model 1x262x896x4864 a b path=coopmat max_abs_err=0
[matmul-bf16] model 1x262x896x4864 a bT path=coopmat max_abs_err=0
[matmul-bf16] model 1x262x896x4864 aT b path=coopmat max_abs_err=0
[matmul-bf16] model 1x262x896x4864 aT bT path=coopmat max_abs_err=0
[matmul-bf16] model 1x262x4864x896 a b path=coopmat max_abs_err=0
[matmul-bf16] model 1x262x4864x896 a bT path=coopmat max_abs_err=0
[matmul-bf16] model 1x262x4864x896 aT b path=coopmat max_abs_err=0
[matmul-bf16] model 1x262x4864x896 aT bT path=coopmat max_abs_err=0
[matmul-bf16] model 1x262x4864x4864 a b path=coopmat max_abs_err=0
[matmul-bf16] model 1x262x4864x4864 a bT path=coopmat max_abs_err=0
[matmul-bf16] model 1x262x4864x4864 aT b path=coopmat max_abs_err=0
[matmul-bf16] model 1x262x4864x4864 aT bT path=coopmat max_abs_err=0
[matmul-bf16] model 1x1053x896x896 a b path=coopmat max_abs_err=0
[matmul-bf16] model 1x1053x896x896 a bT path=coopmat max_abs_err=0
[matmul-bf16] model 1x1053x896x896 aT b path=coopmat max_abs_err=0
[matmul-bf16] model 1x1053x896x896 aT bT path=coopmat max_abs_err=0
[matmul-bf16] model 1x1053x896x4864 a b path=coopmat max_abs_err=0
[matmul-bf16] model 1x1053x896x4864 a bT path=coopmat max_abs_err=0
[matmul-bf16] model 1x1053x896x4864 aT b path=coopmat max_abs_err=0
[matmul-bf16] model 1x1053x896x4864 aT bT path=coopmat max_abs_err=0
[matmul-bf16] model 1x1053x4864x896 a b path=coopmat max_abs_err=0
[matmul-bf16] model 1x1053x4864x896 a bT path=coopmat max_abs_err=0
[matmul-bf16] model 1x1053x4864x896 aT b path=coopmat max_abs_err=0
[matmul-bf16] model 1x1053x4864x896 aT bT path=coopmat max_abs_err=0
[matmul-bf16] model 1x1053x4864x4864 a b path=coopmat max_abs_err=0
[matmul-bf16] model 1x1053x4864x4864 a bT path=coopmat max_abs_err=0
[matmul-bf16] model 1x1053x4864x4864 aT b path=coopmat max_abs_err=0
[matmul-bf16] model 1x1053x4864x4864 aT bT path=coopmat max_abs_err=0
[matmul-bf16] slice col4 32x40x24 path=coopmat max_abs_err=0
[matmul-bf16] slice col5 32x40x24 path=tiled max_abs_err=0
[matmul-bf16] fractional 33x24x40 bound=0.17928 max_abs_err=0 partial_max=21.9433
===============================================================================
[doctest] test cases:   1 |   1 passed | 0 failed | 15 skipped
[doctest] assertions: 195 | 195 passed | 0 failed |
[doctest] Status: SUCCESS!
