== prepare upstream tree ==
patching file CMakeLists.txt
patching file mlx/CMakeLists.txt
patching file tests/CMakeLists.txt
patching file mlx/transforms.cpp
patching file setup.py
patching file mlx/io/safetensors.cpp
patching file mlx/io/load.cpp
patching file mlx/export.cpp
patching file mlx/linalg.cpp
patching file python/src/buffer.h
patching file mlx/ops.cpp
Hunk #2 succeeded at 5051 (offset 1 line).
patching file mlx/backend/cpu/distributed.cpp
patching file mlx/fast.cpp
patching file setup.py
/home/joshuawarren/src/mlx-GemvNativeForm/.work/mlx
== build venv (/home/joshuawarren/src/mlx-GemvNativeForm/.work/venv-build) ==
== wheel build ==
Processing ./.work/mlx
  Preparing metadata (pyproject.toml): started
  Preparing metadata (pyproject.toml): finished with status 'done'
Building wheels for collected packages: mlx-omarchy
  Building wheel for mlx-omarchy (pyproject.toml): started
  Building wheel for mlx-omarchy (pyproject.toml): still running...
  Building wheel for mlx-omarchy (pyproject.toml): still running...
  Building wheel for mlx-omarchy (pyproject.toml): finished with status 'done'
  Created wheel for mlx-omarchy: filename=mlx_omarchy-0.32.2.dev202609101231+28cc299-cp314-cp314-linux_aarch64.whl size=7445417 sha256=d2210ac4a910bc9df31ba76ebe868700596c441c07e41931e8ed1c82795d73d4
  Stored in directory: /tmp/pip-ephem-wheel-cache-ag9gwtdq/wheels/81/5d/35/e1c184153feb9ac1bdc4e2ee34d275b818fb97dc0235ab5d6a
Successfully built mlx-omarchy
== receipt ==
[receipt] wheel: /home/joshuawarren/src/mlx-GemvNativeForm/dist/mlx_omarchy-0.32.2.dev202609101231+28cc299-cp314-cp314-linux_aarch64.whl
[receipt] size: 7445417 bytes
[receipt] sha256: d2210ac4a910bc9df31ba76ebe868700596c441c07e41931e8ed1c82795d73d4
[receipt] source commit: 21e20a4
[receipt] NEXT STEP - do not skip: after you upload this wheel to a
[receipt] release, verify the UPLOADED asset with
[receipt]   python3 scripts/verify-release-assets.py <tag>
[receipt] It must print VERIFIED before the release is announced as
[receipt] usable. See docs/release.md. A local build check does not
[receipt] verify what users download.
