scikit-learn version 1.9.0 is not supported. Minimum required version: 0.17. Maximum required version: 1.5.1. Disabling scikit-learn conversion API.
2026-09-13 04:10:46.824661: E external/local_xla/xla/stream_executor/cuda/cuda_dnn.cc:9261] Unable to register cuDNN factory: Attempting to register factory for plugin cuDNN when one has already been registered
2026-09-13 04:10:46.824708: E external/local_xla/xla/stream_executor/cuda/cuda_fft.cc:607] Unable to register cuFFT factory: Attempting to register factory for plugin cuFFT when one has already been registered
2026-09-13 04:10:46.825647: E external/local_xla/xla/stream_executor/cuda/cuda_blas.cc:1515] Unable to register cuBLAS factory: Attempting to register factory for plugin cuBLAS when one has already been registered
2026-09-13 04:10:46.830994: I tensorflow/core/platform/cpu_feature_guard.cc:182] This TensorFlow binary is optimized to use available CPU instructions in performance-critical operations.
To enable the following instructions: AVX2 FMA, in other operations, rebuild TensorFlow with the appropriate compiler flags.
AttributeError: 'MessageFactory' object has no attribute 'GetPrototype'
AttributeError: 'MessageFactory' object has no attribute 'GetPrototype'
AttributeError: 'MessageFactory' object has no attribute 'GetPrototype'
AttributeError: 'MessageFactory' object has no attribute 'GetPrototype'
2026-09-13 04:10:47.710133: W tensorflow/compiler/tf2tensorrt/utils/py_utils.cc:38] TF-TRT Warning: Could not find TensorRT
AttributeError: 'MessageFactory' object has no attribute 'GetPrototype'
TensorFlow version 2.15.0 has not been tested with coremltools. You may run into unexpected errors. TensorFlow 2.12.0 is the most recent version that has been tested.
Failed to load _MLModelProxy: No module named 'coremltools.libcoremlpython'
Failed to load _MLCPUComputeDeviceProxy: No module named 'coremltools.libcoremlpython'
Failed to load _MLGPUComputeDeviceProxy: No module named 'coremltools.libcoremlpython'
Failed to load _MLNeuralEngineComputeDeviceProxy: No module named 'coremltools.libcoremlpython'
Failed to load _MLModelProxy: No module named 'coremltools.libcoremlpython'
Failed to load _MLComputePlanProxy: No module named 'coremltools.libcoremlpython'
Failed to load _MLModelProxy: No module named 'coremltools.libcoremlpython'
Failed to load _MLModelAssetProxy: No module named 'coremltools.libcoremlpython'
.
----------------------------------------------------------------------
Ran 1 test in 19.920s

OK
