Processing ./dist/mlx_omarchy-0.32.2.dev202609090056+diag.95582a2-cp314-cp314-linux_aarch64.whl
Collecting annotated-doc==0.0.5 (from -r /home/joshuawarren/src/mlx-rope-drain-770ae465/receipts/2026-09-08-dense-final/requirements-baseline.txt (line 1))
  Using cached annotated_doc-0.0.5-py3-none-any.whl.metadata (6.5 kB)
Collecting anyio==4.15.1 (from -r /home/joshuawarren/src/mlx-rope-drain-770ae465/receipts/2026-09-08-dense-final/requirements-baseline.txt (line 2))
  Using cached anyio-4.15.1-py3-none-any.whl.metadata (4.7 kB)
Collecting certifi==2026.7.22 (from -r /home/joshuawarren/src/mlx-rope-drain-770ae465/receipts/2026-09-08-dense-final/requirements-baseline.txt (line 3))
  Using cached certifi-2026.7.22-py3-none-any.whl.metadata (2.5 kB)
Collecting click==8.5.0 (from -r /home/joshuawarren/src/mlx-rope-drain-770ae465/receipts/2026-09-08-dense-final/requirements-baseline.txt (line 4))
  Using cached click-8.5.0-py3-none-any.whl.metadata (2.6 kB)
Collecting filelock==3.32.5 (from -r /home/joshuawarren/src/mlx-rope-drain-770ae465/receipts/2026-09-08-dense-final/requirements-baseline.txt (line 5))
  Using cached filelock-3.32.5-py3-none-any.whl.metadata (2.0 kB)
Collecting fsspec==2026.7.0 (from -r /home/joshuawarren/src/mlx-rope-drain-770ae465/receipts/2026-09-08-dense-final/requirements-baseline.txt (line 6))
  Using cached fsspec-2026.7.0-py3-none-any.whl.metadata (10 kB)
Collecting h11==0.16.0 (from -r /home/joshuawarren/src/mlx-rope-drain-770ae465/receipts/2026-09-08-dense-final/requirements-baseline.txt (line 7))
  Using cached h11-0.16.0-py3-none-any.whl.metadata (8.3 kB)
Collecting hf-xet==1.6.0 (from -r /home/joshuawarren/src/mlx-rope-drain-770ae465/receipts/2026-09-08-dense-final/requirements-baseline.txt (line 8))
  Using cached hf_xet-1.6.0-cp38-abi3-manylinux_2_28_aarch64.whl.metadata (4.9 kB)
Collecting httpcore==1.0.9 (from -r /home/joshuawarren/src/mlx-rope-drain-770ae465/receipts/2026-09-08-dense-final/requirements-baseline.txt (line 9))
  Using cached httpcore-1.0.9-py3-none-any.whl.metadata (21 kB)
Collecting httpx==0.28.1 (from -r /home/joshuawarren/src/mlx-rope-drain-770ae465/receipts/2026-09-08-dense-final/requirements-baseline.txt (line 10))
  Using cached httpx-0.28.1-py3-none-any.whl.metadata (7.1 kB)
Collecting huggingface_hub==1.30.0 (from -r /home/joshuawarren/src/mlx-rope-drain-770ae465/receipts/2026-09-08-dense-final/requirements-baseline.txt (line 11))
  Using cached huggingface_hub-1.30.0-py3-none-any.whl.metadata (16 kB)
Collecting idna==3.19 (from -r /home/joshuawarren/src/mlx-rope-drain-770ae465/receipts/2026-09-08-dense-final/requirements-baseline.txt (line 12))
  Using cached idna-3.19-py3-none-any.whl.metadata (9.2 kB)
Collecting Jinja2==3.1.6 (from -r /home/joshuawarren/src/mlx-rope-drain-770ae465/receipts/2026-09-08-dense-final/requirements-baseline.txt (line 13))
  Using cached jinja2-3.1.6-py3-none-any.whl.metadata (2.9 kB)
Collecting markdown-it-py==4.2.0 (from -r /home/joshuawarren/src/mlx-rope-drain-770ae465/receipts/2026-09-08-dense-final/requirements-baseline.txt (line 14))
  Using cached markdown_it_py-4.2.0-py3-none-any.whl.metadata (7.4 kB)
Collecting MarkupSafe==3.0.3 (from -r /home/joshuawarren/src/mlx-rope-drain-770ae465/receipts/2026-09-08-dense-final/requirements-baseline.txt (line 15))
  Using cached markupsafe-3.0.3-cp314-cp314-manylinux2014_aarch64.manylinux_2_17_aarch64.manylinux_2_28_aarch64.whl.metadata (2.7 kB)
Collecting mdurl==0.1.2 (from -r /home/joshuawarren/src/mlx-rope-drain-770ae465/receipts/2026-09-08-dense-final/requirements-baseline.txt (line 16))
  Using cached mdurl-0.1.2-py3-none-any.whl.metadata (1.6 kB)
Collecting numpy==2.5.2 (from -r /home/joshuawarren/src/mlx-rope-drain-770ae465/receipts/2026-09-08-dense-final/requirements-baseline.txt (line 17))
  Using cached numpy-2.5.2-cp314-cp314-manylinux_2_27_aarch64.manylinux_2_28_aarch64.whl.metadata (6.6 kB)
Collecting packaging==26.3 (from -r /home/joshuawarren/src/mlx-rope-drain-770ae465/receipts/2026-09-08-dense-final/requirements-baseline.txt (line 18))
  Using cached packaging-26.3-py3-none-any.whl.metadata (3.5 kB)
Collecting protobuf==7.36.1 (from -r /home/joshuawarren/src/mlx-rope-drain-770ae465/receipts/2026-09-08-dense-final/requirements-baseline.txt (line 19))
  Using cached protobuf-7.36.1-cp310-abi3-manylinux2014_aarch64.whl.metadata (595 bytes)
Collecting Pygments==2.21.0 (from -r /home/joshuawarren/src/mlx-rope-drain-770ae465/receipts/2026-09-08-dense-final/requirements-baseline.txt (line 20))
  Using cached pygments-2.21.0-py3-none-any.whl.metadata (2.5 kB)
Collecting PyYAML==6.0.3 (from -r /home/joshuawarren/src/mlx-rope-drain-770ae465/receipts/2026-09-08-dense-final/requirements-baseline.txt (line 21))
  Using cached pyyaml-6.0.3-cp314-cp314-manylinux2014_aarch64.manylinux_2_17_aarch64.manylinux_2_28_aarch64.whl.metadata (2.4 kB)
Collecting regex==2026.9.3 (from -r /home/joshuawarren/src/mlx-rope-drain-770ae465/receipts/2026-09-08-dense-final/requirements-baseline.txt (line 22))
  Using cached regex-2026.9.3-cp314-cp314-manylinux2014_aarch64.manylinux_2_17_aarch64.manylinux_2_28_aarch64.whl.metadata (40 kB)
Collecting rich==15.0.0 (from -r /home/joshuawarren/src/mlx-rope-drain-770ae465/receipts/2026-09-08-dense-final/requirements-baseline.txt (line 23))
  Using cached rich-15.0.0-py3-none-any.whl.metadata (18 kB)
Collecting safetensors==0.8.0 (from -r /home/joshuawarren/src/mlx-rope-drain-770ae465/receipts/2026-09-08-dense-final/requirements-baseline.txt (line 24))
  Using cached safetensors-0.8.0-cp310-abi3-manylinux_2_17_aarch64.manylinux2014_aarch64.whl.metadata (4.2 kB)
Collecting sentencepiece==0.2.2 (from -r /home/joshuawarren/src/mlx-rope-drain-770ae465/receipts/2026-09-08-dense-final/requirements-baseline.txt (line 25))
  Using cached sentencepiece-0.2.2-cp314-cp314-manylinux_2_27_aarch64.manylinux_2_28_aarch64.whl.metadata (33 kB)
Collecting shellingham==1.5.4 (from -r /home/joshuawarren/src/mlx-rope-drain-770ae465/receipts/2026-09-08-dense-final/requirements-baseline.txt (line 26))
  Using cached shellingham-1.5.4-py2.py3-none-any.whl.metadata (3.5 kB)
Collecting tokenizers==0.23.2 (from -r /home/joshuawarren/src/mlx-rope-drain-770ae465/receipts/2026-09-08-dense-final/requirements-baseline.txt (line 27))
  Using cached tokenizers-0.23.2-cp310-abi3-manylinux_2_17_aarch64.manylinux2014_aarch64.whl.metadata (9.8 kB)
Collecting tqdm==4.70.0 (from -r /home/joshuawarren/src/mlx-rope-drain-770ae465/receipts/2026-09-08-dense-final/requirements-baseline.txt (line 28))
  Using cached tqdm-4.70.0-py3-none-any.whl.metadata (57 kB)
Collecting transformers==5.16.1 (from -r /home/joshuawarren/src/mlx-rope-drain-770ae465/receipts/2026-09-08-dense-final/requirements-baseline.txt (line 29))
  Using cached transformers-5.16.1-py3-none-any.whl.metadata (32 kB)
Collecting typer==0.27.2 (from -r /home/joshuawarren/src/mlx-rope-drain-770ae465/receipts/2026-09-08-dense-final/requirements-baseline.txt (line 30))
  Using cached typer-0.27.2-py3-none-any.whl.metadata (16 kB)
Collecting typing_extensions==4.16.0 (from -r /home/joshuawarren/src/mlx-rope-drain-770ae465/receipts/2026-09-08-dense-final/requirements-baseline.txt (line 31))
  Using cached typing_extensions-4.16.0-py3-none-any.whl.metadata (3.3 kB)
Using cached annotated_doc-0.0.5-py3-none-any.whl (5.3 kB)
Using cached anyio-4.15.1-py3-none-any.whl (132 kB)
Using cached certifi-2026.7.22-py3-none-any.whl (136 kB)
Using cached click-8.5.0-py3-none-any.whl (125 kB)
Using cached filelock-3.32.5-py3-none-any.whl (100 kB)
Using cached fsspec-2026.7.0-py3-none-any.whl (206 kB)
Using cached h11-0.16.0-py3-none-any.whl (37 kB)
Using cached hf_xet-1.6.0-cp38-abi3-manylinux_2_28_aarch64.whl (4.3 MB)
Using cached httpcore-1.0.9-py3-none-any.whl (78 kB)
Using cached httpx-0.28.1-py3-none-any.whl (73 kB)
Using cached huggingface_hub-1.30.0-py3-none-any.whl (796 kB)
Using cached idna-3.19-py3-none-any.whl (68 kB)
Using cached jinja2-3.1.6-py3-none-any.whl (134 kB)
Using cached markdown_it_py-4.2.0-py3-none-any.whl (91 kB)
Using cached markupsafe-3.0.3-cp314-cp314-manylinux2014_aarch64.manylinux_2_17_aarch64.manylinux_2_28_aarch64.whl (24 kB)
Using cached mdurl-0.1.2-py3-none-any.whl (10.0 kB)
Using cached numpy-2.5.2-cp314-cp314-manylinux_2_27_aarch64.manylinux_2_28_aarch64.whl (15.6 MB)
Using cached packaging-26.3-py3-none-any.whl (129 kB)
Using cached protobuf-7.36.1-cp310-abi3-manylinux2014_aarch64.whl (344 kB)
Using cached pygments-2.21.0-py3-none-any.whl (1.3 MB)
Using cached pyyaml-6.0.3-cp314-cp314-manylinux2014_aarch64.manylinux_2_17_aarch64.manylinux_2_28_aarch64.whl (766 kB)
Using cached regex-2026.9.3-cp314-cp314-manylinux2014_aarch64.manylinux_2_17_aarch64.manylinux_2_28_aarch64.whl (796 kB)
Using cached rich-15.0.0-py3-none-any.whl (310 kB)
Using cached safetensors-0.8.0-cp310-abi3-manylinux_2_17_aarch64.manylinux2014_aarch64.whl (502 kB)
Using cached sentencepiece-0.2.2-cp314-cp314-manylinux_2_27_aarch64.manylinux_2_28_aarch64.whl (1.3 MB)
Using cached shellingham-1.5.4-py2.py3-none-any.whl (9.8 kB)
Using cached tokenizers-0.23.2-cp310-abi3-manylinux_2_17_aarch64.manylinux2014_aarch64.whl (3.5 MB)
Using cached tqdm-4.70.0-py3-none-any.whl (80 kB)
Using cached transformers-5.16.1-py3-none-any.whl (12.1 MB)
Using cached typer-0.27.2-py3-none-any.whl (123 kB)
Using cached typing_extensions-4.16.0-py3-none-any.whl (45 kB)
Installing collected packages: typing_extensions, typer, transformers, tqdm, tokenizers, shellingham, sentencepiece, safetensors, rich, regex, PyYAML, Pygments, protobuf, packaging, numpy, mlx-omarchy, mdurl, MarkupSafe, markdown-it-py, Jinja2, idna, huggingface_hub, httpx, httpcore, hf-xet, h11, fsspec, filelock, click, certifi, anyio, annotated-doc

Successfully installed Jinja2-3.1.6 MarkupSafe-3.0.3 PyYAML-6.0.3 Pygments-2.21.0 annotated-doc-0.0.5 anyio-4.15.1 certifi-2026.7.22 click-8.5.0 filelock-3.32.5 fsspec-2026.7.0 h11-0.16.0 hf-xet-1.6.0 httpcore-1.0.9 httpx-0.28.1 huggingface_hub-1.30.0 idna-3.19 markdown-it-py-4.2.0 mdurl-0.1.2 mlx-omarchy-0.32.2.dev202609090056+diag.95582a2 numpy-2.5.2 packaging-26.3 protobuf-7.36.1 regex-2026.9.3 rich-15.0.0 safetensors-0.8.0 sentencepiece-0.2.2 shellingham-1.5.4 tokenizers-0.23.2 tqdm-4.70.0 transformers-5.16.1 typer-0.27.2 typing_extensions-4.16.0
